Archive member included to satisfy reference by file (symbol)

D:/devkitPro/libnds/lib\libmm9.a(mm_comms.o)
                              main.o (mmStart)
D:/devkitPro/libnds/lib\libmm9.a(mm_memory.o)
                              main.o (mmLoad)
D:/devkitPro/libnds/lib\libmm9.a(mm_main9.o)
                              D:/devkitPro/libnds/lib\libmm9.a(mm_memory.o) (mmcbMemory)
D:/devkitPro/libnds/lib\libmm9.a(mm_soundbank.o)
                              D:/devkitPro/libnds/lib\libmm9.a(mm_main9.o) (mmSoundBankInMemory)
D:/devkitPro/libnds/lib\libmm9.a(mm_flusher.o)
                              D:/devkitPro/libnds/lib\libmm9.a(mm_memory.o) (mmFlushBank)
D:/devkitPro/libnds/lib\libnds9.a(background.o)
                              main.o (bgIsText)
D:/devkitPro/libnds/lib\libnds9.a(sassert.o)
                              main.o (__sassert)
D:/devkitPro/libnds/lib\libnds9.a(sprite_alloc.o)
                              main.o (oamAllocateGfx)
D:/devkitPro/libnds/lib\libnds9.a(console.o)
                              main.o (consoleDemoInit)
D:/devkitPro/libnds/lib\libnds9.a(trig.o)
                              D:/devkitPro/libnds/lib\libnds9.a(background.o) (sinLerp)
D:/devkitPro/libnds/lib\libnds9.a(sprite.o)
                              main.o (oamInit)
D:/devkitPro/libnds/lib\libnds9.a(keys.o)
                              main.o (scanKeys)
D:/devkitPro/libnds/lib\libnds9.a(initSystem.o)
                              d:/devkitpro/devkitarm/bin/../lib/gcc/arm-none-eabi/10.2.0/../../../../arm-none-eabi/lib/thumb/ds_arm9_crt0.o (initSystem)
D:/devkitPro/libnds/lib\libnds9.a(timeSupport.o)
                              D:/devkitPro/libnds/lib\libnds9.a(initSystem.o) (__libnds_gtod)
D:/devkitPro/libnds/lib\libnds9.a(securearea.o)
                              d:/devkitpro/devkitarm/bin/../lib/gcc/arm-none-eabi/10.2.0/../../../../arm-none-eabi/lib/thumb/ds_arm9_crt0.o (__secure_area__)
D:/devkitPro/libnds/lib\libnds9.a(interrupts.o)
                              D:/devkitPro/libnds/lib\libnds9.a(initSystem.o) (irqInit)
D:/devkitPro/libnds/lib\libnds9.a(libnds_exit.arm.o)
                              d:/devkitpro/devkitarm/bin/../lib/gcc/arm-none-eabi/10.2.0/../../../../arm-none-eabi/lib/thumb/ds_arm9_crt0.o (__libnds_exit)
D:/devkitPro/libnds/lib\libnds9.a(fifosystem.o)
                              D:/devkitPro/libnds/lib\libmm9.a(mm_comms.o) (fifoSetValue32Handler)
D:/devkitPro/libnds/lib\libnds9.a(dcache.o)
                              D:/devkitPro/libnds/lib\libnds9.a(sprite.o) (DC_FlushRange)
D:/devkitPro/libnds/lib\libnds9.a(mpu_setup.o)
                              d:/devkitpro/devkitarm/bin/../lib/gcc/arm-none-eabi/10.2.0/../../../../arm-none-eabi/lib/thumb/ds_arm9_crt0.o (__libnds_mpu_setup)
D:/devkitPro/libnds/lib\libnds9.a(IntrWait.o)
                              main.o (swiWaitForVBlank)
D:/devkitPro/libnds/lib\libnds9.a(cpu_clock.o)
                              D:/devkitPro/libnds/lib\libnds9.a(initSystem.o) (setCpuClock)
D:/devkitPro/libnds/lib\libnds9.a(interruptDispatcher.o)
                              D:/devkitPro/libnds/lib\libnds9.a(interrupts.o) (IntrMain)
D:/devkitPro/libnds/lib\libnds9.a(debugprint.o)
                              D:/devkitPro/libnds/lib\libnds9.a(console.o) (nocashWrite)
D:/devkitPro/libnds/lib\libnds9.a(swiSoftReset.o)
                              D:/devkitPro/libnds/lib\libnds9.a(fifosystem.o) (swiSoftReset)
D:/devkitPro/libnds/lib\libnds9.a(default_font.bin.o)
                              D:/devkitPro/libnds/lib\libnds9.a(console.o) (default_font_bin)
D:/devkitPro/libnds/lib\libnds9.a(video.o)
                              D:/devkitPro/libnds/lib\libnds9.a(initSystem.o) (vramDefault)
D:/devkitPro/libnds/lib\libnds9.a(system.o)
                              D:/devkitPro/libnds/lib\libnds9.a(initSystem.o) (systemValueHandler)
D:/devkitPro/libnds/lib\libnds9.a(biosCalls.o)
                              D:/devkitPro/libnds/lib\libnds9.a(system.o) (swiDelay)
d:/devkitpro/devkitarm/bin/../lib/gcc/arm-none-eabi/10.2.0/thumb\libgcc.a(_divsi3.o)
                              main.o (__aeabi_idivmod)
d:/devkitpro/devkitarm/bin/../lib/gcc/arm-none-eabi/10.2.0/thumb\libgcc.a(_dvmd_tls.o)
                              d:/devkitpro/devkitarm/bin/../lib/gcc/arm-none-eabi/10.2.0/thumb\libgcc.a(_divsi3.o) (__aeabi_idiv0)
d:/devkitpro/devkitarm/bin/../lib/gcc/arm-none-eabi/10.2.0/../../../../arm-none-eabi/lib/thumb\libg.a(lib_a-bsearch.o)
                              D:/devkitPro/libnds/lib\libnds9.a(trig.o) (bsearch)
d:/devkitpro/devkitarm/bin/../lib/gcc/arm-none-eabi/10.2.0/../../../../arm-none-eabi/lib/thumb\libg.a(lib_a-fclose.o)
                              D:/devkitPro/libnds/lib\libmm9.a(mm_main9.o) (fclose)
d:/devkitpro/devkitarm/bin/../lib/gcc/arm-none-eabi/10.2.0/../../../../arm-none-eabi/lib/thumb\libg.a(lib_a-fflush.o)
[...]
Memory Configuration

Name             Origin             Length             Attributes
ewram            0x0000000002000000 0x0000000000380000
dtcm             0x0000000002ff0000 0x0000000000004000
vectors          0x0000000001000000 0x0000000000000100
itcm             0x0000000001000100 0x0000000000007f00
*default*        0x0000000000000000 0xffffffffffffffff

Linker script and memory map

                0x0000000002380000                __ewram_end = (ORIGIN (ewram) + LENGTH (ewram))
                0x0000000002380000                __eheap_end = (ORIGIN (ewram) + LENGTH (ewram))
                0x0000000002ff4000                __dtcm_top = (ORIGIN (dtcm) + LENGTH (dtcm))
                0x0000000002ff3ff8                __irq_flags = (__dtcm_top - 0x8)
                0x0000000002ff3ffc                __irq_vector = (__dtcm_top - 0x4)
                0x0000000002ff3f00                __sp_svc = (__dtcm_top - 0x100)
                0x0000000002ff3e00                __sp_irq = (__sp_svc - 0x100)
                0x0000000002ff3d00                __sp_usr = (__sp_irq - 0x100)

.secure         0x0000000002000000      0x800
 *(.secure)
 .secure        0x0000000002000000      0x800 D:/devkitPro/libnds/lib\libnds9.a(securearea.o)
                0x0000000002000000                __secure_area__

.crt0           0x0000000002000800      0x300
                0x0000000002000800                __text_start = .
 *(.crt0)
 .crt0          0x0000000002000800      0x300 d:/devkitpro/devkitarm/bin/../lib/gcc/arm-none-eabi/10.2.0/../../../../arm-none-eabi/lib/thumb/ds_arm9_crt0.o
                0x0000000002000800                _start
                0x0000000002000b00                . = ALIGN (0x4)

.plt
 *(.plt)

.init           0x0000000002000b00        0xc
 *(SORT_NONE(.init))
 .init          0x0000000002000b00        0x4 d:/devkitpro/devkitarm/bin/../lib/gcc/arm-none-eabi/10.2.0/thumb/crti.o
                0x0000000002000b00                _init
 .init          0x0000000002000b04        0x8 d:/devkitpro/devkitarm/bin/../lib/gcc/arm-none-eabi/10.2.0/thumb/crtn.o

.text           0x0000000002000b10     0xb240
 *(EXCLUDE_FILE(*.twl* *.vectors* *.itcm*) .text)
 .text          0x0000000002000b10      0x24c D:/devkitPro/libnds/lib\libmm9.a(mm_comms.o)
                0x0000000002000b10                mmSetupComms
                0x0000000002000b62                mmSendBank
                0x0000000002000b6c                mmLockChannels
                0x0000000002000b72                mmUnlockChannels
                0x0000000002000b78                mmStart
                0x0000000002000b82                mmPause
                0x0000000002000b86                mmResume
                0x0000000002000b8a                mmStop
                0x0000000002000b8e                mmPosition
                0x0000000002000b92                mmJingle
                0x0000000002000b96                mmSetModuleVolume
                0x0000000002000b9a                mmSetJingleVolume
                0x0000000002000b9e                mmSetModuleTempo
                0x0000000002000ba2                mmSetModulePitch
                0x0000000002000ba6                mmSetEffectsVolume
                0x0000000002000baa                mmSelectMode
                0x0000000002000bae                mmStreamBegin
                0x0000000002000bc2                mmStreamEnd
                0x0000000002000c18                mmEffect
                0x0000000002000c3c                mmEffectVolume
                0x0000000002000c40                mmEffectPanning
                0x0000000002000c44                mmEffectRate
                0x0000000002000c4e                mmEffectScaleRate
                0x0000000002000c58                mmEffectRelease
                0x0000000002000c5e                mmEffectCancel
                0x0000000002000c64                mmEffectEx
                0x0000000002000ca2                mmEffectCancelAll
                0x0000000002000ca6                mmReverbEnable
                0x0000000002000caa                mmReverbDisable
                0x0000000002000cae                mmReverbConfigure
                0x0000000002000d0a                mmReverbStart
                0x0000000002000d0e                mmReverbStop
 .text          0x0000000002000d5c      0x120 D:/devkitPro/libnds/lib\libmm9.a(mm_memory.o)
                0x0000000002000d5c                mmLoad
                0x0000000002000dac                mmUnload
                0x0000000002000e04                mmLoadEffect
                0x0000000002000e3c                mmUnloadEffect
 .text          0x0000000002000e7c      0x108 D:/devkitPro/libnds/lib\libmm9.a(mm_main9.o)
                0x0000000002000e7c                mmActive
                0x0000000002000e82                mmSetEventHandler
                0x0000000002000e88                mmInit
                0x0000000002000eb2                mmInitDefault
                0x0000000002000efc                mmInitDefaultMem
                0x0000000002000f1e                mmSuspendIRQ_t
                0x0000000002000f3c                mmRestoreIRQ_t
 .text          0x0000000002000f84      0x100 D:/devkitPro/libnds/lib\libmm9.a(mm_soundbank.o)
                0x0000000002000f84                mmSoundBankInMemory
                0x0000000002000f8c                mmSoundBankInFiles
                0x0000000002000f9e                mmSetCustomSoundBankHandler
                0x0000000002000fca                mmsHandleFileOp
 .text          0x0000000002001084       0x3c D:/devkitPro/libnds/lib\libmm9.a(mm_flusher.o)
                0x0000000002001084                mmFlushBank
 .text          0x00000000020010c0      0x150 d:/devkitpro/devkitarm/bin/../lib/gcc/arm-none-eabi/10.2.0/thumb\libgcc.a(_divsi3.o)
                0x00000000020010c0                __divsi3
                0x00000000020010c0                __aeabi_idiv
                0x00000000020011f0                __aeabi_idivmod
 .text          0x0000000002001210        0x4 d:/devkitpro/devkitarm/bin/../lib/gcc/arm-none-eabi/10.2.0/thumb\libgcc.a(_dvmd_tls.o)
                0x0000000002001210                __aeabi_idiv0
                0x0000000002001210                __aeabi_ldiv0
 .text          0x0000000002001214      0x224 d:/devkitpro/devkitarm/bin/../lib/gcc/arm-none-eabi/10.2.0/../../../../arm-none-eabi/lib/thumb\libg.a(lib_a-strcmp.o)
                0x0000000002001214                strcmp
 .text          0x0000000002001438       0x14 d:/devkitpro/devkitarm/bin/../lib/gcc/arm-none-eabi/10.2.0/thumb\libgcc.a(_thumb1_case_uqi.o)
                0x0000000002001438                __gnu_thumb1_case_uqi
 .text          0x000000000200144c       0x14 d:/devkitpro/devkitarm/bin/../lib/gcc/arm-none-eabi/10.2.0/thumb\libgcc.a(_thumb1_case_uhi.o)
                0x000000000200144c                __gnu_thumb1_case_uhi
 .text          0x0000000002001460      0x11c d:/devkitpro/devkitarm/bin/../lib/gcc/arm-none-eabi/10.2.0/thumb\libgcc.a(_udivsi3.o)
                0x0000000002001460                __aeabi_uidiv
                0x0000000002001460                __udivsi3
                0x000000000200155c                __aeabi_uidivmod
 .text          0x000000000200157c       0x3c d:/devkitpro/devkitarm/bin/../lib/gcc/arm-none-eabi/10.2.0/thumb\libgcc.a(_aeabi_uldivmod.o)
                0x000000000200157c                __aeabi_uldivmod
 .text          0x00000000020015b8       0x28 d:/devkitpro/devkitarm/bin/../lib/gcc/arm-none-eabi/10.2.0/thumb\libgcc.a(_clzdi2.o)
                0x00000000020015b8                __clzdi2
 .text          0x00000000020015e0       0x48 d:/devkitpro/devkitarm/bin/../lib/gcc/arm-none-eabi/10.2.0/thumb\libgcc.a(_clzsi2.o)
                0x00000000020015e0                __clzsi2
 *(EXCLUDE_FILE(*.twl* *.vectors* *.itcm*) .stub)
 *(EXCLUDE_FILE(*.twl* *.vectors* *.itcm*) .text.*)
 .text.__do_global_dtors_aux
                0x0000000002001628       0x2c d:/devkitpro/devkitarm/bin/../lib/gcc/arm-none-eabi/10.2.0/thumb/crtbegin.o
 .text.frame_dummy
                0x0000000002001654       0x24 d:/devkitpro/devkitarm/bin/../lib/gcc/arm-none-eabi/10.2.0/thumb/crtbegin.o
 .text.startup  0x0000000002001678      0x3b8 main.o
                0x0000000002001678                main
 .text.bgIsText
                0x0000000002001a30        0xc D:/devkitPro/libnds/lib\libnds9.a(background.o)
                0x0000000002001a30                bgIsText
 .text.checkIfText
                0x0000000002001a3c       0x5c D:/devkitPro/libnds/lib\libnds9.a(background.o)
                0x0000000002001a3c                checkIfText
 .text.bgUpdate
                0x0000000002001a98       0xf4 D:/devkitPro/libnds/lib\libnds9.a(background.o)
                0x0000000002001a98                bgUpdate
 .text.bgInit_call
                0x0000000002001b8c       0xc4 D:/devkitPro/libnds/lib\libnds9.a(background.o)
                0x0000000002001b8c                bgInit_call
 .text.bgInitSub_call
                0x0000000002001c50       0xcc D:/devkitPro/libnds/lib\libnds9.a(background.o)
                0x0000000002001c50                bgInitSub_call
 .text.__sassert
                0x0000000002001d1c       0x38 D:/devkitPro/libnds/lib\libnds9.a(sassert.o)
                0x0000000002001d1c                __sassert
 .text.oamAllocReset
                0x0000000002001d54       0x1c D:/devkitPro/libnds/lib\libnds9.a(sprite_alloc.o)
                0x0000000002001d54                oamAllocReset
 .text.oamAllocateGfx
                0x0000000002001d70      0x510 D:/devkitPro/libnds/lib\libnds9.a(sprite_alloc.o)
                0x0000000002001d70                oamAllocateGfx
 .text.newRow   0x0000000002002280       0xb0 D:/devkitPro/libnds/lib\libnds9.a(console.o)
 .text.consolePrintChar
                0x0000000002002330       0xec D:/devkitPro/libnds/lib\libnds9.a(console.o)
                0x0000000002002330                consolePrintChar
 .text.con_write
                0x000000000200241c      0x374 D:/devkitPro/libnds/lib\libnds9.a(console.o)
                0x000000000200241c                con_write
 .text.consoleLoadFont
                0x0000000002002790      0x2a8 D:/devkitPro/libnds/lib\libnds9.a(console.o)
                0x0000000002002790                consoleLoadFont
 .text.consoleInit
                0x0000000002002a38      0x194 D:/devkitPro/libnds/lib\libnds9.a(console.o)
                0x0000000002002a38                consoleInit
 .text.consoleDemoInit
                0x0000000002002bcc       0x40 D:/devkitPro/libnds/lib\libnds9.a(console.o)
                0x0000000002002bcc                consoleDemoInit
 .text.sinLutLookup
                0x0000000002002c0c       0x38 D:/devkitPro/libnds/lib\libnds9.a(trig.o)
                0x0000000002002c0c                sinLutLookup
 .text.sinLerp  0x0000000002002c44       0x40 D:/devkitPro/libnds/lib\libnds9.a(trig.o)
                0x0000000002002c44                sinLerp
 .text.cosLerp  0x0000000002002c84       0x4c D:/devkitPro/libnds/lib\libnds9.a(trig.o)
                0x0000000002002c84                cosLerp
 .text.oamInit  0x0000000002002cd0      0x118 D:/devkitPro/libnds/lib\libnds9.a(sprite.o)
                0x0000000002002cd0                oamInit
 .text.oamGetGfxPtr
                0x0000000002002de8       0x38 D:/devkitPro/libnds/lib\libnds9.a(sprite.o)
                0x0000000002002de8                oamGetGfxPtr
 .text.oamGfxPtrToOffset
                0x0000000002002e20       0x34 D:/devkitPro/libnds/lib\libnds9.a(sprite.o)
                0x0000000002002e20                oamGfxPtrToOffset
 .text.oamSet   0x0000000002002e54      0x11c D:/devkitPro/libnds/lib\libnds9.a(sprite.o)
                0x0000000002002e54                oamSet
 .text.oamUpdate
                0x0000000002002f70       0x60 D:/devkitPro/libnds/lib\libnds9.a(sprite.o)
                0x0000000002002f70                oamUpdate
 .text.scanKeys
                0x0000000002002fd0       0x8c D:/devkitPro/libnds/lib\libnds9.a(keys.o)
                0x0000000002002fd0                scanKeys
 .text.keysHeld
                0x000000000200305c        0xc D:/devkitPro/libnds/lib\libnds9.a(keys.o)
                0x000000000200305c                keysHeld
 .text.initSystem
                0x0000000002003068      0x198 D:/devkitPro/libnds/lib\libnds9.a(initSystem.o)
                0x0000000002003068                initSystem
 .text.__libnds_gtod
                0x0000000002003200       0x28 D:/devkitPro/libnds/lib\libnds9.a(timeSupport.o)
                0x0000000002003200                __libnds_gtod
 .text.irqDummy
                0x0000000002003228        0x4 D:/devkitPro/libnds/lib\libnds9.a(interrupts.o)
                0x0000000002003228                irqDummy
 .text.irqSet   0x000000000200322c       0x6c D:/devkitPro/libnds/lib\libnds9.a(interrupts.o)
                0x000000000200322c                irqSet
 .text.irqInit  0x0000000002003298       0x50 D:/devkitPro/libnds/lib\libnds9.a(interrupts.o)
                0x0000000002003298                irqInit
 .text.irqEnable
                0x00000000020032e8       0x64 D:/devkitPro/libnds/lib\libnds9.a(interrupts.o)
                0x00000000020032e8                irqEnable
 .text.systemErrorExit
                0x000000000200334c        0x4 D:/devkitPro/libnds/lib\libnds9.a(libnds_exit.arm.o)
                0x000000000200334c                systemErrorExit
 .text.__libnds_exit
                0x0000000002003350       0x5c D:/devkitPro/libnds/lib\libnds9.a(libnds_exit.arm.o)
                0x0000000002003350                __libnds_exit
 .text.fifo_queueBlock
                0x00000000020033ac       0x44 D:/devkitPro/libnds/lib\libnds9.a(fifosystem.o)
 .text.fifo_waitBlock
                0x00000000020033f0       0x80 D:/devkitPro/libnds/lib\libnds9.a(fifosystem.o)
 .text.fifoInternalSend.part.0
                0x0000000002003470       0xd4 D:/devkitPro/libnds/lib\libnds9.a(fifosystem.o)
 .text.fifoInternalSendInterrupt
                0x0000000002003544       0xa8 D:/devkitPro/libnds/lib\libnds9.a(fifosystem.o)
 .text.fifoSetValue32Handler
                0x00000000020035ec       0xd8 D:/devkitPro/libnds/lib\libnds9.a(fifosystem.o)
                0x00000000020035ec                fifoSetValue32Handler
 .text.fifoSendValue32
                0x00000000020036c4       0x4c D:/devkitPro/libnds/lib\libnds9.a(fifosystem.o)
                0x00000000020036c4                fifoSendValue32
 .text.fifoSendDatamsg
                0x0000000002003710       0x90 D:/devkitPro/libnds/lib\libnds9.a(fifosystem.o)
                0x0000000002003710                fifoSendDatamsg
 .text.fifoGetDatamsg
                0x00000000020037a0       0xf4 D:/devkitPro/libnds/lib\libnds9.a(fifosystem.o)
                0x00000000020037a0                fifoGetDatamsg
 .text.fifoInternalRecvInterrupt
                0x0000000002003894      0x380 D:/devkitPro/libnds/lib\libnds9.a(fifosystem.o)
 .text.fifoSetDatamsgHandler
                0x0000000002003c14       0x9c D:/devkitPro/libnds/lib\libnds9.a(fifosystem.o)
                0x0000000002003c14                fifoSetDatamsgHandler
 .text.fifoInit
                0x0000000002003cb0       0xf8 D:/devkitPro/libnds/lib\libnds9.a(fifosystem.o)
                0x0000000002003cb0                fifoInit
 .text.DC_FlushRange
                0x0000000002003da8       0x24 D:/devkitPro/libnds/lib\libnds9.a(dcache.o)
                0x0000000002003da8                DC_FlushRange
 .text.__libnds_mpu_setup
                0x0000000002003dcc      0x174 D:/devkitPro/libnds/lib\libnds9.a(mpu_setup.o)
                0x0000000002003dcc                __libnds_mpu_setup
 .text.memUncached
                0x0000000002003f40       0x20 D:/devkitPro/libnds/lib\libnds9.a(mpu_setup.o)
                0x0000000002003f40                memUncached
 .text.swiWaitForVBlank
                0x0000000002003f60        0x8 D:/devkitPro/libnds/lib\libnds9.a(IntrWait.o)
                0x0000000002003f60                swiWaitForVBlank
 .text.swiIntrWait
                0x0000000002003f68       0x70 D:/devkitPro/libnds/lib\libnds9.a(IntrWait.o)
                0x0000000002003f68                swiIntrWait
 .text.setCpuClock
                0x0000000002003fd8       0x50 D:/devkitPro/libnds/lib\libnds9.a(cpu_clock.o)
                0x0000000002003fd8                setCpuClock
 .text.swiSoftReset
                0x0000000002004028       0x2c D:/devkitPro/libnds/lib\libnds9.a(swiSoftReset.o)
                0x0000000002004028                swiSoftReset
 .text.vramDefault
                0x0000000002004054       0xd0 D:/devkitPro/libnds/lib\libnds9.a(video.o)
                0x0000000002004054                vramDefault
 .text.systemValueHandler
                0x0000000002004124       0x48 D:/devkitPro/libnds/lib\libnds9.a(system.o)
                0x0000000002004124                systemValueHandler
 .text.systemMsgHandler
                0x000000000200416c       0x60 D:/devkitPro/libnds/lib\libnds9.a(system.o)
                0x000000000200416c                systemMsgHandler
 .text.powerOn  0x00000000020041cc       0x2c D:/devkitPro/libnds/lib\libnds9.a(system.o)
                0x00000000020041cc                powerOn
 .text.swiDelay
                0x00000000020041f8        0x4 D:/devkitPro/libnds/lib\libnds9.a(biosCalls.o)
                0x00000000020041f8                swiDelay
 .text._fclose_r
                0x00000000020041fc       0xe8 d:/devkitpro/devkitarm/bin/../lib/gcc/arm-none-eabi/10.2.0/../../../../arm-none-eabi/lib/thumb\libg.a(lib_a-fclose.o)
                0x00000000020041fc                _fclose_r
 .text.fclose   0x00000000020042e4       0x14 d:/devkitpro/devkitarm/bin/../lib/gcc/arm-none-eabi/10.2.0/../../../../arm-none-eabi/lib/thumb\libg.a(lib_a-fclose.o)
                0x00000000020042e4                fclose
 .text.__sflush_r
                0x00000000020042f8      0x1c0 d:/devkitpro/devkitarm/bin/../lib/gcc/arm-none-eabi/10.2.0/../../../../arm-none-eabi/lib/thumb\libg.a(lib_a-fflush.o)
                0x00000000020042f8                __sflush_r
 .text._fflush_r
                0x00000000020044b8       0x70 d:/devkitpro/devkitarm/bin/../lib/gcc/arm-none-eabi/10.2.0/../../../../arm-none-eabi/lib/thumb\libg.a(lib_a-fflush.o)
                0x00000000020044b8                _fflush_r
 .text.fflush   0x0000000002004528       0x2c d:/devkitpro/devkitarm/bin/../lib/gcc/arm-none-eabi/10.2.0/../../../../arm-none-eabi/lib/thumb\libg.a(lib_a-fflush.o)
                0x0000000002004528                fflush
 .text._cleanup_r
                0x0000000002004554       0x14 d:/devkitpro/devkitarm/bin/../lib/gcc/arm-none-eabi/10.2.0/../../../../arm-none-eabi/lib/thumb\libg.a(lib_a-findfp.o)
                0x0000000002004554                _cleanup_r
 .text.__sinit  0x0000000002004568      0x124 d:/devkitpro/devkitarm/bin/../lib/gcc/arm-none-eabi/10.2.0/../../../../arm-none-eabi/lib/thumb\libg.a(lib_a-findfp.o)
                0x0000000002004568                __sinit
 .text.__sfp    0x000000000200468c       0xdc d:/devkitpro/devkitarm/bin/../lib/gcc/arm-none-eabi/10.2.0/../../../../arm-none-eabi/lib/thumb\libg.a(lib_a-findfp.o)
                0x000000000200468c                __sfp
 .text.__sfp_lock_acquire
                0x0000000002004768       0x14 d:/devkitpro/devkitarm/bin/../lib/gcc/arm-none-eabi/10.2.0/../../../../arm-none-eabi/lib/thumb\libg.a(lib_a-findfp.o)
                0x0000000002004768                __sfp_lock_acquire
 .text.__sfp_lock_release
                0x000000000200477c       0x14 d:/devkitpro/devkitarm/bin/../lib/gcc/arm-none-eabi/10.2.0/../../../../arm-none-eabi/lib/thumb\libg.a(lib_a-findfp.o)
                0x000000000200477c                __sfp_lock_release
 .text._fopen_r
                0x0000000002004790       0xb8 d:/devkitpro/devkitarm/bin/../lib/gcc/arm-none-eabi/10.2.0/../../../../arm-none-eabi/lib/thumb\libg.a(lib_a-fopen.o)
                0x0000000002004790                _fopen_r
 .text.fopen    0x0000000002004848       0x18 d:/devkitpro/devkitarm/bin/../lib/gcc/arm-none-eabi/10.2.0/../../../../arm-none-eabi/lib/thumb\libg.a(lib_a-fopen.o)
                0x0000000002004848                fopen
 .text._fread_r
                0x0000000002004860      0x1f0 d:/devkitpro/devkitarm/bin/../lib/gcc/arm-none-eabi/10.2.0/../../../../arm-none-eabi/lib/thumb\libg.a(lib_a-fread.o)
                0x0000000002004860                _fread_r
 .text.fread    0x0000000002004a50       0x24 d:/devkitpro/devkitarm/bin/../lib/gcc/arm-none-eabi/10.2.0/../../../../arm-none-eabi/lib/thumb\libg.a(lib_a-fread.o)
                0x0000000002004a50                fread
 .text._malloc_trim_r
                0x0000000002004a74       0xa0 d:/devkitpro/devkitarm/bin/../lib/gcc/arm-none-eabi/10.2.0/../../../../arm-none-eabi/lib/thumb\libg.a(lib_a-freer.o)
                0x0000000002004a74                _malloc_trim_r
 .text._free_r  0x0000000002004b14      0x1e0 d:/devkitpro/devkitarm/bin/../lib/gcc/arm-none-eabi/10.2.0/../../../../arm-none-eabi/lib/thumb\libg.a(lib_a-freer.o)
                0x0000000002004b14                _free_r
 .text._fseek_r
                0x0000000002004cf4       0x18 d:/devkitpro/devkitarm/bin/../lib/gcc/arm-none-eabi/10.2.0/../../../../arm-none-eabi/lib/thumb\libg.a(lib_a-fseek.o)
                0x0000000002004cf4                _fseek_r
 .text.fseek    0x0000000002004d0c       0x24 d:/devkitpro/devkitarm/bin/../lib/gcc/arm-none-eabi/10.2.0/../../../../arm-none-eabi/lib/thumb\libg.a(lib_a-fseek.o)
                0x0000000002004d0c                fseek
 .text._fseeko_r
                0x0000000002004d30      0x39c d:/devkitpro/devkitarm/bin/../lib/gcc/arm-none-eabi/10.2.0/../../../../arm-none-eabi/lib/thumb\libg.a(lib_a-fseeko.o)
                0x0000000002004d30                _fseeko_r
 .text._ftello_r
                0x00000000020050cc      0x118 d:/devkitpro/devkitarm/bin/../lib/gcc/arm-none-eabi/10.2.0/../../../../arm-none-eabi/lib/thumb\libg.a(lib_a-ftello.o)
                0x00000000020050cc                _ftello_r
 .text._fwalk   0x00000000020051e4       0x48 d:/devkitpro/devkitarm/bin/../lib/gcc/arm-none-eabi/10.2.0/../../../../arm-none-eabi/lib/thumb\libg.a(lib_a-fwalk.o)
                0x00000000020051e4                _fwalk
 .text._fwalk_reent
                0x000000000200522c       0x50 d:/devkitpro/devkitarm/bin/../lib/gcc/arm-none-eabi/10.2.0/../../../../arm-none-eabi/lib/thumb\libg.a(lib_a-fwalk.o)
                0x000000000200522c                _fwalk_reent
 .text.__libc_init_array
                0x000000000200527c       0x50 d:/devkitpro/devkitarm/bin/../lib/gcc/arm-none-eabi/10.2.0/../../../../arm-none-eabi/lib/thumb\libg.a(lib_a-init.o)
                0x000000000200527c                __libc_init_array
 .text.iprintf  0x00000000020052cc       0x24 d:/devkitpro/devkitarm/bin/../lib/gcc/arm-none-eabi/10.2.0/../../../../arm-none-eabi/lib/thumb\libg.a(lib_a-iprintf.o)
                0x00000000020052cc                iprintf
 .text.__smakebuf_r
                0x00000000020052f0       0xec d:/devkitpro/devkitarm/bin/../lib/gcc/arm-none-eabi/10.2.0/../../../../arm-none-eabi/lib/thumb\libg.a(lib_a-makebuf.o)
                0x00000000020052f0                __smakebuf_r
 .text.__swhatbuf_r
                0x00000000020053dc       0x64 d:/devkitpro/devkitarm/bin/../lib/gcc/arm-none-eabi/10.2.0/../../../../arm-none-eabi/lib/thumb\libg.a(lib_a-makebuf.o)
                0x00000000020053dc                __swhatbuf_r
 .text.malloc   0x0000000002005440       0x14 d:/devkitpro/devkitarm/bin/../lib/gcc/arm-none-eabi/10.2.0/../../../../arm-none-eabi/lib/thumb\libg.a(lib_a-malloc.o)
                0x0000000002005440                malloc
 .text.free     0x0000000002005454       0x14 d:/devkitpro/devkitarm/bin/../lib/gcc/arm-none-eabi/10.2.0/../../../../arm-none-eabi/lib/thumb\libg.a(lib_a-malloc.o)
                0x0000000002005454                free
 .text._malloc_r
                0x0000000002005468      0x59c d:/devkitpro/devkitarm/bin/../lib/gcc/arm-none-eabi/10.2.0/../../../../arm-none-eabi/lib/thumb\libg.a(lib_a-mallocr.o)
                0x0000000002005468                _malloc_r
 .text.memcpy   0x0000000002005a04       0xa8 d:/devkitpro/devkitarm/bin/../lib/gcc/arm-none-eabi/10.2.0/../../../../arm-none-eabi/lib/thumb\libg.a(lib_a-memcpy-stub.o)
                0x0000000002005a04                memcpy
 .text.memset   0x0000000002005aac       0xb0 d:/devkitpro/devkitarm/bin/../lib/gcc/arm-none-eabi/10.2.0/../../../../arm-none-eabi/lib/thumb\libg.a(lib_a-memset.o)
                0x0000000002005aac                memset
 .text.__malloc_lock
                0x0000000002005b5c       0x14 d:/devkitpro/devkitarm/bin/../lib/gcc/arm-none-eabi/10.2.0/../../../../arm-none-eabi/lib/thumb\libg.a(lib_a-mlock.o)
                0x0000000002005b5c                __malloc_lock
 .text.__malloc_unlock
                0x0000000002005b70       0x14 d:/devkitpro/devkitarm/bin/../lib/gcc/arm-none-eabi/10.2.0/../../../../arm-none-eabi/lib/thumb\libg.a(lib_a-mlock.o)
                0x0000000002005b70                __malloc_unlock
 .text.srand    0x0000000002005b84       0x18 d:/devkitpro/devkitarm/bin/../lib/gcc/arm-none-eabi/10.2.0/../../../../arm-none-eabi/lib/thumb\libg.a(lib_a-rand.o)
                0x0000000002005b84                srand
 .text.rand     0x0000000002005b9c       0x34 d:/devkitpro/devkitarm/bin/../lib/gcc/arm-none-eabi/10.2.0/../../../../arm-none-eabi/lib/thumb\libg.a(lib_a-rand.o)
                0x0000000002005b9c                rand
 .text.realloc  0x0000000002005bd0       0x18 d:/devkitpro/devkitarm/bin/../lib/gcc/arm-none-eabi/10.2.0/../../../../arm-none-eabi/lib/thumb\libg.a(lib_a-realloc.o)
                0x0000000002005bd0                realloc
 .text._realloc_r
                0x0000000002005be8      0x38c d:/devkitpro/devkitarm/bin/../lib/gcc/arm-none-eabi/10.2.0/../../../../arm-none-eabi/lib/thumb\libg.a(lib_a-reallocr.o)
                0x0000000002005be8                _realloc_r
 .text.lflush   0x0000000002005f74       0x20 d:/devkitpro/devkitarm/bin/../lib/gcc/arm-none-eabi/10.2.0/../../../../arm-none-eabi/lib/thumb\libg.a(lib_a-refill.o)
 .text.__srefill_r
                0x0000000002005f94      0x118 d:/devkitpro/devkitarm/bin/../lib/gcc/arm-none-eabi/10.2.0/../../../../arm-none-eabi/lib/thumb\libg.a(lib_a-refill.o)
                0x0000000002005f94                __srefill_r
 .text.setvbuf  0x00000000020060ac      0x1ac d:/devkitpro/devkitarm/bin/../lib/gcc/arm-none-eabi/10.2.0/../../../../arm-none-eabi/lib/thumb\libg.a(lib_a-setvbuf.o)
                0x00000000020060ac                setvbuf
 .text.siscanf  0x0000000002006258       0x4c d:/devkitpro/devkitarm/bin/../lib/gcc/arm-none-eabi/10.2.0/../../../../arm-none-eabi/lib/thumb\libg.a(lib_a-siscanf.o)
                0x0000000002006258                siscanf
 .text.__sread  0x00000000020062a4       0x34 d:/devkitpro/devkitarm/bin/../lib/gcc/arm-none-eabi/10.2.0/../../../../arm-none-eabi/lib/thumb\libg.a(lib_a-stdio.o)
                0x00000000020062a4                __sread
 .text.__seofread
                0x00000000020062d8        0x4 d:/devkitpro/devkitarm/bin/../lib/gcc/arm-none-eabi/10.2.0/../../../../arm-none-eabi/lib/thumb\libg.a(lib_a-stdio.o)
                0x00000000020062d8                __seofread
 .text.__swrite
                0x00000000020062dc       0x54 d:/devkitpro/devkitarm/bin/../lib/gcc/arm-none-eabi/10.2.0/../../../../arm-none-eabi/lib/thumb\libg.a(lib_a-stdio.o)
                0x00000000020062dc                __swrite
 .text.__sseek  0x0000000002006330       0x40 d:/devkitpro/devkitarm/bin/../lib/gcc/arm-none-eabi/10.2.0/../../../../arm-none-eabi/lib/thumb\libg.a(lib_a-stdio.o)
                0x0000000002006330                __sseek
 .text.__sclose
                0x0000000002006370       0x10 d:/devkitpro/devkitarm/bin/../lib/gcc/arm-none-eabi/10.2.0/../../../../arm-none-eabi/lib/thumb\libg.a(lib_a-stdio.o)
                0x0000000002006370                __sclose
 .text.strlen   0x0000000002006380       0x60 d:/devkitpro/devkitarm/bin/../lib/gcc/arm-none-eabi/10.2.0/../../../../arm-none-eabi/lib/thumb\libg.a(lib_a-strlen-stub.o)
                0x0000000002006380                strlen
 .text.get_arg  0x00000000020063e0       0x32 d:/devkitpro/devkitarm/bin/../lib/gcc/arm-none-eabi/10.2.0/../../../../arm-none-eabi/lib/thumb\libg.a(lib_a-svfiscanf.o)
 .text._sungetc_r
                0x0000000002006412       0x7e d:/devkitpro/devkitarm/bin/../lib/gcc/arm-none-eabi/10.2.0/../../../../arm-none-eabi/lib/thumb\libg.a(lib_a-svfiscanf.o)
                0x0000000002006412                _sungetc_r
 .text.__ssrefill_r
                0x0000000002006490       0x42 d:/devkitpro/devkitarm/bin/../lib/gcc/arm-none-eabi/10.2.0/../../../../arm-none-eabi/lib/thumb\libg.a(lib_a-svfiscanf.o)
                0x0000000002006490                __ssrefill_r
 .text._sfread_r
                0x00000000020064d2       0x8a d:/devkitpro/devkitarm/bin/../lib/gcc/arm-none-eabi/10.2.0/../../../../arm-none-eabi/lib/thumb\libg.a(lib_a-svfiscanf.o)
                0x00000000020064d2                _sfread_r
 .text.__ssvfiscanf_r
                0x000000000200655c     0x1b6c d:/devkitpro/devkitarm/bin/../lib/gcc/arm-none-eabi/10.2.0/../../../../arm-none-eabi/lib/thumb\libg.a(lib_a-svfiscanf.o)
                0x000000000200655c                __ssvfiscanf_r
 .text.time     0x00000000020080c8       0x34 d:/devkitpro/devkitarm/bin/../lib/gcc/arm-none-eabi/10.2.0/../../../../arm-none-eabi/lib/thumb\libg.a(lib_a-time.o)
                0x00000000020080c8                time
 .text.__submore
                0x00000000020080fc       0x88 d:/devkitpro/devkitarm/bin/../lib/gcc/arm-none-eabi/10.2.0/../../../../arm-none-eabi/lib/thumb\libg.a(lib_a-ungetc.o)
                0x00000000020080fc                __submore
 .text.get_arg  0x0000000002008184      0x3f0 d:/devkitpro/devkitarm/bin/../lib/gcc/arm-none-eabi/10.2.0/../../../../arm-none-eabi/lib/thumb\libg.a(lib_a-vfiprintf.o)
 .text.__sprint_r
                0x0000000002008574       0x20 d:/devkitpro/devkitarm/bin/../lib/gcc/arm-none-eabi/10.2.0/../../../../arm-none-eabi/lib/thumb\libg.a(lib_a-vfiprintf.o)
                0x0000000002008574                __sprint_r
 .text._vfiprintf_r
                0x0000000002008594     0x1800 d:/devkitpro/devkitarm/bin/../lib/gcc/arm-none-eabi/10.2.0/../../../../arm-none-eabi/lib/thumb\libg.a(lib_a-vfiprintf.o)
                0x0000000002008594                _vfiprintf_r
 .text.__sbprintf
                0x0000000002009d94       0x8c d:/devkitpro/devkitarm/bin/../lib/gcc/arm-none-eabi/10.2.0/../../../../arm-none-eabi/lib/thumb\libg.a(lib_a-vfiprintf.o)
 .text.viprintf
                0x0000000002009e20       0x1c d:/devkitpro/devkitarm/bin/../lib/gcc/arm-none-eabi/10.2.0/../../../../arm-none-eabi/lib/thumb\libg.a(lib_a-viprintf.o)
                0x0000000002009e20                viprintf
 .text._wcrtomb_r
                0x0000000002009e3c       0x5c d:/devkitpro/devkitarm/bin/../lib/gcc/arm-none-eabi/10.2.0/../../../../arm-none-eabi/lib/thumb\libg.a(lib_a-wcrtomb.o)
                0x0000000002009e3c                _wcrtomb_r
 .text._wcsrtombs_r
                0x0000000002009e98       0x1c d:/devkitpro/devkitarm/bin/../lib/gcc/arm-none-eabi/10.2.0/../../../../arm-none-eabi/lib/thumb\libg.a(lib_a-wcsrtombs.o)
                0x0000000002009e98                _wcsrtombs_r
 .text.__swsetup_r
                0x0000000002009eb4       0xe4 d:/devkitpro/devkitarm/bin/../lib/gcc/arm-none-eabi/10.2.0/../../../../arm-none-eabi/lib/thumb\libg.a(lib_a-wsetup.o)
                0x0000000002009eb4                __swsetup_r
 .text.__sflags
                0x0000000002009f98       0xa4 d:/devkitpro/devkitarm/bin/../lib/gcc/arm-none-eabi/10.2.0/../../../../arm-none-eabi/lib/thumb\libg.a(lib_a-flags.o)
                0x0000000002009f98                __sflags
 .text.__sfvwrite_r
                0x000000000200a03c      0x324 d:/devkitpro/devkitarm/bin/../lib/gcc/arm-none-eabi/10.2.0/../../../../arm-none-eabi/lib/thumb\libg.a(lib_a-fvwrite.o)
                0x000000000200a03c                __sfvwrite_r
 .text.iswspace
                0x000000000200a360       0x10 d:/devkitpro/devkitarm/bin/../lib/gcc/arm-none-eabi/10.2.0/../../../../arm-none-eabi/lib/thumb\libg.a(lib_a-iswspace.o)
                0x000000000200a360                iswspace
 .text._localeconv_r
                0x000000000200a370        0x8 d:/devkitpro/devkitarm/bin/../lib/gcc/arm-none-eabi/10.2.0/../../../../arm-none-eabi/lib/thumb\libg.a(lib_a-localeconv.o)
                0x000000000200a370                _localeconv_r
 .text.__locale_mb_cur_max
                0x000000000200a378       0x10 d:/devkitpro/devkitarm/bin/../lib/gcc/arm-none-eabi/10.2.0/../../../../arm-none-eabi/lib/thumb\libg.a(lib_a-locale.o)
                0x000000000200a378                __locale_mb_cur_max
 .text._mbrtowc_r
                0x000000000200a388       0x60 d:/devkitpro/devkitarm/bin/../lib/gcc/arm-none-eabi/10.2.0/../../../../arm-none-eabi/lib/thumb\libg.a(lib_a-mbrtowc.o)
                0x000000000200a388                _mbrtowc_r
 .text.__utf8_mbtowc
                0x000000000200a3e8      0x280 d:/devkitpro/devkitarm/bin/../lib/gcc/arm-none-eabi/10.2.0/../../../../arm-none-eabi/lib/thumb\libg.a(lib_a-mbtowc_r.o)
                0x000000000200a3e8                __utf8_mbtowc
 .text.memchr   0x000000000200a668       0x78 d:/devkitpro/devkitarm/bin/../lib/gcc/arm-none-eabi/10.2.0/../../../../arm-none-eabi/lib/thumb\libg.a(lib_a-memchr-stub.o)
                0x000000000200a668                memchr
 .text.memmove  0x000000000200a6e0       0xbc d:/devkitpro/devkitarm/bin/../lib/gcc/arm-none-eabi/10.2.0/../../../../arm-none-eabi/lib/thumb\libg.a(lib_a-memmove.o)
                0x000000000200a6e0                memmove
 .text.__sccl   0x000000000200a79c       0x90 d:/devkitpro/devkitarm/bin/../lib/gcc/arm-none-eabi/10.2.0/../../../../arm-none-eabi/lib/thumb\libg.a(lib_a-sccl.o)
                0x000000000200a79c                __sccl
 .text.strchr   0x000000000200a82c       0xc8 d:/devkitpro/devkitarm/bin/../lib/gcc/arm-none-eabi/10.2.0/../../../../arm-none-eabi/lib/thumb\libg.a(lib_a-strchr.o)
                0x000000000200a82c                strchr
 .text.strncmp  0x000000000200a8f4       0x78 d:/devkitpro/devkitarm/bin/../lib/gcc/arm-none-eabi/10.2.0/../../../../arm-none-eabi/lib/thumb\libg.a(lib_a-strncmp.o)
                0x000000000200a8f4                strncmp
 .text.strncpy  0x000000000200a96c       0x74 d:/devkitpro/devkitarm/bin/../lib/gcc/arm-none-eabi/10.2.0/../../../../arm-none-eabi/lib/thumb\libg.a(lib_a-strncpy.o)
                0x000000000200a96c                strncpy
 .text._strtoll_l.constprop.0
                0x000000000200a9e0      0x1ac d:/devkitpro/devkitarm/bin/../lib/gcc/arm-none-eabi/10.2.0/../../../../arm-none-eabi/lib/thumb\libg.a(lib_a-strtoll.o)
 .text._strtoll_r
                0x000000000200ab8c        0xc d:/devkitpro/devkitarm/bin/../lib/gcc/arm-none-eabi/10.2.0/../../../../arm-none-eabi/lib/thumb\libg.a(lib_a-strtoll.o)
                0x000000000200ab8c                _strtoll_r
 .text._strtol_l.part.0
                0x000000000200ab98      0x150 d:/devkitpro/devkitarm/bin/../lib/gcc/arm-none-eabi/10.2.0/../../../../arm-none-eabi/lib/thumb\libg.a(lib_a-strtol.o)
 .text._strtol_r
                0x000000000200ace8       0x20 d:/devkitpro/devkitarm/bin/../lib/gcc/arm-none-eabi/10.2.0/../../../../arm-none-eabi/lib/thumb\libg.a(lib_a-strtol.o)
                0x000000000200ace8                _strtol_r
 .text._strtoull_l.constprop.0
                0x000000000200ad08      0x1c8 d:/devkitpro/devkitarm/bin/../lib/gcc/arm-none-eabi/10.2.0/../../../../arm-none-eabi/lib/thumb\libg.a(lib_a-strtoull.o)
 .text._strtoull_r
                0x000000000200aed0        0xc d:/devkitpro/devkitarm/bin/../lib/gcc/arm-none-eabi/10.2.0/../../../../arm-none-eabi/lib/thumb\libg.a(lib_a-strtoull.o)
                0x000000000200aed0                _strtoull_r
 .text._strtoul_l.constprop.0
                0x000000000200aedc      0x148 d:/devkitpro/devkitarm/bin/../lib/gcc/arm-none-eabi/10.2.0/../../../../arm-none-eabi/lib/thumb\libg.a(lib_a-strtoul.o)
 .text._strtoul_r
                0x000000000200b024        0xc d:/devkitpro/devkitarm/bin/../lib/gcc/arm-none-eabi/10.2.0/../../../../arm-none-eabi/lib/thumb\libg.a(lib_a-strtoul.o)
                0x000000000200b024                _strtoul_r
 .text._wcsnrtombs_l
                0x000000000200b030      0x138 d:/devkitpro/devkitarm/bin/../lib/gcc/arm-none-eabi/10.2.0/../../../../arm-none-eabi/lib/thumb\libg.a(lib_a-wcsnrtombs.o)
                0x000000000200b030                _wcsnrtombs_l
 .text._wcsnrtombs_r
                0x000000000200b168       0x30 d:/devkitpro/devkitarm/bin/../lib/gcc/arm-none-eabi/10.2.0/../../../../arm-none-eabi/lib/thumb\libg.a(lib_a-wcsnrtombs.o)
                0x000000000200b168                _wcsnrtombs_r
 .text.__utf8_wctomb
                0x000000000200b198       0xb4 d:/devkitpro/devkitarm/bin/../lib/gcc/arm-none-eabi/10.2.0/../../../../arm-none-eabi/lib/thumb\libg.a(lib_a-wctomb_r.o)
                0x000000000200b198                __utf8_wctomb
 .text.__errno  0x000000000200b24c        0xc d:/devkitpro/devkitarm/bin/../lib/gcc/arm-none-eabi/10.2.0/../../../../arm-none-eabi/lib/thumb\libg.a(lib_a-errno.o)
                0x000000000200b24c                __errno
 .text.iswspace_l
                0x000000000200b258       0x2c d:/devkitpro/devkitarm/bin/../lib/gcc/arm-none-eabi/10.2.0/../../../../arm-none-eabi/lib/thumb\libg.a(lib_a-iswspace_l.o)
                0x000000000200b258                iswspace_l
 .text.__jp2uc  0x000000000200b284      0x164 d:/devkitpro/devkitarm/bin/../lib/gcc/arm-none-eabi/10.2.0/../../../../arm-none-eabi/lib/thumb\libg.a(lib_a-jp2uc.o)
 .text._jp2uc_l
                0x000000000200b3e8       0x6c d:/devkitpro/devkitarm/bin/../lib/gcc/arm-none-eabi/10.2.0/../../../../arm-none-eabi/lib/thumb\libg.a(lib_a-jp2uc.o)
                0x000000000200b3e8                _jp2uc_l
 .text.category
                0x000000000200b454       0x54 d:/devkitpro/devkitarm/bin/../lib/gcc/arm-none-eabi/10.2.0/../../../../arm-none-eabi/lib/thumb\libg.a(lib_a-categories.o)
                0x000000000200b454                category
 .text.null_write
                0x000000000200b4a8        0x4 d:/devkitpro/devkitarm/bin/../lib/gcc/arm-none-eabi/10.2.0/../../../../arm-none-eabi/lib/thumb\libsysbase.a(iosupport.o)
 .text.FindDevice
                0x000000000200b4ac       0x98 d:/devkitpro/devkitarm/bin/../lib/gcc/arm-none-eabi/10.2.0/../../../../arm-none-eabi/lib/thumb\libsysbase.a(iosupport.o)
                0x000000000200b4ac                FindDevice
 .text._fstat_r
                0x000000000200b544       0x4c d:/devkitpro/devkitarm/bin/../lib/gcc/arm-none-eabi/10.2.0/../../../../arm-none-eabi/lib/thumb\libsysbase.a(fstat.o)
                0x000000000200b544                _fstat_r
 .text._gettimeofday_r
                0x000000000200b590       0x28 d:/devkitpro/devkitarm/bin/../lib/gcc/arm-none-eabi/10.2.0/../../../../arm-none-eabi/lib/thumb\libsysbase.a(gettod.o)
                0x000000000200b590                _gettimeofday_r
 .text._isatty_r
                0x000000000200b5b8        0x4 d:/devkitpro/devkitarm/bin/../lib/gcc/arm-none-eabi/10.2.0/../../../../arm-none-eabi/lib/thumb\libsysbase.a(isatty.o)
                0x000000000200b5b8                _isatty_r
 .text._lseek_r
                0x000000000200b5bc       0x5c d:/devkitpro/devkitarm/bin/../lib/gcc/arm-none-eabi/10.2.0/../../../../arm-none-eabi/lib/thumb\libsysbase.a(lseek.o)
                0x000000000200b5bc                _lseek_r
 .text._open_r  0x000000000200b618       0x9c d:/devkitpro/devkitarm/bin/../lib/gcc/arm-none-eabi/10.2.0/../../../../arm-none-eabi/lib/thumb\libsysbase.a(open.o)
                0x000000000200b618                _open_r
 .text._read_r  0x000000000200b6b4       0x50 d:/devkitpro/devkitarm/bin/../lib/gcc/arm-none-eabi/10.2.0/../../../../arm-none-eabi/lib/thumb\libsysbase.a(read.o)
                0x000000000200b6b4                _read_r
 .text._sbrk_r  0x000000000200b704       0x54 d:/devkitpro/devkitarm/bin/../lib/gcc/arm-none-eabi/10.2.0/../../../../arm-none-eabi/lib/thumb\libsysbase.a(sbrk.o)
                0x000000000200b704                _sbrk_r
 .text._write_r
                0x000000000200b758       0x50 d:/devkitpro/devkitarm/bin/../lib/gcc/arm-none-eabi/10.2.0/../../../../arm-none-eabi/lib/thumb\libsysbase.a(write.o)
                0x000000000200b758                _write_r
 .text.build_argv
                0x000000000200b7a8       0x4c d:/devkitpro/devkitarm/bin/../lib/gcc/arm-none-eabi/10.2.0/../../../../arm-none-eabi/lib/thumb\libsysbase.a(build_argv.o)
                0x000000000200b7a8                build_argv
 .text.__flockfile
                0x000000000200b7f4       0x10 d:/devkitpro/devkitarm/bin/../lib/gcc/arm-none-eabi/10.2.0/../../../../arm-none-eabi/lib/thumb\libsysbase.a(flock.o)
                0x000000000200b7f4                __flockfile
 .text.__funlockfile
                0x000000000200b804       0x10 d:/devkitpro/devkitarm/bin/../lib/gcc/arm-none-eabi/10.2.0/../../../../arm-none-eabi/lib/thumb\libsysbase.a(flock.o)
                0x000000000200b804                __funlockfile
 .text.__libc_lock_acquire
                0x000000000200b814       0x1c d:/devkitpro/devkitarm/bin/../lib/gcc/arm-none-eabi/10.2.0/../../../../arm-none-eabi/lib/thumb\libsysbase.a(syscall_support.o)
                0x000000000200b814                __libc_lock_acquire
 .text.__libc_lock_release
                0x000000000200b830       0x1c d:/devkitpro/devkitarm/bin/../lib/gcc/arm-none-eabi/10.2.0/../../../../arm-none-eabi/lib/thumb\libsysbase.a(syscall_support.o)
                0x000000000200b830                __libc_lock_release
 .text.__libc_lock_init_recursive
                0x000000000200b84c       0x1c d:/devkitpro/devkitarm/bin/../lib/gcc/arm-none-eabi/10.2.0/../../../../arm-none-eabi/lib/thumb\libsysbase.a(syscall_support.o)
                0x000000000200b84c                __libc_lock_init_recursive
 .text.__libc_lock_acquire_recursive
                0x000000000200b868       0x1c d:/devkitpro/devkitarm/bin/../lib/gcc/arm-none-eabi/10.2.0/../../../../arm-none-eabi/lib/thumb\libsysbase.a(syscall_support.o)
                0x000000000200b868                __libc_lock_acquire_recursive
 .text.__libc_lock_release_recursive
                0x000000000200b884       0x1c d:/devkitpro/devkitarm/bin/../lib/gcc/arm-none-eabi/10.2.0/../../../../arm-none-eabi/lib/thumb\libsysbase.a(syscall_support.o)
                0x000000000200b884                __libc_lock_release_recursive
 .text.__libc_lock_close_recursive
                0x000000000200b8a0       0x1c d:/devkitpro/devkitarm/bin/../lib/gcc/arm-none-eabi/10.2.0/../../../../arm-none-eabi/lib/thumb\libsysbase.a(syscall_support.o)
                0x000000000200b8a0                __libc_lock_close_recursive
 .text.__release_handle
                0x000000000200b8bc       0x68 d:/devkitpro/devkitarm/bin/../lib/gcc/arm-none-eabi/10.2.0/../../../../arm-none-eabi/lib/thumb\libsysbase.a(handle_manager.o)
                0x000000000200b8bc                __release_handle
 .text.__alloc_handle
                0x000000000200b924       0x80 d:/devkitpro/devkitarm/bin/../lib/gcc/arm-none-eabi/10.2.0/../../../../arm-none-eabi/lib/thumb\libsysbase.a(handle_manager.o)
                0x000000000200b924                __alloc_handle
 .text.__get_handle
                0x000000000200b9a4       0x34 d:/devkitpro/devkitarm/bin/../lib/gcc/arm-none-eabi/10.2.0/../../../../arm-none-eabi/lib/thumb\libsysbase.a(handle_manager.o)
                0x000000000200b9a4                __get_handle
 .text._close_r
                0x000000000200b9d8       0xb8 d:/devkitpro/devkitarm/bin/../lib/gcc/arm-none-eabi/10.2.0/../../../../arm-none-eabi/lib/thumb\libsysbase.a(handle_manager.o)
                0x000000000200b9d8                _close_r
 .text.__getreent
                0x000000000200ba90       0x28 d:/devkitpro/devkitarm/bin/../lib/gcc/arm-none-eabi/10.2.0/../../../../arm-none-eabi/lib/thumb\libsysbase.a(getreent.o)
                0x000000000200ba90                __getreent
 .text.__muldi3
                0x000000000200bab8       0x54 d:/devkitpro/devkitarm/bin/../lib/gcc/arm-none-eabi/10.2.0/thumb\libgcc.a(_muldi3.o)
                0x000000000200bab8                __muldi3
                0x000000000200bab8                __aeabi_lmul
 .text.__udivmoddi4
                0x000000000200bb0c      0x19c d:/devkitpro/devkitarm/bin/../lib/gcc/arm-none-eabi/10.2.0/thumb\libgcc.a(_udivmoddi4.o)
                0x000000000200bb0c                __udivmoddi4
 .text.__udivmoddi4.__stub
                0x000000000200bca8       0x98 linker stubs
 *(EXCLUDE_FILE(*.twl*) .gnu.warning)
 *(EXCLUDE_FILE(*.twl*) .gnu.linkonce.t*)
 *(.glue_7)
 .glue_7        0x000000000200bd50        0x0 linker stubs
 *(.glue_7t)
 .glue_7t       0x000000000200bd50        0x0 linker stubs
                0x000000000200bd50                . = ALIGN (0x4)

.vfp11_veneer   0x000000000200bd50        0x0
 .vfp11_veneer  0x000000000200bd50        0x0 linker stubs

.v4_bx          0x000000000200bd50        0x0
 .v4_bx         0x000000000200bd50        0x0 linker stubs

.iplt           0x000000000200bd50        0x0
 .iplt          0x000000000200bd50        0x0 d:/devkitpro/devkitarm/bin/../lib/gcc/arm-none-eabi/10.2.0/../../../../arm-none-eabi/lib/thumb/ds_arm9_crt0.o

.fini           0x000000000200bd50        0xc
 *(.fini)
 .fini          0x000000000200bd50        0x4 d:/devkitpro/devkitarm/bin/../lib/gcc/arm-none-eabi/10.2.0/thumb/crti.o
                0x000000000200bd50                _fini
 .fini          0x000000000200bd54        0x8 d:/devkitpro/devkitarm/bin/../lib/gcc/arm-none-eabi/10.2.0/thumb/crtn.o
                0x000000000200bd5c                __text_end = .

.rodata         0x000000000200bd60    0x572f8
 *(EXCLUDE_FILE(*.twl*) .rodata)
 .rodata        0x000000000200bd60      0x420 barrel.o
                0x000000000200bd60                barrelTiles
                0x000000000200c160                barrelPal
 .rodata        0x000000000200c180      0x420 ship.o
                0x000000000200c180                shipTiles
                0x000000000200c580                shipPal
 .rodata        0x000000000200c5a0    0x2a600 starfield.o
                0x000000000200c5a0                starfieldTiles
                0x00000000020369a0                starfieldPal
 *all.rodata*(*)
 *(EXCLUDE_FILE(*.twl*) .roda)
 *(EXCLUDE_FILE(*.twl*) .rodata.*)
 .rodata.soundbank_bin
                0x0000000002036ba0    0x23594 soundbank.bin.o
                0x0000000002036ba0                soundbank_bin
                0x000000000205a134                soundbank_bin_end
 .rodata.str1.4
                0x000000000205a134      0x13e main.o
 *fill*         0x000000000205a272        0x2 ff
 .rodata.__sassert.str1.4
                0x000000000205a274       0x42 D:/devkitPro/libnds/lib\libnds9.a(sassert.o)
 *fill*         0x000000000205a2b6        0x2 ff
 .rodata.con_write.str1.4
                0x000000000205a2b8       0x30 D:/devkitPro/libnds/lib\libnds9.a(console.o)
 .rodata.con_write
                0x000000000205a2e8       0xd4 D:/devkitPro/libnds/lib\libnds9.a(console.o)
 .rodata.str1.4
                0x000000000205a3bc       0x14 D:/devkitPro/libnds/lib\libnds9.a(console.o)
 .rodata.dotab_stdout
                0x000000000205a3d0       0x70 D:/devkitPro/libnds/lib\libnds9.a(console.o)
 .rodata.SIN_LUT
                0x000000000205a440      0x102 D:/devkitPro/libnds/lib\libnds9.a(trig.o)
                0x000000000205a440                SIN_LUT
 *fill*         0x000000000205a542       0x1e ff
 .rodata.default_font_bin
                0x000000000205a560     0x2000 D:/devkitPro/libnds/lib\libnds9.a(default_font.bin.o)
                0x000000000205a560                default_font_bin
                0x000000000205c560                default_font_bin_end
 .rodata._global_impure_ptr
                0x000000000205c560        0x4 d:/devkitpro/devkitarm/bin/../lib/gcc/arm-none-eabi/10.2.0/../../../../arm-none-eabi/lib/thumb\libg.a(lib_a-impure.o)
                0x000000000205c560                _global_impure_ptr
 .rodata.basefix.0
                0x000000000205c564       0x22 d:/devkitpro/devkitarm/bin/../lib/gcc/arm-none-eabi/10.2.0/../../../../arm-none-eabi/lib/thumb\libg.a(lib_a-svfiscanf.o)
 .rodata._vfiprintf_r.str1.1
                0x000000000205c586       0x29 d:/devkitpro/devkitarm/bin/../lib/gcc/arm-none-eabi/10.2.0/../../../../arm-none-eabi/lib/thumb\libg.a(lib_a-vfiprintf.o)
 *fill*         0x000000000205c5af        0x1 ff
 .rodata.blanks.1
                0x000000000205c5b0       0x10 d:/devkitpro/devkitarm/bin/../lib/gcc/arm-none-eabi/10.2.0/../../../../arm-none-eabi/lib/thumb\libg.a(lib_a-vfiprintf.o)
 .rodata.zeroes.0
                0x000000000205c5c0       0x10 d:/devkitpro/devkitarm/bin/../lib/gcc/arm-none-eabi/10.2.0/../../../../arm-none-eabi/lib/thumb\libg.a(lib_a-vfiprintf.o)
 .rodata._ctype_
                0x000000000205c5d0      0x101 d:/devkitpro/devkitarm/bin/../lib/gcc/arm-none-eabi/10.2.0/../../../../arm-none-eabi/lib/thumb\libg.a(lib_a-ctype_.o)
                0x000000000205c5d0                _ctype_
 *fill*         0x000000000205c6d1        0x3 ff
 .rodata.str1.4
                0x000000000205c6d4       0x48 d:/devkitpro/devkitarm/bin/../lib/gcc/arm-none-eabi/10.2.0/../../../../arm-none-eabi/lib/thumb\libg.a(lib_a-locale.o)
                                         0x4c (size before relaxing)
 .rodata._mbrtowc_r.str1.4
                0x000000000205c71c        0x1 d:/devkitpro/devkitarm/bin/../lib/gcc/arm-none-eabi/10.2.0/../../../../arm-none-eabi/lib/thumb\libg.a(lib_a-mbrtowc.o)
 .rodata.__action_table
                0x000000000205c71c       0x6c d:/devkitpro/devkitarm/bin/../lib/gcc/arm-none-eabi/10.2.0/../../../../arm-none-eabi/lib/thumb\libg.a(lib_a-svfiprintf.o)
                0x000000000205c71c                __action_table
 .rodata.__chclass
                0x000000000205c788      0x100 d:/devkitpro/devkitarm/bin/../lib/gcc/arm-none-eabi/10.2.0/../../../../arm-none-eabi/lib/thumb\libg.a(lib_a-svfiprintf.o)
                0x000000000205c788                __chclass
 .rodata.__state_table
                0x000000000205c888       0x6c d:/devkitpro/devkitarm/bin/../lib/gcc/arm-none-eabi/10.2.0/../../../../arm-none-eabi/lib/thumb\libg.a(lib_a-svfiprintf.o)
                0x000000000205c888                __state_table
 .rodata.__jp2uc
                0x000000000205c8f4       0x20 d:/devkitpro/devkitarm/bin/../lib/gcc/arm-none-eabi/10.2.0/../../../../arm-none-eabi/lib/thumb\libg.a(lib_a-jp2uc.o)
 .rodata._jp2uc_l.str1.4
                0x000000000205c914       0x12 d:/devkitpro/devkitarm/bin/../lib/gcc/arm-none-eabi/10.2.0/../../../../arm-none-eabi/lib/thumb\libg.a(lib_a-jp2uc.o)
 *fill*         0x000000000205c926        0x2 ff
 .rodata.a1     0x000000000205c928       0xbc d:/devkitpro/devkitarm/bin/../lib/gcc/arm-none-eabi/10.2.0/../../../../arm-none-eabi/lib/thumb\libg.a(lib_a-jp2uc.o)
 .rodata.a2     0x000000000205c9e4       0xbc d:/devkitpro/devkitarm/bin/../lib/gcc/arm-none-eabi/10.2.0/../../../../arm-none-eabi/lib/thumb\libg.a(lib_a-jp2uc.o)
 .rodata.a3     0x000000000205caa0       0x5b d:/devkitpro/devkitarm/bin/../lib/gcc/arm-none-eabi/10.2.0/../../../../arm-none-eabi/lib/thumb\libg.a(lib_a-jp2uc.o)
 *fill*         0x000000000205cafb        0x1 ff
 .rodata.a6     0x000000000205cafc       0x70 d:/devkitpro/devkitarm/bin/../lib/gcc/arm-none-eabi/10.2.0/../../../../arm-none-eabi/lib/thumb\libg.a(lib_a-jp2uc.o)
 .rodata.a7     0x000000000205cb6c       0xa2 d:/devkitpro/devkitarm/bin/../lib/gcc/arm-none-eabi/10.2.0/../../../../arm-none-eabi/lib/thumb\libg.a(lib_a-jp2uc.o)
 *fill*         0x000000000205cc0e        0x2 ff
 .rodata.a8     0x000000000205cc10       0x40 d:/devkitpro/devkitarm/bin/../lib/gcc/arm-none-eabi/10.2.0/../../../../arm-none-eabi/lib/thumb\libg.a(lib_a-jp2uc.o)
 .rodata.b02cf  0x000000000205cc50     0x172a d:/devkitpro/devkitarm/bin/../lib/gcc/arm-none-eabi/10.2.0/../../../../arm-none-eabi/lib/thumb\libg.a(lib_a-jp2uc.o)
 *fill*         0x000000000205e37a        0x2 ff
 .rodata.d02f4  0x000000000205e37c     0x1a7c d:/devkitpro/devkitarm/bin/../lib/gcc/arm-none-eabi/10.2.0/../../../../arm-none-eabi/lib/thumb\libg.a(lib_a-jp2uc.o)
 .rodata.categories
                0x000000000205fdf8     0x31e6 d:/devkitpro/devkitarm/bin/../lib/gcc/arm-none-eabi/10.2.0/../../../../arm-none-eabi/lib/thumb\libg.a(lib_a-categories.o)
 *fill*         0x0000000002062fde        0x2 ff
 .rodata.AddDevice.str1.4
                0x0000000002062fe0        0x8 d:/devkitpro/devkitarm/bin/../lib/gcc/arm-none-eabi/10.2.0/../../../../arm-none-eabi/lib/thumb\libsysbase.a(iosupport.o)
 .rodata.dotab_stdnull
                0x0000000002062fe8       0x70 d:/devkitpro/devkitarm/bin/../lib/gcc/arm-none-eabi/10.2.0/../../../../arm-none-eabi/lib/thumb\libsysbase.a(iosupport.o)
                0x0000000002062fe8                dotab_stdnull
 *(EXCLUDE_FILE(*.twl*) .gnu.linkonce.r*)
                0x0000000002063058                . = ALIGN (0x4)

.ARM.extab
 *(.ARM.extab* .gnu.linkonce.armextab.*)
                0x0000000002063058                __exidx_start = .

ARM.exidx
 *(.ARM.exidx* .gnu.linkonce.armexidx.*)
                0x0000000002063058                __exidx_end = .
                0x0000000002063058                . = ALIGN (0x4)
                0x0000000002063058                PROVIDE (__preinit_array_start = .)

.preinit_array
 *(.preinit_array)
                0x0000000002063058                PROVIDE (__preinit_array_end = .)
                0x0000000002063058                PROVIDE (__init_array_start = .)

.init_array     0x0000000002063058        0x4
 *(SORT_BY_NAME(.init_array.*))
 *(.init_array)
 .init_array    0x0000000002063058        0x4 d:/devkitpro/devkitarm/bin/../lib/gcc/arm-none-eabi/10.2.0/thumb/crtbegin.o
                0x000000000206305c                PROVIDE (__init_array_end = .)
                [!provide]                        PROVIDE (__fini_array_start = .)

.fini_array     0x000000000206305c        0x4
 *(.fini_array)
 .fini_array    0x000000000206305c        0x4 d:/devkitpro/devkitarm/bin/../lib/gcc/arm-none-eabi/10.2.0/thumb/crtbegin.o
 *(SORT_BY_NAME(.fini_array.*))
                [!provide]                        PROVIDE (__fini_array_end = .)

.ctors          0x0000000002063060        0x0
 *crtbegin.o(.ctors)
 *(EXCLUDE_FILE(*crtend.o) .ctors)
 *(SORT_BY_NAME(.ctors.*))
 *(.ctors)
                0x0000000002063060                . = ALIGN (0x4)

.dtors          0x0000000002063060        0x0
 *crtbegin.o(.dtors)
 *(EXCLUDE_FILE(*crtend.o) .dtors)
 *(SORT_BY_NAME(.dtors.*))
 *(.dtors)
                0x0000000002063060                . = ALIGN (0x4)

.eh_frame       0x0000000002063060        0x4
 *(.eh_frame)
 .eh_frame      0x0000000002063060        0x0 d:/devkitpro/devkitarm/bin/../lib/gcc/arm-none-eabi/10.2.0/thumb/crtbegin.o
 .eh_frame      0x0000000002063060        0x4 d:/devkitpro/devkitarm/bin/../lib/gcc/arm-none-eabi/10.2.0/thumb/crtend.o
                0x0000000002063064                . = ALIGN (0x4)

.rel.dyn        0x0000000002063064        0x0
 .rel.iplt      0x0000000002063064        0x0 d:/devkitpro/devkitarm/bin/../lib/gcc/arm-none-eabi/10.2.0/../../../../arm-none-eabi/lib/thumb/ds_arm9_crt0.o

.gcc_except_table
                0x0000000002063064        0x0
 *(.gcc_except_table)
                0x0000000002063064                . = ALIGN (0x4)

.jcr
 *(.jcr)

.got
 *(.got.plt)
 *(.got)
 *(.rel.got)

.ewram          0x0000000002063064        0x0
                0x0000000002063064                __ewram_start = ABSOLUTE (.)
 *(.ewram)
 *ewram.*(.text)
                0x0000000002063064                . = ALIGN (0x4)

.data           0x0000000002063064     0x1bec
                0x0000000002063064                __data_start = ABSOLUTE (.)
 *(EXCLUDE_FILE(*.twl*) .data)
 .data          0x0000000002063064       0x28 D:/devkitPro/libnds/lib\libnds9.a(mpu_setup.o)
 *(EXCLUDE_FILE(*.twl*) .data.*)
 .data.bgControl
                0x000000000206308c       0x20 D:/devkitPro/libnds/lib\libnds9.a(background.o)
                0x000000000206308c                bgControl
 .data.bgScrollTable
                0x00000000020630ac       0x20 D:/devkitPro/libnds/lib\libnds9.a(background.o)
                0x00000000020630ac                bgScrollTable
 .data.bgTransform
                0x00000000020630cc       0x20 D:/devkitPro/libnds/lib\libnds9.a(background.o)
                0x00000000020630cc                bgTransform
 .data.currentConsole
                0x00000000020630ec        0x4 D:/devkitPro/libnds/lib\libnds9.a(console.o)
                0x00000000020630ec                currentConsole
 .data.defaultConsole
                0x00000000020630f0       0x5c D:/devkitPro/libnds/lib\libnds9.a(console.o)
                0x00000000020630f0                defaultConsole
 .data.firstConsoleInit.0
                0x000000000206314c        0x1 D:/devkitPro/libnds/lib\libnds9.a(console.o)
 *fill*         0x000000000206314d        0x3 ff
 .data.oamMain  0x0000000002063150       0x18 D:/devkitPro/libnds/lib\libnds9.a(sprite.o)
                0x0000000002063150                oamMain
 .data.oamSub   0x0000000002063168       0x18 D:/devkitPro/libnds/lib\libnds9.a(sprite.o)
                0x0000000002063168                oamSub
 .data.count    0x0000000002063180        0x1 D:/devkitPro/libnds/lib\libnds9.a(keys.o)
 .data.delay    0x0000000002063181        0x1 D:/devkitPro/libnds/lib\libnds9.a(keys.o)
 .data.repeat   0x0000000002063182        0x1 D:/devkitPro/libnds/lib\libnds9.a(keys.o)
 *fill*         0x0000000002063183        0x1 ff
 .data.fifo_buffer_free
                0x0000000002063184        0x4 D:/devkitPro/libnds/lib\libnds9.a(fifosystem.o)
                0x0000000002063184                fifo_buffer_free
 .data.fifo_freewords
                0x0000000002063188        0x4 D:/devkitPro/libnds/lib\libnds9.a(fifosystem.o)
                0x0000000002063188                fifo_freewords
 .data.fifo_receive_queue
                0x000000000206318c        0x4 D:/devkitPro/libnds/lib\libnds9.a(fifosystem.o)
                0x000000000206318c                fifo_receive_queue
 .data.fifo_send_queue
                0x0000000002063190        0x4 D:/devkitPro/libnds/lib\libnds9.a(fifosystem.o)
                0x0000000002063190                fifo_send_queue
 .data.__sfp_recursive_mutex
                0x0000000002063194        0xc d:/devkitpro/devkitarm/bin/../lib/gcc/arm-none-eabi/10.2.0/../../../../arm-none-eabi/lib/thumb\libg.a(lib_a-findfp.o)
 .data.__sinit_recursive_mutex
                0x00000000020631a0        0xc d:/devkitpro/devkitarm/bin/../lib/gcc/arm-none-eabi/10.2.0/../../../../arm-none-eabi/lib/thumb\libg.a(lib_a-findfp.o)
 .data._impure_ptr
                0x00000000020631ac        0x4 d:/devkitpro/devkitarm/bin/../lib/gcc/arm-none-eabi/10.2.0/../../../../arm-none-eabi/lib/thumb\libg.a(lib_a-impure.o)
                0x00000000020631ac                _impure_ptr
 .data.impure_data
                0x00000000020631b0      0x460 d:/devkitpro/devkitarm/bin/../lib/gcc/arm-none-eabi/10.2.0/../../../../arm-none-eabi/lib/thumb\libg.a(lib_a-impure.o)
 .data.__malloc_av_
                0x0000000002063610      0x408 d:/devkitpro/devkitarm/bin/../lib/gcc/arm-none-eabi/10.2.0/../../../../arm-none-eabi/lib/thumb\libg.a(lib_a-mallocr.o)
                0x0000000002063610                __malloc_av_
 .data.__malloc_sbrk_base
                0x0000000002063a18        0x4 d:/devkitpro/devkitarm/bin/../lib/gcc/arm-none-eabi/10.2.0/../../../../arm-none-eabi/lib/thumb\libg.a(lib_a-mallocr.o)
                0x0000000002063a18                __malloc_sbrk_base
 .data.__malloc_trim_threshold
                0x0000000002063a1c        0x4 d:/devkitpro/devkitarm/bin/../lib/gcc/arm-none-eabi/10.2.0/../../../../arm-none-eabi/lib/thumb\libg.a(lib_a-mallocr.o)
                0x0000000002063a1c                __malloc_trim_threshold
 .data.__malloc_recursive_mutex
                0x0000000002063a20        0xc d:/devkitpro/devkitarm/bin/../lib/gcc/arm-none-eabi/10.2.0/../../../../arm-none-eabi/lib/thumb\libg.a(lib_a-mlock.o)
 .data.__global_locale
                0x0000000002063a2c      0x16c d:/devkitpro/devkitarm/bin/../lib/gcc/arm-none-eabi/10.2.0/../../../../arm-none-eabi/lib/thumb\libg.a(lib_a-locale.o)
                0x0000000002063a2c                __global_locale
 .data.defaultDevice
                0x0000000002063b98        0x4 d:/devkitpro/devkitarm/bin/../lib/gcc/arm-none-eabi/10.2.0/../../../../arm-none-eabi/lib/thumb\libsysbase.a(iosupport.o)
 .data.devoptab_list
                0x0000000002063b9c       0x8c d:/devkitpro/devkitarm/bin/../lib/gcc/arm-none-eabi/10.2.0/../../../../arm-none-eabi/lib/thumb\libsysbase.a(iosupport.o)
                0x0000000002063b9c                devoptab_list
 .data.__hndl_lock
                0x0000000002063c28        0x4 d:/devkitpro/devkitarm/bin/../lib/gcc/arm-none-eabi/10.2.0/../../../../arm-none-eabi/lib/thumb\libsysbase.a(handle_manager.o)
 .data.__stderr_handle
                0x0000000002063c2c        0xc d:/devkitpro/devkitarm/bin/../lib/gcc/arm-none-eabi/10.2.0/../../../../arm-none-eabi/lib/thumb\libsysbase.a(handle_manager.o)
 .data.__stdin_handle
                0x0000000002063c38        0xc d:/devkitpro/devkitarm/bin/../lib/gcc/arm-none-eabi/10.2.0/../../../../arm-none-eabi/lib/thumb\libsysbase.a(handle_manager.o)
 .data.__stdout_handle
                0x0000000002063c44        0xc d:/devkitpro/devkitarm/bin/../lib/gcc/arm-none-eabi/10.2.0/../../../../arm-none-eabi/lib/thumb\libsysbase.a(handle_manager.o)
 .data.handles  0x0000000002063c50     0x1000 d:/devkitpro/devkitarm/bin/../lib/gcc/arm-none-eabi/10.2.0/../../../../arm-none-eabi/lib/thumb\libsysbase.a(handle_manager.o)
 *(EXCLUDE_FILE(*.twl*) .gnu.linkonce.d*)
                0x0000000002064c50                . = ALIGN (0x4)
                0x0000000002064c50                __data_end = ABSOLUTE (.)
                0x0000000002064c50                __bss_vma = .

.igot.plt       0x0000000002064c50        0x0
 .igot.plt      0x0000000002064c50        0x0 d:/devkitpro/devkitarm/bin/../lib/gcc/arm-none-eabi/10.2.0/../../../../arm-none-eabi/lib/thumb/ds_arm9_crt0.o

.dtcm           0x0000000002ff0000        0x0 load address 0x0000000002064c50
                0x0000000002064c50                __dtcm_lma = LOADADDR (.dtcm)
                0x0000000002ff0000                __dtcm_start = ABSOLUTE (.)
 *(.dtcm)
 *(.dtcm.*)
                0x0000000002ff0000                . = ALIGN (0x4)
                0x0000000002ff0000                __dtcm_end = ABSOLUTE (.)

.itcm           0x0000000001000100      0x194 load address 0x0000000002064c50
                0x0000000002064c50                __itcm_lma = LOADADDR (.itcm)
                0x0000000001000100                __itcm_start = ABSOLUTE (.)
 *(.itcm)
 .itcm          0x0000000001000100       0xc8 D:/devkitPro/libnds/lib\libnds9.a(interrupts.o)
                0x0000000001000100                irqTable
 .itcm          0x00000000010001c8       0xcc D:/devkitPro/libnds/lib\libnds9.a(interruptDispatcher.o)
                0x00000000010001c8                IntrMain
 *.itcm*(.text .stub .text.*)
                0x0000000001000294                . = ALIGN (0x4)
                0x0000000001000294                __itcm_end = ABSOLUTE (.)

.vectors        0x0000000001000000        0x0 load address 0x0000000002064de4
                0x0000000002064de4                __vectors_lma = LOADADDR (.vectors)
                0x0000000001000000                __vectors_start = ABSOLUTE (.)
 *(.vectors .vectors.*)
                0x0000000001000000                . = ALIGN (0x4)
                0x0000000001000000                __vectors_end = ABSOLUTE (.)

.sbss           0x0000000002ff0000        0x0
                0x0000000002ff0000                __sbss_start = ABSOLUTE (.)
                0x0000000002ff0000                __sbss_start__ = ABSOLUTE (.)
 *(.sbss)
                0x0000000002ff0000                . = ALIGN (0x4)
                0x0000000002ff0000                __sbss_end = ABSOLUTE (.)

.bss            0x0000000002064c50     0x1514
                0x0000000002064c50                __bss_start = ABSOLUTE (.)
                0x0000000002064c50                __bss_start__ = ABSOLUTE (.)
 *(EXCLUDE_FILE(*.twl*) .dynbss)
 *(EXCLUDE_FILE(*.twl*) .gnu.linkonce.b*)
 *(EXCLUDE_FILE(*.twl*) .bss*)
 .bss.completed.1
                0x0000000002064c50        0x1 d:/devkitpro/devkitarm/bin/../lib/gcc/arm-none-eabi/10.2.0/thumb/crtbegin.o
 *fill*         0x0000000002064c51        0x3 
 .bss.object.0  0x0000000002064c54       0x18 d:/devkitpro/devkitarm/bin/../lib/gcc/arm-none-eabi/10.2.0/thumb/crtbegin.o
 .bss           0x0000000002064c6c       0x18 D:/devkitPro/libnds/lib\libmm9.a(mm_comms.o)
 .bss           0x0000000002064c84       0x19 D:/devkitPro/libnds/lib\libmm9.a(mm_main9.o)
                0x0000000002064c84                mmcbMemory
                0x0000000002064c88                mmModuleCount
                0x0000000002064c8c                mmSampleCount
                0x0000000002064c90                mmMemoryBank
                0x0000000002064c90                mmModuleBank
                0x0000000002064c94                mmSampleBank
                0x0000000002064c98                mmCallback
                0x0000000002064c9c                mmActiveStatus
 *fill*         0x0000000002064c9d        0x3 
 .bss           0x0000000002064ca0       0x44 D:/devkitPro/libnds/lib\libmm9.a(mm_soundbank.o)
 .bss.bgIsTextLut
                0x0000000002064ce4        0x8 D:/devkitPro/libnds/lib\libnds9.a(background.o)
                0x0000000002064ce4                bgIsTextLut
 .bss.bgState   0x0000000002064cec      0x140 D:/devkitPro/libnds/lib\libnds9.a(background.o)
                0x0000000002064cec                bgState
 .bss.currentCopy
                0x0000000002064e2c       0x5c D:/devkitPro/libnds/lib\libnds9.a(console.o)
                0x0000000002064e2c                currentCopy
 .bss.OamMemory
                0x0000000002064e88      0x400 D:/devkitPro/libnds/lib\libnds9.a(sprite.o)
                0x0000000002064e88                OamMemory
 .bss.OamMemorySub
                0x0000000002065288      0x400 D:/devkitPro/libnds/lib\libnds9.a(sprite.o)
                0x0000000002065288                OamMemorySub
 .bss.keys      0x0000000002065688        0x2 D:/devkitPro/libnds/lib\libnds9.a(keys.o)
 .bss.keysold   0x000000000206568a        0x2 D:/devkitPro/libnds/lib\libnds9.a(keys.o)
 .bss.keysrepeat
                0x000000000206568c        0x2 D:/devkitPro/libnds/lib\libnds9.a(keys.o)
 .bss.__dsimode
                0x000000000206568e        0x1 D:/devkitPro/libnds/lib\libnds9.a(initSystem.o)
                0x000000000206568e                __dsimode
 *fill*         0x000000000206568f        0x1 
 .bss.punixTime
                0x0000000002065690        0x4 D:/devkitPro/libnds/lib\libnds9.a(timeSupport.o)
                0x0000000002065690                punixTime
 .bss.fifo_address_data
                0x0000000002065694       0x40 D:/devkitPro/libnds/lib\libnds9.a(fifosystem.o)
                0x0000000002065694                fifo_address_data
 .bss.fifo_address_func
                0x00000000020656d4       0x40 D:/devkitPro/libnds/lib\libnds9.a(fifosystem.o)
                0x00000000020656d4                fifo_address_func
 .bss.fifo_address_queue
                0x0000000002065714       0x40 D:/devkitPro/libnds/lib\libnds9.a(fifosystem.o)
                0x0000000002065714                fifo_address_queue
 .bss.fifo_buffer
                0x0000000002065754      0x800 D:/devkitPro/libnds/lib\libnds9.a(fifosystem.o)
                0x0000000002065754                fifo_buffer
 .bss.fifo_data_queue
                0x0000000002065f54       0x40 D:/devkitPro/libnds/lib\libnds9.a(fifosystem.o)
                0x0000000002065f54                fifo_data_queue
 .bss.fifo_datamsg_data
                0x0000000002065f94       0x40 D:/devkitPro/libnds/lib\libnds9.a(fifosystem.o)
                0x0000000002065f94                fifo_datamsg_data
 .bss.fifo_datamsg_func
                0x0000000002065fd4       0x40 D:/devkitPro/libnds/lib\libnds9.a(fifosystem.o)
                0x0000000002065fd4                fifo_datamsg_func
 .bss.fifo_value32_data
                0x0000000002066014       0x40 D:/devkitPro/libnds/lib\libnds9.a(fifosystem.o)
                0x0000000002066014                fifo_value32_data
 .bss.fifo_value32_func
                0x0000000002066054       0x40 D:/devkitPro/libnds/lib\libnds9.a(fifosystem.o)
                0x0000000002066054                fifo_value32_func
 .bss.fifo_value32_queue
                0x0000000002066094       0x40 D:/devkitPro/libnds/lib\libnds9.a(fifosystem.o)
                0x0000000002066094                fifo_value32_queue
 .bss.processing
                0x00000000020660d4        0x4 D:/devkitPro/libnds/lib\libnds9.a(fifosystem.o)
                0x00000000020660d4                processing
 .bss.SDcallback
                0x00000000020660d8        0x4 D:/devkitPro/libnds/lib\libnds9.a(system.o)
 .bss.__malloc_current_mallinfo
                0x00000000020660dc       0x28 d:/devkitpro/devkitarm/bin/../lib/gcc/arm-none-eabi/10.2.0/../../../../arm-none-eabi/lib/thumb\libg.a(lib_a-mallocr.o)
                0x00000000020660dc                __malloc_current_mallinfo
 .bss.__malloc_max_sbrked_mem
                0x0000000002066104        0x4 d:/devkitpro/devkitarm/bin/../lib/gcc/arm-none-eabi/10.2.0/../../../../arm-none-eabi/lib/thumb\libg.a(lib_a-mallocr.o)
                0x0000000002066104                __malloc_max_sbrked_mem
 .bss.__malloc_max_total_mem
                0x0000000002066108        0x4 d:/devkitpro/devkitarm/bin/../lib/gcc/arm-none-eabi/10.2.0/../../../../arm-none-eabi/lib/thumb\libg.a(lib_a-mallocr.o)
                0x0000000002066108                __malloc_max_total_mem
 .bss.__malloc_top_pad
                0x000000000206610c        0x4 d:/devkitpro/devkitarm/bin/../lib/gcc/arm-none-eabi/10.2.0/../../../../arm-none-eabi/lib/thumb\libg.a(lib_a-mallocr.o)
                0x000000000206610c                __malloc_top_pad
 .bss.heap_start.0
                0x0000000002066110        0x4 d:/devkitpro/devkitarm/bin/../lib/gcc/arm-none-eabi/10.2.0/../../../../arm-none-eabi/lib/thumb\libsysbase.a(sbrk.o)
 .bss.fake_heap_end
                0x0000000002066114        0x4 d:/devkitpro/devkitarm/bin/../lib/gcc/arm-none-eabi/10.2.0/../../../../arm-none-eabi/lib/thumb\libsysbase.a(malloc_vars.o)
                0x0000000002066114                fake_heap_end
 .bss.fake_heap_start
                0x0000000002066118        0x4 d:/devkitpro/devkitarm/bin/../lib/gcc/arm-none-eabi/10.2.0/../../../../arm-none-eabi/lib/thumb\libsysbase.a(malloc_vars.o)
                0x0000000002066118                fake_heap_start
 .bss.__syscalls
                0x000000000206611c       0x48 d:/devkitpro/devkitarm/bin/../lib/gcc/arm-none-eabi/10.2.0/../../../../arm-none-eabi/lib/thumb\libsysbase.a(syscall_support.o)
                0x000000000206611c                __syscalls
 *(EXCLUDE_FILE(*.twl*) COMMON)
                0x0000000002066164                . = ALIGN (0x4)
                0x0000000002066164                __bss_end__ = ABSOLUTE (.)
                0x0000000002066164                __end__ = ABSOLUTE (.)

.twl            0x0000000002066164        0x0 load address 0x0000000002400000
                0x0000000002400000                __arm9i_lma__ = LOADADDR (.twl)
                0x0000000002066164                __arm9i_start__ = ABSOLUTE (.)
 *(.twl)
 *.twl*(.text .stub .text.* .gnu.linkonce.t.*)
 *.twl*(.rodata)
 *.twl*(.roda)
 *.twl*(.rodata.*)
 *.twl*(.data)
 *.twl*(.data.*)
 *.twl*(.gnu.linkonce.d*)
                0x0000000002066164                __arm9i_end__ = ABSOLUTE (.)

.twl_bss        0x0000000002066164        0x0
                0x0000000002066164                __twl_bss_start__ = ABSOLUTE (.)
 *(.twl_bss)
 *.twl*(.dynbss)
 *.twl*(.gnu.linkonce.b*)
 *.twl*(.bss*)
 *.twl*(COMMON)
                0x0000000002066164                . = ALIGN (0x4)
                0x0000000002066164                __twl_bss_end__ = ABSOLUTE (.)
                0x0000000002066164                __twl_end__ = ABSOLUTE (.)

.stab
 *(.stab)

.stabstr
 *(.stabstr)

.stab.excl
 *(.stab.excl)

.stab.exclstr
 *(.stab.exclstr)

.stab.index
 *(.stab.index)

.stab.indexstr
 *(.stab.indexstr)

.comment        0x0000000000000000       0x23
 *(.comment)
 .comment       0x0000000000000000       0x23 d:/devkitpro/devkitarm/bin/../lib/gcc/arm-none-eabi/10.2.0/thumb/crtbegin.o
                                         0x24 (size before relaxing)
 .comment       0x0000000000000023       0x24 main.o
 .comment       0x0000000000000023       0x24 D:/devkitPro/libnds/lib\libnds9.a(background.o)
 .comment       0x0000000000000023       0x24 D:/devkitPro/libnds/lib\libnds9.a(sassert.o)
 .comment       0x0000000000000023       0x24 D:/devkitPro/libnds/lib\libnds9.a(sprite_alloc.o)
 .comment       0x0000000000000023       0x24 D:/devkitPro/libnds/lib\libnds9.a(console.o)
 .comment       0x0000000000000023       0x24 D:/devkitPro/libnds/lib\libnds9.a(trig.o)
 .comment       0x0000000000000023       0x24 D:/devkitPro/libnds/lib\libnds9.a(sprite.o)
 .comment       0x0000000000000023       0x24 D:/devkitPro/libnds/lib\libnds9.a(keys.o)
 .comment       0x0000000000000023       0x24 D:/devkitPro/libnds/lib\libnds9.a(initSystem.o)
 .comment       0x0000000000000023       0x24 D:/devkitPro/libnds/lib\libnds9.a(timeSupport.o)
 .comment       0x0000000000000023       0x24 D:/devkitPro/libnds/lib\libnds9.a(securearea.o)
 .comment       0x0000000000000023       0x24 D:/devkitPro/libnds/lib\libnds9.a(interrupts.o)
 .comment       0x0000000000000023       0x24 D:/devkitPro/libnds/lib\libnds9.a(libnds_exit.arm.o)
 .comment       0x0000000000000023       0x24 D:/devkitPro/libnds/lib\libnds9.a(fifosystem.o)
 .comment       0x0000000000000023       0x24 D:/devkitPro/libnds/lib\libnds9.a(video.o)
 .comment       0x0000000000000023       0x24 D:/devkitPro/libnds/lib\libnds9.a(system.o)
 .comment       0x0000000000000023       0x24 d:/devkitpro/devkitarm/bin/../lib/gcc/arm-none-eabi/10.2.0/../../../../arm-none-eabi/lib/thumb\libg.a(lib_a-fclose.o)
 .comment       0x0000000000000023       0x24 d:/devkitpro/devkitarm/bin/../lib/gcc/arm-none-eabi/10.2.0/../../../../arm-none-eabi/lib/thumb\libg.a(lib_a-fflush.o)
 .comment       0x0000000000000023       0x24 d:/devkitpro/devkitarm/bin/../lib/gcc/arm-none-eabi/10.2.0/../../../../arm-none-eabi/lib/thumb\libg.a(lib_a-findfp.o)
 .comment       0x0000000000000023       0x24 d:/devkitpro/devkitarm/bin/../lib/gcc/arm-none-eabi/10.2.0/../../../../arm-none-eabi/lib/thumb\libg.a(lib_a-fopen.o)
 .comment       0x0000000000000023       0x24 d:/devkitpro/devkitarm/bin/../lib/gcc/arm-none-eabi/10.2.0/../../../../arm-none-eabi/lib/thumb\libg.a(lib_a-fread.o)
 .comment       0x0000000000000023       0x24 d:/devkitpro/devkitarm/bin/../lib/gcc/arm-none-eabi/10.2.0/../../../../arm-none-eabi/lib/thumb\libg.a(lib_a-freer.o)
 .comment       0x0000000000000023       0x24 d:/devkitpro/devkitarm/bin/../lib/gcc/arm-none-eabi/10.2.0/../../../../arm-none-eabi/lib/thumb\libg.a(lib_a-fseek.o)
 .comment       0x0000000000000023       0x24 d:/devkitpro/devkitarm/bin/../lib/gcc/arm-none-eabi/10.2.0/../../../../arm-none-eabi/lib/thumb\libg.a(lib_a-fseeko.o)
 .comment       0x0000000000000023       0x24 d:/devkitpro/devkitarm/bin/../lib/gcc/arm-none-eabi/10.2.0/../../../../arm-none-eabi/lib/thumb\libg.a(lib_a-ftello.o)
 .comment       0x0000000000000023       0x24 d:/devkitpro/devkitarm/bin/../lib/gcc/arm-none-eabi/10.2.0/../../../../arm-none-eabi/lib/thumb\libg.a(lib_a-fwalk.o)
 .comment       0x0000000000000023       0x24 d:/devkitpro/devkitarm/bin/../lib/gcc/arm-none-eabi/10.2.0/../../../../arm-none-eabi/lib/thumb\libg.a(lib_a-impure.o)
 .comment       0x0000000000000023       0x24 d:/devkitpro/devkitarm/bin/../lib/gcc/arm-none-eabi/10.2.0/../../../../arm-none-eabi/lib/thumb\libg.a(lib_a-init.o)
 .comment       0x0000000000000023       0x24 d:/devkitpro/devkitarm/bin/../lib/gcc/arm-none-eabi/10.2.0/../../../../arm-none-eabi/lib/thumb\libg.a(lib_a-iprintf.o)
 .comment       0x0000000000000023       0x24 d:/devkitpro/devkitarm/bin/../lib/gcc/arm-none-eabi/10.2.0/../../../../arm-none-eabi/lib/thumb\libg.a(lib_a-makebuf.o)
 .comment       0x0000000000000023       0x24 d:/devkitpro/devkitarm/bin/../lib/gcc/arm-none-eabi/10.2.0/../../../../arm-none-eabi/lib/thumb\libg.a(lib_a-malloc.o)
 .comment       0x0000000000000023       0x24 d:/devkitpro/devkitarm/bin/../lib/gcc/arm-none-eabi/10.2.0/../../../../arm-none-eabi/lib/thumb\libg.a(lib_a-mallocr.o)
 .comment       0x0000000000000023       0x24 d:/devkitpro/devkitarm/bin/../lib/gcc/arm-none-eabi/10.2.0/../../../../arm-none-eabi/lib/thumb\libg.a(lib_a-memcpy-stub.o)
 .comment       0x0000000000000023       0x24 d:/devkitpro/devkitarm/bin/../lib/gcc/arm-none-eabi/10.2.0/../../../../arm-none-eabi/lib/thumb\libg.a(lib_a-memset.o)
 .comment       0x0000000000000023       0x24 d:/devkitpro/devkitarm/bin/../lib/gcc/arm-none-eabi/10.2.0/../../../../arm-none-eabi/lib/thumb\libg.a(lib_a-mlock.o)
 .comment       0x0000000000000023       0x24 d:/devkitpro/devkitarm/bin/../lib/gcc/arm-none-eabi/10.2.0/../../../../arm-none-eabi/lib/thumb\libg.a(lib_a-rand.o)
 .comment       0x0000000000000023       0x24 d:/devkitpro/devkitarm/bin/../lib/gcc/arm-none-eabi/10.2.0/../../../../arm-none-eabi/lib/thumb\libg.a(lib_a-realloc.o)
 .comment       0x0000000000000023       0x24 d:/devkitpro/devkitarm/bin/../lib/gcc/arm-none-eabi/10.2.0/../../../../arm-none-eabi/lib/thumb\libg.a(lib_a-reallocr.o)
 .comment       0x0000000000000023       0x24 d:/devkitpro/devkitarm/bin/../lib/gcc/arm-none-eabi/10.2.0/../../../../arm-none-eabi/lib/thumb\libg.a(lib_a-refill.o)
 .comment       0x0000000000000023       0x24 d:/devkitpro/devkitarm/bin/../lib/gcc/arm-none-eabi/10.2.0/../../../../arm-none-eabi/lib/thumb\libg.a(lib_a-setvbuf.o)
 .comment       0x0000000000000023       0x24 d:/devkitpro/devkitarm/bin/../lib/gcc/arm-none-eabi/10.2.0/../../../../arm-none-eabi/lib/thumb\libg.a(lib_a-siscanf.o)
 .comment       0x0000000000000023       0x24 d:/devkitpro/devkitarm/bin/../lib/gcc/arm-none-eabi/10.2.0/../../../../arm-none-eabi/lib/thumb\libg.a(lib_a-stdio.o)
 .comment       0x0000000000000023       0x24 d:/devkitpro/devkitarm/bin/../lib/gcc/arm-none-eabi/10.2.0/../../../../arm-none-eabi/lib/thumb\libg.a(lib_a-strlen-stub.o)
 .comment       0x0000000000000023       0x24 d:/devkitpro/devkitarm/bin/../lib/gcc/arm-none-eabi/10.2.0/../../../../arm-none-eabi/lib/thumb\libg.a(lib_a-svfiscanf.o)
 .comment       0x0000000000000023       0x24 d:/devkitpro/devkitarm/bin/../lib/gcc/arm-none-eabi/10.2.0/../../../../arm-none-eabi/lib/thumb\libg.a(lib_a-time.o)
 .comment       0x0000000000000023       0x24 d:/devkitpro/devkitarm/bin/../lib/gcc/arm-none-eabi/10.2.0/../../../../arm-none-eabi/lib/thumb\libg.a(lib_a-ungetc.o)
 .comment       0x0000000000000023       0x24 d:/devkitpro/devkitarm/bin/../lib/gcc/arm-none-eabi/10.2.0/../../../../arm-none-eabi/lib/thumb\libg.a(lib_a-vfiprintf.o)
 .comment       0x0000000000000023       0x24 d:/devkitpro/devkitarm/bin/../lib/gcc/arm-none-eabi/10.2.0/../../../../arm-none-eabi/lib/thumb\libg.a(lib_a-viprintf.o)
 .comment       0x0000000000000023       0x24 d:/devkitpro/devkitarm/bin/../lib/gcc/arm-none-eabi/10.2.0/../../../../arm-none-eabi/lib/thumb\libg.a(lib_a-wcrtomb.o)
 .comment       0x0000000000000023       0x24 d:/devkitpro/devkitarm/bin/../lib/gcc/arm-none-eabi/10.2.0/../../../../arm-none-eabi/lib/thumb\libg.a(lib_a-wcsrtombs.o)
 .comment       0x0000000000000023       0x24 d:/devkitpro/devkitarm/bin/../lib/gcc/arm-none-eabi/10.2.0/../../../../arm-none-eabi/lib/thumb\libg.a(lib_a-wsetup.o)
 .comment       0x0000000000000023       0x24 d:/devkitpro/devkitarm/bin/../lib/gcc/arm-none-eabi/10.2.0/../../../../arm-none-eabi/lib/thumb\libg.a(lib_a-ctype_.o)
 .comment       0x0000000000000023       0x24 d:/devkitpro/devkitarm/bin/../lib/gcc/arm-none-eabi/10.2.0/../../../../arm-none-eabi/lib/thumb\libg.a(lib_a-flags.o)
 .comment       0x0000000000000023       0x24 d:/devkitpro/devkitarm/bin/../lib/gcc/arm-none-eabi/10.2.0/../../../../arm-none-eabi/lib/thumb\libg.a(lib_a-fvwrite.o)
 .comment       0x0000000000000023       0x24 d:/devkitpro/devkitarm/bin/../lib/gcc/arm-none-eabi/10.2.0/../../../../arm-none-eabi/lib/thumb\libg.a(lib_a-iswspace.o)
 .comment       0x0000000000000023       0x24 d:/devkitpro/devkitarm/bin/../lib/gcc/arm-none-eabi/10.2.0/../../../../arm-none-eabi/lib/thumb\libg.a(lib_a-localeconv.o)
 .comment       0x0000000000000023       0x24 d:/devkitpro/devkitarm/bin/../lib/gcc/arm-none-eabi/10.2.0/../../../../arm-none-eabi/lib/thumb\libg.a(lib_a-locale.o)
 .comment       0x0000000000000023       0x24 d:/devkitpro/devkitarm/bin/../lib/gcc/arm-none-eabi/10.2.0/../../../../arm-none-eabi/lib/thumb\libg.a(lib_a-mbrtowc.o)
 .comment       0x0000000000000023       0x24 d:/devkitpro/devkitarm/bin/../lib/gcc/arm-none-eabi/10.2.0/../../../../arm-none-eabi/lib/thumb\libg.a(lib_a-mbtowc_r.o)
 .comment       0x0000000000000023       0x24 d:/devkitpro/devkitarm/bin/../lib/gcc/arm-none-eabi/10.2.0/../../../../arm-none-eabi/lib/thumb\libg.a(lib_a-memchr-stub.o)
 .comment       0x0000000000000023       0x24 d:/devkitpro/devkitarm/bin/../lib/gcc/arm-none-eabi/10.2.0/../../../../arm-none-eabi/lib/thumb\libg.a(lib_a-memmove.o)
 .comment       0x0000000000000023       0x24 d:/devkitpro/devkitarm/bin/../lib/gcc/arm-none-eabi/10.2.0/../../../../arm-none-eabi/lib/thumb\libg.a(lib_a-sccl.o)
 .comment       0x0000000000000023       0x24 d:/devkitpro/devkitarm/bin/../lib/gcc/arm-none-eabi/10.2.0/../../../../arm-none-eabi/lib/thumb\libg.a(lib_a-strchr.o)
 .comment       0x0000000000000023       0x24 d:/devkitpro/devkitarm/bin/../lib/gcc/arm-none-eabi/10.2.0/../../../../arm-none-eabi/lib/thumb\libg.a(lib_a-strncmp.o)
 .comment       0x0000000000000023       0x24 d:/devkitpro/devkitarm/bin/../lib/gcc/arm-none-eabi/10.2.0/../../../../arm-none-eabi/lib/thumb\libg.a(lib_a-strncpy.o)
 .comment       0x0000000000000023       0x24 d:/devkitpro/devkitarm/bin/../lib/gcc/arm-none-eabi/10.2.0/../../../../arm-none-eabi/lib/thumb\libg.a(lib_a-strtoll.o)
 .comment       0x0000000000000023       0x24 d:/devkitpro/devkitarm/bin/../lib/gcc/arm-none-eabi/10.2.0/../../../../arm-none-eabi/lib/thumb\libg.a(lib_a-strtol.o)
 .comment       0x0000000000000023       0x24 d:/devkitpro/devkitarm/bin/../lib/gcc/arm-none-eabi/10.2.0/../../../../arm-none-eabi/lib/thumb\libg.a(lib_a-strtoull.o)
 .comment       0x0000000000000023       0x24 d:/devkitpro/devkitarm/bin/../lib/gcc/arm-none-eabi/10.2.0/../../../../arm-none-eabi/lib/thumb\libg.a(lib_a-strtoul.o)
 .comment       0x0000000000000023       0x24 d:/devkitpro/devkitarm/bin/../lib/gcc/arm-none-eabi/10.2.0/../../../../arm-none-eabi/lib/thumb\libg.a(lib_a-svfiprintf.o)
 .comment       0x0000000000000023       0x24 d:/devkitpro/devkitarm/bin/../lib/gcc/arm-none-eabi/10.2.0/../../../../arm-none-eabi/lib/thumb\libg.a(lib_a-wcsnrtombs.o)
 .comment       0x0000000000000023       0x24 d:/devkitpro/devkitarm/bin/../lib/gcc/arm-none-eabi/10.2.0/../../../../arm-none-eabi/lib/thumb\libg.a(lib_a-wctomb_r.o)
 .comment       0x0000000000000023       0x24 d:/devkitpro/devkitarm/bin/../lib/gcc/arm-none-eabi/10.2.0/../../../../arm-none-eabi/lib/thumb\libg.a(lib_a-errno.o)
 .comment       0x0000000000000023       0x24 d:/devkitpro/devkitarm/bin/../lib/gcc/arm-none-eabi/10.2.0/../../../../arm-none-eabi/lib/thumb\libg.a(lib_a-iswspace_l.o)
 .comment       0x0000000000000023       0x24 d:/devkitpro/devkitarm/bin/../lib/gcc/arm-none-eabi/10.2.0/../../../../arm-none-eabi/lib/thumb\libg.a(lib_a-jp2uc.o)
 .comment       0x0000000000000023       0x24 d:/devkitpro/devkitarm/bin/../lib/gcc/arm-none-eabi/10.2.0/../../../../arm-none-eabi/lib/thumb\libg.a(lib_a-categories.o)
 .comment       0x0000000000000023       0x24 d:/devkitpro/devkitarm/bin/../lib/gcc/arm-none-eabi/10.2.0/../../../../arm-none-eabi/lib/thumb\libsysbase.a(iosupport.o)
 .comment       0x0000000000000023       0x24 d:/devkitpro/devkitarm/bin/../lib/gcc/arm-none-eabi/10.2.0/../../../../arm-none-eabi/lib/thumb\libsysbase.a(fstat.o)
 .comment       0x0000000000000023       0x24 d:/devkitpro/devkitarm/bin/../lib/gcc/arm-none-eabi/10.2.0/../../../../arm-none-eabi/lib/thumb\libsysbase.a(gettod.o)
 .comment       0x0000000000000023       0x24 d:/devkitpro/devkitarm/bin/../lib/gcc/arm-none-eabi/10.2.0/../../../../arm-none-eabi/lib/thumb\libsysbase.a(isatty.o)
 .comment       0x0000000000000023       0x24 d:/devkitpro/devkitarm/bin/../lib/gcc/arm-none-eabi/10.2.0/../../../../arm-none-eabi/lib/thumb\libsysbase.a(lseek.o)
 .comment       0x0000000000000023       0x24 d:/devkitpro/devkitarm/bin/../lib/gcc/arm-none-eabi/10.2.0/../../../../arm-none-eabi/lib/thumb\libsysbase.a(open.o)
 .comment       0x0000000000000023       0x24 d:/devkitpro/devkitarm/bin/../lib/gcc/arm-none-eabi/10.2.0/../../../../arm-none-eabi/lib/thumb\libsysbase.a(read.o)
 .comment       0x0000000000000023       0x24 d:/devkitpro/devkitarm/bin/../lib/gcc/arm-none-eabi/10.2.0/../../../../arm-none-eabi/lib/thumb\libsysbase.a(sbrk.o)
 .comment       0x0000000000000023       0x24 d:/devkitpro/devkitarm/bin/../lib/gcc/arm-none-eabi/10.2.0/../../../../arm-none-eabi/lib/thumb\libsysbase.a(write.o)
 .comment       0x0000000000000023       0x24 d:/devkitpro/devkitarm/bin/../lib/gcc/arm-none-eabi/10.2.0/../../../../arm-none-eabi/lib/thumb\libsysbase.a(malloc_vars.o)
 .comment       0x0000000000000023       0x24 d:/devkitpro/devkitarm/bin/../lib/gcc/arm-none-eabi/10.2.0/../../../../arm-none-eabi/lib/thumb\libsysbase.a(build_argv.o)
 .comment       0x0000000000000023       0x24 d:/devkitpro/devkitarm/bin/../lib/gcc/arm-none-eabi/10.2.0/../../../../arm-none-eabi/lib/thumb\libsysbase.a(flock.o)
 .comment       0x0000000000000023       0x24 d:/devkitpro/devkitarm/bin/../lib/gcc/arm-none-eabi/10.2.0/../../../../arm-none-eabi/lib/thumb\libsysbase.a(syscall_support.o)
 .comment       0x0000000000000023       0x24 d:/devkitpro/devkitarm/bin/../lib/gcc/arm-none-eabi/10.2.0/../../../../arm-none-eabi/lib/thumb\libsysbase.a(handle_manager.o)
 .comment       0x0000000000000023       0x24 d:/devkitpro/devkitarm/bin/../lib/gcc/arm-none-eabi/10.2.0/../../../../arm-none-eabi/lib/thumb\libsysbase.a(getreent.o)
 .comment       0x0000000000000023       0x24 d:/devkitpro/devkitarm/bin/../lib/gcc/arm-none-eabi/10.2.0/thumb\libgcc.a(_muldi3.o)
 .comment       0x0000000000000023       0x24 d:/devkitpro/devkitarm/bin/../lib/gcc/arm-none-eabi/10.2.0/thumb\libgcc.a(_udivmoddi4.o)
 .comment       0x0000000000000023       0x24 d:/devkitpro/devkitarm/bin/../lib/gcc/arm-none-eabi/10.2.0/thumb/crtend.o

.ARM.attributes
                0x0000000000000000       0x2d
 .ARM.attributes
                0x0000000000000000       0x21 d:/devkitpro/devkitarm/bin/../lib/gcc/arm-none-eabi/10.2.0/../../../../arm-none-eabi/lib/thumb/ds_arm9_crt0.o
 .ARM.attributes
                0x0000000000000021       0x1c d:/devkitpro/devkitarm/bin/../lib/gcc/arm-none-eabi/10.2.0/thumb/crti.o
 .ARM.attributes
                0x000000000000003d       0x2a d:/devkitpro/devkitarm/bin/../lib/gcc/arm-none-eabi/10.2.0/thumb/crtbegin.o
 .ARM.attributes
                0x0000000000000067       0x1b barrel.o
 .ARM.attributes
                0x0000000000000082       0x1b ship.o
 .ARM.attributes
                0x000000000000009d       0x1b starfield.o
 .ARM.attributes
                0x00000000000000b8       0x14 soundbank.bin.o
 .ARM.attributes
                0x00000000000000cc       0x27 main.o
 .ARM.attributes
                0x00000000000000f3       0x1b D:/devkitPro/libnds/lib\libmm9.a(mm_comms.o)
 .ARM.attributes
                0x000000000000010e       0x1b D:/devkitPro/libnds/lib\libmm9.a(mm_memory.o)
 .ARM.attributes
                0x0000000000000129       0x1b D:/devkitPro/libnds/lib\libmm9.a(mm_main9.o)
 .ARM.attributes
                0x0000000000000144       0x1b D:/devkitPro/libnds/lib\libmm9.a(mm_soundbank.o)
 .ARM.attributes
                0x000000000000015f       0x1b D:/devkitPro/libnds/lib\libmm9.a(mm_flusher.o)
 .ARM.attributes
                0x000000000000017a       0x2b D:/devkitPro/libnds/lib\libnds9.a(background.o)
 .ARM.attributes
                0x00000000000001a5       0x2b D:/devkitPro/libnds/lib\libnds9.a(sassert.o)
 .ARM.attributes
                0x00000000000001d0       0x2b D:/devkitPro/libnds/lib\libnds9.a(sprite_alloc.o)
 .ARM.attributes
                0x00000000000001fb       0x2b D:/devkitPro/libnds/lib\libnds9.a(console.o)
 .ARM.attributes
                0x0000000000000226       0x2b D:/devkitPro/libnds/lib\libnds9.a(trig.o)
 .ARM.attributes
                0x0000000000000251       0x2b D:/devkitPro/libnds/lib\libnds9.a(sprite.o)
 .ARM.attributes
                0x000000000000027c       0x2b D:/devkitPro/libnds/lib\libnds9.a(keys.o)
 .ARM.attributes
                0x00000000000002a7       0x2b D:/devkitPro/libnds/lib\libnds9.a(initSystem.o)
 .ARM.attributes
                0x00000000000002d2       0x2b D:/devkitPro/libnds/lib\libnds9.a(timeSupport.o)
 .ARM.attributes
                0x00000000000002fd       0x2b D:/devkitPro/libnds/lib\libnds9.a(securearea.o)
 .ARM.attributes
                0x0000000000000328       0x2b D:/devkitPro/libnds/lib\libnds9.a(interrupts.o)
 .ARM.attributes
                0x0000000000000353       0x2b D:/devkitPro/libnds/lib\libnds9.a(libnds_exit.arm.o)
 .ARM.attributes
                0x000000000000037e       0x2b D:/devkitPro/libnds/lib\libnds9.a(fifosystem.o)
 .ARM.attributes
                0x00000000000003a9       0x1b D:/devkitPro/libnds/lib\libnds9.a(dcache.o)
 .ARM.attributes
                0x00000000000003c4       0x21 D:/devkitPro/libnds/lib\libnds9.a(mpu_setup.o)
 .ARM.attributes
                0x00000000000003e5       0x21 D:/devkitPro/libnds/lib\libnds9.a(IntrWait.o)
 .ARM.attributes
                0x0000000000000406       0x21 D:/devkitPro/libnds/lib\libnds9.a(cpu_clock.o)
 .ARM.attributes
                0x0000000000000427       0x1b D:/devkitPro/libnds/lib\libnds9.a(interruptDispatcher.o)
 .ARM.attributes
                0x0000000000000442       0x21 D:/devkitPro/libnds/lib\libnds9.a(swiSoftReset.o)
 .ARM.attributes
                0x0000000000000463       0x14 D:/devkitPro/libnds/lib\libnds9.a(default_font.bin.o)
 .ARM.attributes
                0x0000000000000477       0x2b D:/devkitPro/libnds/lib\libnds9.a(video.o)
 .ARM.attributes
                0x00000000000004a2       0x2b D:/devkitPro/libnds/lib\libnds9.a(system.o)
 .ARM.attributes
                0x00000000000004cd       0x1b D:/devkitPro/libnds/lib\libnds9.a(biosCalls.o)
 .ARM.attributes
                0x00000000000004e8       0x1c d:/devkitpro/devkitarm/bin/../lib/gcc/arm-none-eabi/10.2.0/thumb\libgcc.a(_divsi3.o)
 .ARM.attributes
                0x0000000000000504       0x1c d:/devkitpro/devkitarm/bin/../lib/gcc/arm-none-eabi/10.2.0/thumb\libgcc.a(_dvmd_tls.o)
 .ARM.attributes
                0x0000000000000520       0x2a d:/devkitpro/devkitarm/bin/../lib/gcc/arm-none-eabi/10.2.0/../../../../arm-none-eabi/lib/thumb\libg.a(lib_a-fclose.o)
 .ARM.attributes
                0x000000000000054a       0x2a d:/devkitpro/devkitarm/bin/../lib/gcc/arm-none-eabi/10.2.0/../../../../arm-none-eabi/lib/thumb\libg.a(lib_a-fflush.o)
 .ARM.attributes
                0x0000000000000574       0x2a d:/devkitpro/devkitarm/bin/../lib/gcc/arm-none-eabi/10.2.0/../../../../arm-none-eabi/lib/thumb\libg.a(lib_a-findfp.o)
 .ARM.attributes
                0x000000000000059e       0x2a d:/devkitpro/devkitarm/bin/../lib/gcc/arm-none-eabi/10.2.0/../../../../arm-none-eabi/lib/thumb\libg.a(lib_a-fopen.o)
 .ARM.attributes
                0x00000000000005c8       0x2a d:/devkitpro/devkitarm/bin/../lib/gcc/arm-none-eabi/10.2.0/../../../../arm-none-eabi/lib/thumb\libg.a(lib_a-fread.o)
 .ARM.attributes
                0x00000000000005f2       0x2a d:/devkitpro/devkitarm/bin/../lib/gcc/arm-none-eabi/10.2.0/../../../../arm-none-eabi/lib/thumb\libg.a(lib_a-freer.o)
 .ARM.attributes
                0x000000000000061c       0x2a d:/devkitpro/devkitarm/bin/../lib/gcc/arm-none-eabi/10.2.0/../../../../arm-none-eabi/lib/thumb\libg.a(lib_a-fseek.o)
 .ARM.attributes
                0x0000000000000646       0x2a d:/devkitpro/devkitarm/bin/../lib/gcc/arm-none-eabi/10.2.0/../../../../arm-none-eabi/lib/thumb\libg.a(lib_a-fseeko.o)
 .ARM.attributes
                0x0000000000000670       0x2a d:/devkitpro/devkitarm/bin/../lib/gcc/arm-none-eabi/10.2.0/../../../../arm-none-eabi/lib/thumb\libg.a(lib_a-ftello.o)
 .ARM.attributes
                0x000000000000069a       0x2a d:/devkitpro/devkitarm/bin/../lib/gcc/arm-none-eabi/10.2.0/../../../../arm-none-eabi/lib/thumb\libg.a(lib_a-fwalk.o)
 .ARM.attributes
                0x00000000000006c4       0x30 d:/devkitpro/devkitarm/bin/../lib/gcc/arm-none-eabi/10.2.0/../../../../arm-none-eabi/lib/thumb\libg.a(lib_a-impure.o)
 .ARM.attributes
                0x00000000000006f4       0x2a d:/devkitpro/devkitarm/bin/../lib/gcc/arm-none-eabi/10.2.0/../../../../arm-none-eabi/lib/thumb\libg.a(lib_a-init.o)
 .ARM.attributes
                0x000000000000071e       0x2a d:/devkitpro/devkitarm/bin/../lib/gcc/arm-none-eabi/10.2.0/../../../../arm-none-eabi/lib/thumb\libg.a(lib_a-iprintf.o)
 .ARM.attributes
                0x0000000000000748       0x2a d:/devkitpro/devkitarm/bin/../lib/gcc/arm-none-eabi/10.2.0/../../../../arm-none-eabi/lib/thumb\libg.a(lib_a-makebuf.o)
 .ARM.attributes
                0x0000000000000772       0x2a d:/devkitpro/devkitarm/bin/../lib/gcc/arm-none-eabi/10.2.0/../../../../arm-none-eabi/lib/thumb\libg.a(lib_a-malloc.o)
 .ARM.attributes
                0x000000000000079c       0x2a d:/devkitpro/devkitarm/bin/../lib/gcc/arm-none-eabi/10.2.0/../../../../arm-none-eabi/lib/thumb\libg.a(lib_a-mallocr.o)
 .ARM.attributes
                0x00000000000007c6       0x2a d:/devkitpro/devkitarm/bin/../lib/gcc/arm-none-eabi/10.2.0/../../../../arm-none-eabi/lib/thumb\libg.a(lib_a-memcpy-stub.o)
 .ARM.attributes