Archive member included to satisfy reference by file (symbol)

D:/devkitPro/libnds/lib\libgl2d.a(gl2d.o)
                              main.o (glScreen2D)
D:/devkitPro/libnds/lib\libnds9.a(touch.o)
                              main.o (touchRead)
D:/devkitPro/libnds/lib\libnds9.a(console.o)
                              main.o (consoleDemoInit)
D:/devkitPro/libnds/lib\libnds9.a(trig.o)
                              D:/devkitPro/libnds/lib\libgl2d.a(gl2d.o) (sinLerp)
D:/devkitPro/libnds/lib\libnds9.a(videoGL.o)
                              D:/devkitPro/libnds/lib\libgl2d.a(gl2d.o) (glMaterialf)
D:/devkitPro/libnds/lib\libnds9.a(keys.o)
                              main.o (scanKeys)
D:/devkitPro/libnds/lib\libnds9.a(initSystem.o)
                              d:/devkitpro/devkitarm/bin/../lib/gcc/arm-none-eabi/10.2.0/../../../../arm-none-eabi/lib/thumb/ds_arm9_crt0.o (initSystem)
D:/devkitPro/libnds/lib\libnds9.a(timeSupport.o)
                              D:/devkitPro/libnds/lib\libnds9.a(initSystem.o) (__libnds_gtod)
D:/devkitPro/libnds/lib\libnds9.a(securearea.o)
                              d:/devkitpro/devkitarm/bin/../lib/gcc/arm-none-eabi/10.2.0/../../../../arm-none-eabi/lib/thumb/ds_arm9_crt0.o (__secure_area__)
D:/devkitPro/libnds/lib\libnds9.a(interrupts.o)
                              main.o (irqSet)
D:/devkitPro/libnds/lib\libnds9.a(libnds_exit.arm.o)
                              d:/devkitpro/devkitarm/bin/../lib/gcc/arm-none-eabi/10.2.0/../../../../arm-none-eabi/lib/thumb/ds_arm9_crt0.o (__libnds_exit)
D:/devkitPro/libnds/lib\libnds9.a(fifosystem.o)
                              D:/devkitPro/libnds/lib\libnds9.a(initSystem.o) (fifoSetValue32Handler)
D:/devkitPro/libnds/lib\libnds9.a(mpu_setup.o)
                              d:/devkitpro/devkitarm/bin/../lib/gcc/arm-none-eabi/10.2.0/../../../../arm-none-eabi/lib/thumb/ds_arm9_crt0.o (__libnds_mpu_setup)
D:/devkitPro/libnds/lib\libnds9.a(IntrWait.o)
                              main.o (swiWaitForVBlank)
D:/devkitPro/libnds/lib\libnds9.a(cpu_clock.o)
                              D:/devkitPro/libnds/lib\libnds9.a(initSystem.o) (setCpuClock)
D:/devkitPro/libnds/lib\libnds9.a(interruptDispatcher.o)
                              D:/devkitPro/libnds/lib\libnds9.a(interrupts.o) (IntrMain)
D:/devkitPro/libnds/lib\libnds9.a(debugprint.o)
                              D:/devkitPro/libnds/lib\libnds9.a(console.o) (nocashWrite)
D:/devkitPro/libnds/lib\libnds9.a(swiSoftReset.o)
                              D:/devkitPro/libnds/lib\libnds9.a(fifosystem.o) (swiSoftReset)
D:/devkitPro/libnds/lib\libnds9.a(biosCalls.o)
                              D:/devkitPro/libnds/lib\libnds9.a(videoGL.o) (swiCopy)
D:/devkitPro/libnds/lib\libnds9.a(default_font.bin.o)
                              D:/devkitPro/libnds/lib\libnds9.a(console.o) (default_font_bin)
D:/devkitPro/libnds/lib\libnds9.a(background.o)
                              D:/devkitPro/libnds/lib\libnds9.a(console.o) (bgState)
D:/devkitPro/libnds/lib\libnds9.a(dynamicArray.o)
                              D:/devkitPro/libnds/lib\libnds9.a(videoGL.o) (DynamicArrayInit)
D:/devkitPro/libnds/lib\libnds9.a(video.o)
                              D:/devkitPro/libnds/lib\libnds9.a(videoGL.o) (vramSetBanks_EFG)
D:/devkitPro/libnds/lib\libnds9.a(system.o)
                              D:/devkitPro/libnds/lib\libnds9.a(initSystem.o) (systemValueHandler)
d:/devkitpro/devkitarm/bin/../lib/gcc/arm-none-eabi/10.2.0/thumb\libgcc.a(_divsi3.o)
                              D:/devkitPro/libnds/lib\libgl2d.a(gl2d.o) (__aeabi_idiv)
d:/devkitpro/devkitarm/bin/../lib/gcc/arm-none-eabi/10.2.0/thumb\libgcc.a(_dvmd_tls.o)
                              d:/devkitpro/devkitarm/bin/../lib/gcc/arm-none-eabi/10.2.0/thumb\libgcc.a(_divsi3.o) (__aeabi_idiv0)
d:/devkitpro/devkitarm/bin/../lib/gcc/arm-none-eabi/10.2.0/thumb\libgcc.a(_muldi3.o)
                              D:/devkitPro/libnds/lib\libgl2d.a(gl2d.o) (__aeabi_lmul)
d:/devkitpro/devkitarm/bin/../lib/gcc/arm-none-eabi/10.2.0/../../../../arm-none-eabi/lib/thumb\libg.a(lib_a-bsearch.o)
                              D:/devkitPro/libnds/lib\libnds9.a(trig.o) (bsearch)
d:/devkitpro/devkitarm/bin/../lib/gcc/arm-none-eabi/10.2.0/../../../../arm-none-eabi/lib/thumb\libg.a(lib_a-calloc.o)
                              D:/devkitPro/libnds/lib\libnds9.a(videoGL.o) (calloc)
d:/devkitpro/devkitarm/bin/../lib/gcc/arm-none-eabi/10.2.0/../../../../arm-none-eabi/lib/thumb\libg.a(lib_a-callocr.o)
                              d:/devkitpro/devkitarm/bin/../lib/gcc/arm-none-eabi/10.2.0/../../../../arm-none-eabi/lib/thumb\libg.a(lib_a-calloc.o) (_calloc_r)
d:/devkitpro/devkitarm/bin/../lib/gcc/arm-none-eabi/10.2.0/../../../../arm-none-eabi/lib/thumb\libg.a(lib_a-init.o)
                              d:/devkitpro/devkitarm/bin/../lib/gcc/arm-none-eabi/10.2.0/../../../../arm-none-eabi/lib/thumb/ds_arm9_crt0.o (__libc_init_array)
[...]
Memory Configuration

Name             Origin             Length             Attributes
ewram            0x0000000002000000 0x0000000000380000
dtcm             0x0000000002ff0000 0x0000000000004000
vectors          0x0000000001000000 0x0000000000000100
itcm             0x0000000001000100 0x0000000000007f00
*default*        0x0000000000000000 0xffffffffffffffff

Linker script and memory map

                0x0000000002380000                __ewram_end = (ORIGIN (ewram) + LENGTH (ewram))
                0x0000000002380000                __eheap_end = (ORIGIN (ewram) + LENGTH (ewram))
                0x0000000002ff4000                __dtcm_top = (ORIGIN (dtcm) + LENGTH (dtcm))
                0x0000000002ff3ff8                __irq_flags = (__dtcm_top - 0x8)
                0x0000000002ff3ffc                __irq_vector = (__dtcm_top - 0x4)
                0x0000000002ff3f00                __sp_svc = (__dtcm_top - 0x100)
                0x0000000002ff3e00                __sp_irq = (__sp_svc - 0x100)
                0x0000000002ff3d00                __sp_usr = (__sp_irq - 0x100)

.secure         0x0000000002000000      0x800
 *(.secure)
 .secure        0x0000000002000000      0x800 D:/devkitPro/libnds/lib\libnds9.a(securearea.o)
                0x0000000002000000                __secure_area__

.crt0           0x0000000002000800      0x300
                0x0000000002000800                __text_start = .
 *(.crt0)
 .crt0          0x0000000002000800      0x300 d:/devkitpro/devkitarm/bin/../lib/gcc/arm-none-eabi/10.2.0/../../../../arm-none-eabi/lib/thumb/ds_arm9_crt0.o
                0x0000000002000800                _start
                0x0000000002000b00                . = ALIGN (0x4)

.plt
 *(.plt)

.init           0x0000000002000b00        0xc
 *(SORT_NONE(.init))
 .init          0x0000000002000b00        0x4 d:/devkitpro/devkitarm/bin/../lib/gcc/arm-none-eabi/10.2.0/thumb/crti.o
                0x0000000002000b00                _init
 .init          0x0000000002000b04        0x8 d:/devkitpro/devkitarm/bin/../lib/gcc/arm-none-eabi/10.2.0/thumb/crtn.o

.text           0x0000000002000b10     0xbb30
 *(EXCLUDE_FILE(*.twl* *.vectors* *.itcm*) .text)
 .text          0x0000000002000b10       0x10 main.o
                0x0000000002000b10                Vblank()
 .text          0x0000000002000b20     0x1768 D:/devkitPro/libnds/lib\libgl2d.a(gl2d.o)
                0x0000000002000b20                SetOrtho
                0x0000000002000cc4                glScreen2D
                0x0000000002001238                glBegin2D
                0x00000000020012b8                glEnd2D
                0x00000000020012d4                glPutPixel
                0x0000000002001330                glLine
                0x00000000020013a0                glBox
                0x0000000002001450                glBoxFilled
                0x00000000020014d8                glBoxFilledGradient
                0x0000000002001578                glTriangle
                0x00000000020015f8                glTriangleFilled
                0x0000000002001670                glTriangleFilledGradient
                0x00000000020016f8                glSprite
                0x00000000020017ec                glSpriteScale
                0x0000000002001900                glSpriteScaleXY
                0x0000000002001a0c                glSpriteRotate
                0x0000000002001b84                glSpriteRotateScale
                0x0000000002001d0c                glSpriteRotateScaleXY
                0x0000000002001e98                glSpriteStretchHorizontal
                0x0000000002002004                glSpriteOnQuad
                0x000000000200212c                glLoadSpriteSet
                0x00000000020021bc                glLoadTileSet
 .text          0x0000000002002288      0x150 d:/devkitpro/devkitarm/bin/../lib/gcc/arm-none-eabi/10.2.0/thumb\libgcc.a(_divsi3.o)
                0x0000000002002288                __divsi3
                0x0000000002002288                __aeabi_idiv
                0x00000000020023b8                __aeabi_idivmod
 .text          0x00000000020023d8        0x4 d:/devkitpro/devkitarm/bin/../lib/gcc/arm-none-eabi/10.2.0/thumb\libgcc.a(_dvmd_tls.o)
                0x00000000020023d8                __aeabi_idiv0
                0x00000000020023d8                __aeabi_ldiv0
 .text          0x00000000020023dc      0x224 d:/devkitpro/devkitarm/bin/../lib/gcc/arm-none-eabi/10.2.0/../../../../arm-none-eabi/lib/thumb\libg.a(lib_a-strcmp.o)
                0x00000000020023dc                strcmp
 .text          0x0000000002002600       0x14 d:/devkitpro/devkitarm/bin/../lib/gcc/arm-none-eabi/10.2.0/thumb\libgcc.a(_thumb1_case_uqi.o)
                0x0000000002002600                __gnu_thumb1_case_uqi
 .text          0x0000000002002614       0x14 d:/devkitpro/devkitarm/bin/../lib/gcc/arm-none-eabi/10.2.0/thumb\libgcc.a(_thumb1_case_uhi.o)
                0x0000000002002614                __gnu_thumb1_case_uhi
 .text          0x0000000002002628      0x11c d:/devkitpro/devkitarm/bin/../lib/gcc/arm-none-eabi/10.2.0/thumb\libgcc.a(_udivsi3.o)
                0x0000000002002628                __aeabi_uidiv
                0x0000000002002628                __udivsi3
                0x0000000002002724                __aeabi_uidivmod
 .text          0x0000000002002744       0x3c d:/devkitpro/devkitarm/bin/../lib/gcc/arm-none-eabi/10.2.0/thumb\libgcc.a(_aeabi_uldivmod.o)
                0x0000000002002744                __aeabi_uldivmod
 .text          0x0000000002002780       0x28 d:/devkitpro/devkitarm/bin/../lib/gcc/arm-none-eabi/10.2.0/thumb\libgcc.a(_clzdi2.o)
                0x0000000002002780                __clzdi2
 .text          0x00000000020027a8       0x48 d:/devkitpro/devkitarm/bin/../lib/gcc/arm-none-eabi/10.2.0/thumb\libgcc.a(_clzsi2.o)
                0x00000000020027a8                __clzsi2
 *(EXCLUDE_FILE(*.twl* *.vectors* *.itcm*) .stub)
 *(EXCLUDE_FILE(*.twl* *.vectors* *.itcm*) .text.*)
 .text.__do_global_dtors_aux
                0x00000000020027f0       0x2c d:/devkitpro/devkitarm/bin/../lib/gcc/arm-none-eabi/10.2.0/thumb/crtbegin.o
 .text.frame_dummy
                0x000000000200281c       0x24 d:/devkitpro/devkitarm/bin/../lib/gcc/arm-none-eabi/10.2.0/thumb/crtbegin.o
 .text.startup  0x0000000002002840       0xac main.o
                0x0000000002002840                main
 .text.touchRead
                0x00000000020028ec       0x24 D:/devkitPro/libnds/lib\libnds9.a(touch.o)
                0x00000000020028ec                touchRead
 .text.newRow   0x0000000002002910       0xb0 D:/devkitPro/libnds/lib\libnds9.a(console.o)
 .text.consolePrintChar
                0x00000000020029c0       0xec D:/devkitPro/libnds/lib\libnds9.a(console.o)
                0x00000000020029c0                consolePrintChar
 .text.con_write
                0x0000000002002aac      0x374 D:/devkitPro/libnds/lib\libnds9.a(console.o)
                0x0000000002002aac                con_write
 .text.consoleLoadFont
                0x0000000002002e20      0x2a8 D:/devkitPro/libnds/lib\libnds9.a(console.o)
                0x0000000002002e20                consoleLoadFont
 .text.consoleInit
                0x00000000020030c8      0x194 D:/devkitPro/libnds/lib\libnds9.a(console.o)
                0x00000000020030c8                consoleInit
 .text.consoleDemoInit
                0x000000000200325c       0x40 D:/devkitPro/libnds/lib\libnds9.a(console.o)
                0x000000000200325c                consoleDemoInit
 .text.sinLutLookup
                0x000000000200329c       0x38 D:/devkitPro/libnds/lib\libnds9.a(trig.o)
                0x000000000200329c                sinLutLookup
 .text.sinLerp  0x00000000020032d4       0x40 D:/devkitPro/libnds/lib\libnds9.a(trig.o)
                0x00000000020032d4                sinLerp
 .text.cosLerp  0x0000000002003314       0x4c D:/devkitPro/libnds/lib\libnds9.a(trig.o)
                0x0000000002003314                cosLerp
 .text.tanLerp  0x0000000002003360       0xa4 D:/devkitPro/libnds/lib\libnds9.a(trig.o)
                0x0000000002003360                tanLerp
 .text.vramBlock__deallocateBlock.part.0
                0x0000000002003404      0x184 D:/devkitPro/libnds/lib\libnds9.a(videoGL.o)
 .text.glMaterialf
                0x0000000002003588       0x7c D:/devkitPro/libnds/lib\libnds9.a(videoGL.o)
                0x0000000002003588                glMaterialf
 .text.vramBlock_init
                0x0000000002003604       0x5c D:/devkitPro/libnds/lib\libnds9.a(videoGL.o)
                0x0000000002003604                vramBlock_init
 .text.vramBlock__allocateBlock
                0x0000000002003660      0x178 D:/devkitPro/libnds/lib\libnds9.a(videoGL.o)
                0x0000000002003660                vramBlock__allocateBlock
 .text.vramBlock_examineSpecial
                0x00000000020037d8      0x244 D:/devkitPro/libnds/lib\libnds9.a(videoGL.o)
                0x00000000020037d8                vramBlock_examineSpecial
 .text.vramBlock_allocateSpecial
                0x0000000002003a1c       0x6c D:/devkitPro/libnds/lib\libnds9.a(videoGL.o)
                0x0000000002003a1c                vramBlock_allocateSpecial
 .text.vramBlock_allocateBlock
                0x0000000002003a88       0x30 D:/devkitPro/libnds/lib\libnds9.a(videoGL.o)
                0x0000000002003a88                vramBlock_allocateBlock
 .text.vramBlock_deallocateBlock
                0x0000000002003ab8       0x48 D:/devkitPro/libnds/lib\libnds9.a(videoGL.o)
                0x0000000002003ab8                vramBlock_deallocateBlock
 .text.removePaletteFromTexture.part.0
                0x0000000002003b00       0x68 D:/devkitPro/libnds/lib\libnds9.a(videoGL.o)
 .text.glInit_C
                0x0000000002003b68      0x1cc D:/devkitPro/libnds/lib\libnds9.a(videoGL.o)
                0x0000000002003b68                glInit_C
 .text.glGenTextures
                0x0000000002003d34       0x80 D:/devkitPro/libnds/lib\libnds9.a(videoGL.o)
                0x0000000002003d34                glGenTextures
 .text.vramGetBank
                0x0000000002003db4       0xb8 D:/devkitPro/libnds/lib\libnds9.a(videoGL.o)
                0x0000000002003db4                vramGetBank
 .text.glBindTexture
                0x0000000002003e6c       0x60 D:/devkitPro/libnds/lib\libnds9.a(videoGL.o)
                0x0000000002003e6c                glBindTexture
 .text.glColorTableEXT
                0x0000000002003ecc      0x1d8 D:/devkitPro/libnds/lib\libnds9.a(videoGL.o)
                0x0000000002003ecc                glColorTableEXT
 .text.glTexImage2D
                0x00000000020040a4      0x414 D:/devkitPro/libnds/lib\libnds9.a(videoGL.o)
                0x00000000020040a4                glTexImage2D
 .text.scanKeys
                0x00000000020044b8       0x8c D:/devkitPro/libnds/lib\libnds9.a(keys.o)
                0x00000000020044b8                scanKeys
 .text.keysDown
                0x0000000002004544       0x14 D:/devkitPro/libnds/lib\libnds9.a(keys.o)
                0x0000000002004544                keysDown
 .text.initSystem
                0x0000000002004558      0x198 D:/devkitPro/libnds/lib\libnds9.a(initSystem.o)
                0x0000000002004558                initSystem
 .text.__libnds_gtod
                0x00000000020046f0       0x28 D:/devkitPro/libnds/lib\libnds9.a(timeSupport.o)
                0x00000000020046f0                __libnds_gtod
 .text.irqDummy
                0x0000000002004718        0x4 D:/devkitPro/libnds/lib\libnds9.a(interrupts.o)
                0x0000000002004718                irqDummy
 .text.irqSet   0x000000000200471c       0x6c D:/devkitPro/libnds/lib\libnds9.a(interrupts.o)
                0x000000000200471c                irqSet
 .text.irqInit  0x0000000002004788       0x50 D:/devkitPro/libnds/lib\libnds9.a(interrupts.o)
                0x0000000002004788                irqInit
 .text.irqEnable
                0x00000000020047d8       0x64 D:/devkitPro/libnds/lib\libnds9.a(interrupts.o)
                0x00000000020047d8                irqEnable
 .text.systemErrorExit
                0x000000000200483c        0x4 D:/devkitPro/libnds/lib\libnds9.a(libnds_exit.arm.o)
                0x000000000200483c                systemErrorExit
 .text.__libnds_exit
                0x0000000002004840       0x5c D:/devkitPro/libnds/lib\libnds9.a(libnds_exit.arm.o)
                0x0000000002004840                __libnds_exit
 .text.fifo_queueBlock
                0x000000000200489c       0x44 D:/devkitPro/libnds/lib\libnds9.a(fifosystem.o)
 .text.fifo_waitBlock
                0x00000000020048e0       0x80 D:/devkitPro/libnds/lib\libnds9.a(fifosystem.o)
 .text.fifoInternalSend.part.0
                0x0000000002004960       0xd4 D:/devkitPro/libnds/lib\libnds9.a(fifosystem.o)
 .text.fifoInternalSendInterrupt
                0x0000000002004a34       0xa8 D:/devkitPro/libnds/lib\libnds9.a(fifosystem.o)
 .text.fifoSetValue32Handler
                0x0000000002004adc       0xd8 D:/devkitPro/libnds/lib\libnds9.a(fifosystem.o)
                0x0000000002004adc                fifoSetValue32Handler
 .text.fifoSendValue32
                0x0000000002004bb4       0x4c D:/devkitPro/libnds/lib\libnds9.a(fifosystem.o)
                0x0000000002004bb4                fifoSendValue32
 .text.fifoGetDatamsg
                0x0000000002004c00       0xf4 D:/devkitPro/libnds/lib\libnds9.a(fifosystem.o)
                0x0000000002004c00                fifoGetDatamsg
 .text.fifoInternalRecvInterrupt
                0x0000000002004cf4      0x380 D:/devkitPro/libnds/lib\libnds9.a(fifosystem.o)
 .text.fifoSetDatamsgHandler
                0x0000000002005074       0x9c D:/devkitPro/libnds/lib\libnds9.a(fifosystem.o)
                0x0000000002005074                fifoSetDatamsgHandler
 .text.fifoInit
                0x0000000002005110       0xf8 D:/devkitPro/libnds/lib\libnds9.a(fifosystem.o)
                0x0000000002005110                fifoInit
 .text.__libnds_mpu_setup
                0x0000000002005208      0x174 D:/devkitPro/libnds/lib\libnds9.a(mpu_setup.o)
                0x0000000002005208                __libnds_mpu_setup
 .text.memUncached
                0x000000000200537c       0x20 D:/devkitPro/libnds/lib\libnds9.a(mpu_setup.o)
                0x000000000200537c                memUncached
 .text.swiWaitForVBlank
                0x000000000200539c        0x8 D:/devkitPro/libnds/lib\libnds9.a(IntrWait.o)
                0x000000000200539c                swiWaitForVBlank
 .text.swiIntrWait
                0x00000000020053a4       0x70 D:/devkitPro/libnds/lib\libnds9.a(IntrWait.o)
                0x00000000020053a4                swiIntrWait
 .text.setCpuClock
                0x0000000002005414       0x50 D:/devkitPro/libnds/lib\libnds9.a(cpu_clock.o)
                0x0000000002005414                setCpuClock
 .text.swiSoftReset
                0x0000000002005464       0x2c D:/devkitPro/libnds/lib\libnds9.a(swiSoftReset.o)
                0x0000000002005464                swiSoftReset
 .text.swiDelay
                0x0000000002005490        0x4 D:/devkitPro/libnds/lib\libnds9.a(biosCalls.o)
                0x0000000002005490                swiDelay
 .text.swiCopy  0x0000000002005494        0x4 D:/devkitPro/libnds/lib\libnds9.a(biosCalls.o)
                0x0000000002005494                swiCopy
 .text.checkIfText
                0x0000000002005498       0x5c D:/devkitPro/libnds/lib\libnds9.a(background.o)
                0x0000000002005498                checkIfText
 .text.bgUpdate
                0x00000000020054f4       0xf4 D:/devkitPro/libnds/lib\libnds9.a(background.o)
                0x00000000020054f4                bgUpdate
 .text.bgInit_call
                0x00000000020055e8       0xc4 D:/devkitPro/libnds/lib\libnds9.a(background.o)
                0x00000000020055e8                bgInit_call
 .text.bgInitSub_call
                0x00000000020056ac       0xcc D:/devkitPro/libnds/lib\libnds9.a(background.o)
                0x00000000020056ac                bgInitSub_call
 .text.DynamicArrayInit
                0x0000000002005778       0x18 D:/devkitPro/libnds/lib\libnds9.a(dynamicArray.o)
                0x0000000002005778                DynamicArrayInit
 .text.DynamicArrayGet
                0x0000000002005790       0x18 D:/devkitPro/libnds/lib\libnds9.a(dynamicArray.o)
                0x0000000002005790                DynamicArrayGet
 .text.DynamicArraySet
                0x00000000020057a8       0x48 D:/devkitPro/libnds/lib\libnds9.a(dynamicArray.o)
                0x00000000020057a8                DynamicArraySet
 .text.vramRestorePrimaryBanks
                0x00000000020057f0        0xc D:/devkitPro/libnds/lib\libnds9.a(video.o)
                0x00000000020057f0                vramRestorePrimaryBanks
 .text.vramRestoreBanks_EFG
                0x00000000020057fc        0xc D:/devkitPro/libnds/lib\libnds9.a(video.o)
                0x00000000020057fc                vramRestoreBanks_EFG
 .text.vramDefault
                0x0000000002005808       0xd0 D:/devkitPro/libnds/lib\libnds9.a(video.o)
                0x0000000002005808                vramDefault
 .text.systemValueHandler
                0x00000000020058d8       0x48 D:/devkitPro/libnds/lib\libnds9.a(system.o)
                0x00000000020058d8                systemValueHandler
 .text.systemMsgHandler
                0x0000000002005920       0x60 D:/devkitPro/libnds/lib\libnds9.a(system.o)
                0x0000000002005920                systemMsgHandler
 .text.powerOn  0x0000000002005980       0x2c D:/devkitPro/libnds/lib\libnds9.a(system.o)
                0x0000000002005980                powerOn
 .text.__muldi3
                0x00000000020059ac       0x54 d:/devkitpro/devkitarm/bin/../lib/gcc/arm-none-eabi/10.2.0/thumb\libgcc.a(_muldi3.o)
                0x00000000020059ac                __muldi3
                0x00000000020059ac                __aeabi_lmul
 .text.calloc   0x0000000002005a00       0x18 d:/devkitpro/devkitarm/bin/../lib/gcc/arm-none-eabi/10.2.0/../../../../arm-none-eabi/lib/thumb\libg.a(lib_a-calloc.o)
                0x0000000002005a00                calloc
 .text._calloc_r
                0x0000000002005a18       0x60 d:/devkitpro/devkitarm/bin/../lib/gcc/arm-none-eabi/10.2.0/../../../../arm-none-eabi/lib/thumb\libg.a(lib_a-callocr.o)
                0x0000000002005a18                _calloc_r
 .text.__libc_init_array
                0x0000000002005a78       0x50 d:/devkitpro/devkitarm/bin/../lib/gcc/arm-none-eabi/10.2.0/../../../../arm-none-eabi/lib/thumb\libg.a(lib_a-init.o)
                0x0000000002005a78                __libc_init_array
 .text.iprintf  0x0000000002005ac8       0x24 d:/devkitpro/devkitarm/bin/../lib/gcc/arm-none-eabi/10.2.0/../../../../arm-none-eabi/lib/thumb\libg.a(lib_a-iprintf.o)
                0x0000000002005ac8                iprintf
 .text.malloc   0x0000000002005aec       0x14 d:/devkitpro/devkitarm/bin/../lib/gcc/arm-none-eabi/10.2.0/../../../../arm-none-eabi/lib/thumb\libg.a(lib_a-malloc.o)
                0x0000000002005aec                malloc
 .text.free     0x0000000002005b00       0x14 d:/devkitpro/devkitarm/bin/../lib/gcc/arm-none-eabi/10.2.0/../../../../arm-none-eabi/lib/thumb\libg.a(lib_a-malloc.o)
                0x0000000002005b00                free
 .text._malloc_r
                0x0000000002005b14      0x59c d:/devkitpro/devkitarm/bin/../lib/gcc/arm-none-eabi/10.2.0/../../../../arm-none-eabi/lib/thumb\libg.a(lib_a-mallocr.o)
                0x0000000002005b14                _malloc_r
 .text.memcpy   0x00000000020060b0       0xa8 d:/devkitpro/devkitarm/bin/../lib/gcc/arm-none-eabi/10.2.0/../../../../arm-none-eabi/lib/thumb\libg.a(lib_a-memcpy-stub.o)
                0x00000000020060b0                memcpy
 .text.memset   0x0000000002006158       0xb0 d:/devkitpro/devkitarm/bin/../lib/gcc/arm-none-eabi/10.2.0/../../../../arm-none-eabi/lib/thumb\libg.a(lib_a-memset.o)
                0x0000000002006158                memset
 .text.__malloc_lock
                0x0000000002006208       0x14 d:/devkitpro/devkitarm/bin/../lib/gcc/arm-none-eabi/10.2.0/../../../../arm-none-eabi/lib/thumb\libg.a(lib_a-mlock.o)
                0x0000000002006208                __malloc_lock
 .text.__malloc_unlock
                0x000000000200621c       0x14 d:/devkitpro/devkitarm/bin/../lib/gcc/arm-none-eabi/10.2.0/../../../../arm-none-eabi/lib/thumb\libg.a(lib_a-mlock.o)
                0x000000000200621c                __malloc_unlock
 .text.realloc  0x0000000002006230       0x18 d:/devkitpro/devkitarm/bin/../lib/gcc/arm-none-eabi/10.2.0/../../../../arm-none-eabi/lib/thumb\libg.a(lib_a-realloc.o)
                0x0000000002006230                realloc
 .text._realloc_r
                0x0000000002006248      0x38c d:/devkitpro/devkitarm/bin/../lib/gcc/arm-none-eabi/10.2.0/../../../../arm-none-eabi/lib/thumb\libg.a(lib_a-reallocr.o)
                0x0000000002006248                _realloc_r
 .text.setvbuf  0x00000000020065d4      0x1ac d:/devkitpro/devkitarm/bin/../lib/gcc/arm-none-eabi/10.2.0/../../../../arm-none-eabi/lib/thumb\libg.a(lib_a-setvbuf.o)
                0x00000000020065d4                setvbuf
 .text.siscanf  0x0000000002006780       0x4c d:/devkitpro/devkitarm/bin/../lib/gcc/arm-none-eabi/10.2.0/../../../../arm-none-eabi/lib/thumb\libg.a(lib_a-siscanf.o)
                0x0000000002006780                siscanf
 .text.__sread  0x00000000020067cc       0x34 d:/devkitpro/devkitarm/bin/../lib/gcc/arm-none-eabi/10.2.0/../../../../arm-none-eabi/lib/thumb\libg.a(lib_a-stdio.o)
                0x00000000020067cc                __sread
 .text.__seofread
                0x0000000002006800        0x4 d:/devkitpro/devkitarm/bin/../lib/gcc/arm-none-eabi/10.2.0/../../../../arm-none-eabi/lib/thumb\libg.a(lib_a-stdio.o)
                0x0000000002006800                __seofread
 .text.__swrite
                0x0000000002006804       0x54 d:/devkitpro/devkitarm/bin/../lib/gcc/arm-none-eabi/10.2.0/../../../../arm-none-eabi/lib/thumb\libg.a(lib_a-stdio.o)
                0x0000000002006804                __swrite
 .text.__sseek  0x0000000002006858       0x40 d:/devkitpro/devkitarm/bin/../lib/gcc/arm-none-eabi/10.2.0/../../../../arm-none-eabi/lib/thumb\libg.a(lib_a-stdio.o)
                0x0000000002006858                __sseek
 .text.__sclose
                0x0000000002006898       0x10 d:/devkitpro/devkitarm/bin/../lib/gcc/arm-none-eabi/10.2.0/../../../../arm-none-eabi/lib/thumb\libg.a(lib_a-stdio.o)
                0x0000000002006898                __sclose
 .text.strlen   0x00000000020068a8       0x60 d:/devkitpro/devkitarm/bin/../lib/gcc/arm-none-eabi/10.2.0/../../../../arm-none-eabi/lib/thumb\libg.a(lib_a-strlen-stub.o)
                0x00000000020068a8                strlen
 .text.get_arg  0x0000000002006908       0x32 d:/devkitpro/devkitarm/bin/../lib/gcc/arm-none-eabi/10.2.0/../../../../arm-none-eabi/lib/thumb\libg.a(lib_a-svfiscanf.o)
 .text._sungetc_r
                0x000000000200693a       0x7e d:/devkitpro/devkitarm/bin/../lib/gcc/arm-none-eabi/10.2.0/../../../../arm-none-eabi/lib/thumb\libg.a(lib_a-svfiscanf.o)
                0x000000000200693a                _sungetc_r
 .text.__ssrefill_r
                0x00000000020069b8       0x42 d:/devkitpro/devkitarm/bin/../lib/gcc/arm-none-eabi/10.2.0/../../../../arm-none-eabi/lib/thumb\libg.a(lib_a-svfiscanf.o)
                0x00000000020069b8                __ssrefill_r
 .text._sfread_r
                0x00000000020069fa       0x8a d:/devkitpro/devkitarm/bin/../lib/gcc/arm-none-eabi/10.2.0/../../../../arm-none-eabi/lib/thumb\libg.a(lib_a-svfiscanf.o)
                0x00000000020069fa                _sfread_r
 .text.__ssvfiscanf_r
                0x0000000002006a84     0x1b6c d:/devkitpro/devkitarm/bin/../lib/gcc/arm-none-eabi/10.2.0/../../../../arm-none-eabi/lib/thumb\libg.a(lib_a-svfiscanf.o)
                0x0000000002006a84                __ssvfiscanf_r
 .text.__submore
                0x00000000020085f0       0x88 d:/devkitpro/devkitarm/bin/../lib/gcc/arm-none-eabi/10.2.0/../../../../arm-none-eabi/lib/thumb\libg.a(lib_a-ungetc.o)
                0x00000000020085f0                __submore
 .text.get_arg  0x0000000002008678      0x3f0 d:/devkitpro/devkitarm/bin/../lib/gcc/arm-none-eabi/10.2.0/../../../../arm-none-eabi/lib/thumb\libg.a(lib_a-vfiprintf.o)
 .text.__sprint_r
                0x0000000002008a68       0x20 d:/devkitpro/devkitarm/bin/../lib/gcc/arm-none-eabi/10.2.0/../../../../arm-none-eabi/lib/thumb\libg.a(lib_a-vfiprintf.o)
                0x0000000002008a68                __sprint_r
 .text._vfiprintf_r
                0x0000000002008a88     0x1800 d:/devkitpro/devkitarm/bin/../lib/gcc/arm-none-eabi/10.2.0/../../../../arm-none-eabi/lib/thumb\libg.a(lib_a-vfiprintf.o)
                0x0000000002008a88                _vfiprintf_r
 .text.__sbprintf
                0x000000000200a288       0x8c d:/devkitpro/devkitarm/bin/../lib/gcc/arm-none-eabi/10.2.0/../../../../arm-none-eabi/lib/thumb\libg.a(lib_a-vfiprintf.o)
 .text._wcrtomb_r
                0x000000000200a314       0x5c d:/devkitpro/devkitarm/bin/../lib/gcc/arm-none-eabi/10.2.0/../../../../arm-none-eabi/lib/thumb\libg.a(lib_a-wcrtomb.o)
                0x000000000200a314                _wcrtomb_r
 .text._wcsrtombs_r
                0x000000000200a370       0x1c d:/devkitpro/devkitarm/bin/../lib/gcc/arm-none-eabi/10.2.0/../../../../arm-none-eabi/lib/thumb\libg.a(lib_a-wcsrtombs.o)
                0x000000000200a370                _wcsrtombs_r
 .text.__swsetup_r
                0x000000000200a38c       0xe4 d:/devkitpro/devkitarm/bin/../lib/gcc/arm-none-eabi/10.2.0/../../../../arm-none-eabi/lib/thumb\libg.a(lib_a-wsetup.o)
                0x000000000200a38c                __swsetup_r
 .text.__sflush_r
                0x000000000200a470      0x1c0 d:/devkitpro/devkitarm/bin/../lib/gcc/arm-none-eabi/10.2.0/../../../../arm-none-eabi/lib/thumb\libg.a(lib_a-fflush.o)
                0x000000000200a470                __sflush_r
 .text._fflush_r
                0x000000000200a630       0x70 d:/devkitpro/devkitarm/bin/../lib/gcc/arm-none-eabi/10.2.0/../../../../arm-none-eabi/lib/thumb\libg.a(lib_a-fflush.o)
                0x000000000200a630                _fflush_r
 .text._cleanup_r
                0x000000000200a6a0       0x14 d:/devkitpro/devkitarm/bin/../lib/gcc/arm-none-eabi/10.2.0/../../../../arm-none-eabi/lib/thumb\libg.a(lib_a-findfp.o)
                0x000000000200a6a0                _cleanup_r
 .text.__sinit  0x000000000200a6b4      0x124 d:/devkitpro/devkitarm/bin/../lib/gcc/arm-none-eabi/10.2.0/../../../../arm-none-eabi/lib/thumb\libg.a(lib_a-findfp.o)
                0x000000000200a6b4                __sinit
 .text.__sfp_lock_acquire
                0x000000000200a7d8       0x14 d:/devkitpro/devkitarm/bin/../lib/gcc/arm-none-eabi/10.2.0/../../../../arm-none-eabi/lib/thumb\libg.a(lib_a-findfp.o)
                0x000000000200a7d8                __sfp_lock_acquire
 .text.__sfp_lock_release
                0x000000000200a7ec       0x14 d:/devkitpro/devkitarm/bin/../lib/gcc/arm-none-eabi/10.2.0/../../../../arm-none-eabi/lib/thumb\libg.a(lib_a-findfp.o)
                0x000000000200a7ec                __sfp_lock_release
 .text._malloc_trim_r
                0x000000000200a800       0xa0 d:/devkitpro/devkitarm/bin/../lib/gcc/arm-none-eabi/10.2.0/../../../../arm-none-eabi/lib/thumb\libg.a(lib_a-freer.o)
                0x000000000200a800                _malloc_trim_r
 .text._free_r  0x000000000200a8a0      0x1e0 d:/devkitpro/devkitarm/bin/../lib/gcc/arm-none-eabi/10.2.0/../../../../arm-none-eabi/lib/thumb\libg.a(lib_a-freer.o)
                0x000000000200a8a0                _free_r
 .text.__sfvwrite_r
                0x000000000200aa80      0x324 d:/devkitpro/devkitarm/bin/../lib/gcc/arm-none-eabi/10.2.0/../../../../arm-none-eabi/lib/thumb\libg.a(lib_a-fvwrite.o)
                0x000000000200aa80                __sfvwrite_r
 .text._fwalk_reent
                0x000000000200ada4       0x50 d:/devkitpro/devkitarm/bin/../lib/gcc/arm-none-eabi/10.2.0/../../../../arm-none-eabi/lib/thumb\libg.a(lib_a-fwalk.o)
                0x000000000200ada4                _fwalk_reent
 .text.iswspace
                0x000000000200adf4       0x10 d:/devkitpro/devkitarm/bin/../lib/gcc/arm-none-eabi/10.2.0/../../../../arm-none-eabi/lib/thumb\libg.a(lib_a-iswspace.o)
                0x000000000200adf4                iswspace
 .text._localeconv_r
                0x000000000200ae04        0x8 d:/devkitpro/devkitarm/bin/../lib/gcc/arm-none-eabi/10.2.0/../../../../arm-none-eabi/lib/thumb\libg.a(lib_a-localeconv.o)
                0x000000000200ae04                _localeconv_r
 .text.__locale_mb_cur_max
                0x000000000200ae0c       0x10 d:/devkitpro/devkitarm/bin/../lib/gcc/arm-none-eabi/10.2.0/../../../../arm-none-eabi/lib/thumb\libg.a(lib_a-locale.o)
                0x000000000200ae0c                __locale_mb_cur_max
 .text.__smakebuf_r
                0x000000000200ae1c       0xec d:/devkitpro/devkitarm/bin/../lib/gcc/arm-none-eabi/10.2.0/../../../../arm-none-eabi/lib/thumb\libg.a(lib_a-makebuf.o)
                0x000000000200ae1c                __smakebuf_r
 .text.__swhatbuf_r
                0x000000000200af08       0x64 d:/devkitpro/devkitarm/bin/../lib/gcc/arm-none-eabi/10.2.0/../../../../arm-none-eabi/lib/thumb\libg.a(lib_a-makebuf.o)
                0x000000000200af08                __swhatbuf_r
 .text._mbrtowc_r
                0x000000000200af6c       0x60 d:/devkitpro/devkitarm/bin/../lib/gcc/arm-none-eabi/10.2.0/../../../../arm-none-eabi/lib/thumb\libg.a(lib_a-mbrtowc.o)
                0x000000000200af6c                _mbrtowc_r
 .text.__utf8_mbtowc
                0x000000000200afcc      0x280 d:/devkitpro/devkitarm/bin/../lib/gcc/arm-none-eabi/10.2.0/../../../../arm-none-eabi/lib/thumb\libg.a(lib_a-mbtowc_r.o)
                0x000000000200afcc                __utf8_mbtowc
 .text.memchr   0x000000000200b24c       0x78 d:/devkitpro/devkitarm/bin/../lib/gcc/arm-none-eabi/10.2.0/../../../../arm-none-eabi/lib/thumb\libg.a(lib_a-memchr-stub.o)
                0x000000000200b24c                memchr
 .text.memmove  0x000000000200b2c4       0xbc d:/devkitpro/devkitarm/bin/../lib/gcc/arm-none-eabi/10.2.0/../../../../arm-none-eabi/lib/thumb\libg.a(lib_a-memmove.o)
                0x000000000200b2c4                memmove
 .text.__sccl   0x000000000200b380       0x90 d:/devkitpro/devkitarm/bin/../lib/gcc/arm-none-eabi/10.2.0/../../../../arm-none-eabi/lib/thumb\libg.a(lib_a-sccl.o)
                0x000000000200b380                __sccl
 .text.strncpy  0x000000000200b410       0x74 d:/devkitpro/devkitarm/bin/../lib/gcc/arm-none-eabi/10.2.0/../../../../arm-none-eabi/lib/thumb\libg.a(lib_a-strncpy.o)
                0x000000000200b410                strncpy
 .text._strtoll_l.constprop.0
                0x000000000200b484      0x1ac d:/devkitpro/devkitarm/bin/../lib/gcc/arm-none-eabi/10.2.0/../../../../arm-none-eabi/lib/thumb\libg.a(lib_a-strtoll.o)
 .text._strtoll_r
                0x000000000200b630        0xc d:/devkitpro/devkitarm/bin/../lib/gcc/arm-none-eabi/10.2.0/../../../../arm-none-eabi/lib/thumb\libg.a(lib_a-strtoll.o)
                0x000000000200b630                _strtoll_r
 .text._strtol_l.part.0
                0x000000000200b63c      0x150 d:/devkitpro/devkitarm/bin/../lib/gcc/arm-none-eabi/10.2.0/../../../../arm-none-eabi/lib/thumb\libg.a(lib_a-strtol.o)
 .text._strtol_r
                0x000000000200b78c       0x20 d:/devkitpro/devkitarm/bin/../lib/gcc/arm-none-eabi/10.2.0/../../../../arm-none-eabi/lib/thumb\libg.a(lib_a-strtol.o)
                0x000000000200b78c                _strtol_r
 .text._strtoull_l.constprop.0
                0x000000000200b7ac      0x1c8 d:/devkitpro/devkitarm/bin/../lib/gcc/arm-none-eabi/10.2.0/../../../../arm-none-eabi/lib/thumb\libg.a(lib_a-strtoull.o)
 .text._strtoull_r
                0x000000000200b974        0xc d:/devkitpro/devkitarm/bin/../lib/gcc/arm-none-eabi/10.2.0/../../../../arm-none-eabi/lib/thumb\libg.a(lib_a-strtoull.o)
                0x000000000200b974                _strtoull_r
 .text._strtoul_l.constprop.0
                0x000000000200b980      0x148 d:/devkitpro/devkitarm/bin/../lib/gcc/arm-none-eabi/10.2.0/../../../../arm-none-eabi/lib/thumb\libg.a(lib_a-strtoul.o)
 .text._strtoul_r
                0x000000000200bac8        0xc d:/devkitpro/devkitarm/bin/../lib/gcc/arm-none-eabi/10.2.0/../../../../arm-none-eabi/lib/thumb\libg.a(lib_a-strtoul.o)
                0x000000000200bac8                _strtoul_r
 .text._wcsnrtombs_l
                0x000000000200bad4      0x138 d:/devkitpro/devkitarm/bin/../lib/gcc/arm-none-eabi/10.2.0/../../../../arm-none-eabi/lib/thumb\libg.a(lib_a-wcsnrtombs.o)
                0x000000000200bad4                _wcsnrtombs_l
 .text._wcsnrtombs_r
                0x000000000200bc0c       0x30 d:/devkitpro/devkitarm/bin/../lib/gcc/arm-none-eabi/10.2.0/../../../../arm-none-eabi/lib/thumb\libg.a(lib_a-wcsnrtombs.o)
                0x000000000200bc0c                _wcsnrtombs_r
 .text.__utf8_wctomb
                0x000000000200bc3c       0xb4 d:/devkitpro/devkitarm/bin/../lib/gcc/arm-none-eabi/10.2.0/../../../../arm-none-eabi/lib/thumb\libg.a(lib_a-wctomb_r.o)
                0x000000000200bc3c                __utf8_wctomb
 .text.__errno  0x000000000200bcf0        0xc d:/devkitpro/devkitarm/bin/../lib/gcc/arm-none-eabi/10.2.0/../../../../arm-none-eabi/lib/thumb\libg.a(lib_a-errno.o)
                0x000000000200bcf0                __errno
 .text._fclose_r
                0x000000000200bcfc       0xe8 d:/devkitpro/devkitarm/bin/../lib/gcc/arm-none-eabi/10.2.0/../../../../arm-none-eabi/lib/thumb\libg.a(lib_a-fclose.o)
                0x000000000200bcfc                _fclose_r
 .text.iswspace_l
                0x000000000200bde4       0x2c d:/devkitpro/devkitarm/bin/../lib/gcc/arm-none-eabi/10.2.0/../../../../arm-none-eabi/lib/thumb\libg.a(lib_a-iswspace_l.o)
                0x000000000200bde4                iswspace_l
 .text.__jp2uc  0x000000000200be10      0x164 d:/devkitpro/devkitarm/bin/../lib/gcc/arm-none-eabi/10.2.0/../../../../arm-none-eabi/lib/thumb\libg.a(lib_a-jp2uc.o)
 .text._jp2uc_l
                0x000000000200bf74       0x6c d:/devkitpro/devkitarm/bin/../lib/gcc/arm-none-eabi/10.2.0/../../../../arm-none-eabi/lib/thumb\libg.a(lib_a-jp2uc.o)
                0x000000000200bf74                _jp2uc_l
 .text.category
                0x000000000200bfe0       0x54 d:/devkitpro/devkitarm/bin/../lib/gcc/arm-none-eabi/10.2.0/../../../../arm-none-eabi/lib/thumb\libg.a(lib_a-categories.o)
                0x000000000200bfe0                category
 .text.null_write
                0x000000000200c034        0x4 d:/devkitpro/devkitarm/bin/../lib/gcc/arm-none-eabi/10.2.0/../../../../arm-none-eabi/lib/thumb\libsysbase.a(iosupport.o)
 .text._fstat_r
                0x000000000200c038       0x4c d:/devkitpro/devkitarm/bin/../lib/gcc/arm-none-eabi/10.2.0/../../../../arm-none-eabi/lib/thumb\libsysbase.a(fstat.o)
                0x000000000200c038                _fstat_r
 .text._isatty_r
                0x000000000200c084        0x4 d:/devkitpro/devkitarm/bin/../lib/gcc/arm-none-eabi/10.2.0/../../../../arm-none-eabi/lib/thumb\libsysbase.a(isatty.o)
                0x000000000200c084                _isatty_r
 .text._lseek_r
                0x000000000200c088       0x5c d:/devkitpro/devkitarm/bin/../lib/gcc/arm-none-eabi/10.2.0/../../../../arm-none-eabi/lib/thumb\libsysbase.a(lseek.o)
                0x000000000200c088                _lseek_r
 .text._read_r  0x000000000200c0e4       0x50 d:/devkitpro/devkitarm/bin/../lib/gcc/arm-none-eabi/10.2.0/../../../../arm-none-eabi/lib/thumb\libsysbase.a(read.o)
                0x000000000200c0e4                _read_r
 .text._sbrk_r  0x000000000200c134       0x54 d:/devkitpro/devkitarm/bin/../lib/gcc/arm-none-eabi/10.2.0/../../../../arm-none-eabi/lib/thumb\libsysbase.a(sbrk.o)
                0x000000000200c134                _sbrk_r
 .text._write_r
                0x000000000200c188       0x50 d:/devkitpro/devkitarm/bin/../lib/gcc/arm-none-eabi/10.2.0/../../../../arm-none-eabi/lib/thumb\libsysbase.a(write.o)
                0x000000000200c188                _write_r
 .text.build_argv
                0x000000000200c1d8       0x4c d:/devkitpro/devkitarm/bin/../lib/gcc/arm-none-eabi/10.2.0/../../../../arm-none-eabi/lib/thumb\libsysbase.a(build_argv.o)
                0x000000000200c1d8                build_argv
 .text.__flockfile
                0x000000000200c224       0x10 d:/devkitpro/devkitarm/bin/../lib/gcc/arm-none-eabi/10.2.0/../../../../arm-none-eabi/lib/thumb\libsysbase.a(flock.o)
                0x000000000200c224                __flockfile
 .text.__funlockfile
                0x000000000200c234       0x10 d:/devkitpro/devkitarm/bin/../lib/gcc/arm-none-eabi/10.2.0/../../../../arm-none-eabi/lib/thumb\libsysbase.a(flock.o)
                0x000000000200c234                __funlockfile
 .text.__libc_lock_acquire
                0x000000000200c244       0x1c d:/devkitpro/devkitarm/bin/../lib/gcc/arm-none-eabi/10.2.0/../../../../arm-none-eabi/lib/thumb\libsysbase.a(syscall_support.o)
                0x000000000200c244                __libc_lock_acquire
 .text.__libc_lock_release
                0x000000000200c260       0x1c d:/devkitpro/devkitarm/bin/../lib/gcc/arm-none-eabi/10.2.0/../../../../arm-none-eabi/lib/thumb\libsysbase.a(syscall_support.o)
                0x000000000200c260                __libc_lock_release
 .text.__libc_lock_init_recursive
                0x000000000200c27c       0x1c d:/devkitpro/devkitarm/bin/../lib/gcc/arm-none-eabi/10.2.0/../../../../arm-none-eabi/lib/thumb\libsysbase.a(syscall_support.o)
                0x000000000200c27c                __libc_lock_init_recursive
 .text.__libc_lock_acquire_recursive
                0x000000000200c298       0x1c d:/devkitpro/devkitarm/bin/../lib/gcc/arm-none-eabi/10.2.0/../../../../arm-none-eabi/lib/thumb\libsysbase.a(syscall_support.o)
                0x000000000200c298                __libc_lock_acquire_recursive
 .text.__libc_lock_release_recursive
                0x000000000200c2b4       0x1c d:/devkitpro/devkitarm/bin/../lib/gcc/arm-none-eabi/10.2.0/../../../../arm-none-eabi/lib/thumb\libsysbase.a(syscall_support.o)
                0x000000000200c2b4                __libc_lock_release_recursive
 .text.__libc_lock_close_recursive
                0x000000000200c2d0       0x1c d:/devkitpro/devkitarm/bin/../lib/gcc/arm-none-eabi/10.2.0/../../../../arm-none-eabi/lib/thumb\libsysbase.a(syscall_support.o)
                0x000000000200c2d0                __libc_lock_close_recursive
 .text.__get_handle
                0x000000000200c2ec       0x34 d:/devkitpro/devkitarm/bin/../lib/gcc/arm-none-eabi/10.2.0/../../../../arm-none-eabi/lib/thumb\libsysbase.a(handle_manager.o)
                0x000000000200c2ec                __get_handle
 .text._close_r
                0x000000000200c320       0xb8 d:/devkitpro/devkitarm/bin/../lib/gcc/arm-none-eabi/10.2.0/../../../../arm-none-eabi/lib/thumb\libsysbase.a(handle_manager.o)
                0x000000000200c320                _close_r
 .text.__getreent
                0x000000000200c3d8       0x28 d:/devkitpro/devkitarm/bin/../lib/gcc/arm-none-eabi/10.2.0/../../../../arm-none-eabi/lib/thumb\libsysbase.a(getreent.o)
                0x000000000200c3d8                __getreent
 .text.__udivmoddi4
                0x000000000200c400      0x19c d:/devkitpro/devkitarm/bin/../lib/gcc/arm-none-eabi/10.2.0/thumb\libgcc.a(_udivmoddi4.o)
                0x000000000200c400                __udivmoddi4
 *fill*         0x000000000200c59c        0x4 ff
 .text.__udivmoddi4.__stub
                0x000000000200c5a0       0x90 linker stubs
 *(EXCLUDE_FILE(*.twl*) .gnu.warning)
 *(EXCLUDE_FILE(*.twl*) .gnu.linkonce.t*)
 *(.glue_7)
 .glue_7        0x000000000200c640        0x0 linker stubs
 *(.glue_7t)
 .glue_7t       0x000000000200c640        0x0 linker stubs
                0x000000000200c640                . = ALIGN (0x4)

.vfp11_veneer   0x000000000200c640        0x0
 .vfp11_veneer  0x000000000200c640        0x0 linker stubs

.v4_bx          0x000000000200c640        0x0
 .v4_bx         0x000000000200c640        0x0 linker stubs

.iplt           0x000000000200c640        0x0
 .iplt          0x000000000200c640        0x0 d:/devkitpro/devkitarm/bin/../lib/gcc/arm-none-eabi/10.2.0/../../../../arm-none-eabi/lib/thumb/ds_arm9_crt0.o

.fini           0x000000000200c640        0xc
 *(.fini)
 .fini          0x000000000200c640        0x4 d:/devkitpro/devkitarm/bin/../lib/gcc/arm-none-eabi/10.2.0/thumb/crti.o
                0x000000000200c640                _fini
 .fini          0x000000000200c644        0x8 d:/devkitpro/devkitarm/bin/../lib/gcc/arm-none-eabi/10.2.0/thumb/crtn.o
                0x000000000200c64c                __text_end = .

.rodata         0x000000000200c660     0x9054
 *(EXCLUDE_FILE(*.twl*) .rodata)
 .rodata        0x000000000200c660       0x24 D:/devkitPro/libnds/lib\libnds9.a(videoGL.o)
 *all.rodata*(*)
 *(EXCLUDE_FILE(*.twl*) .roda)
 *(EXCLUDE_FILE(*.twl*) .rodata.*)
 .rodata.str1.4
                0x000000000200c684       0x56 main.o
 *fill*         0x000000000200c6da        0x2 ff
 .rodata.con_write.str1.4
                0x000000000200c6dc       0x30 D:/devkitPro/libnds/lib\libnds9.a(console.o)
 .rodata.con_write
                0x000000000200c70c       0xd4 D:/devkitPro/libnds/lib\libnds9.a(console.o)
 .rodata.str1.4
                0x000000000200c7e0       0x14 D:/devkitPro/libnds/lib\libnds9.a(console.o)
 .rodata.dotab_stdout
                0x000000000200c7f4       0x70 D:/devkitPro/libnds/lib\libnds9.a(console.o)
 .rodata.SIN_LUT
                0x000000000200c864      0x102 D:/devkitPro/libnds/lib\libnds9.a(trig.o)
                0x000000000200c864                SIN_LUT
 *fill*         0x000000000200c966        0x2 ff
 .rodata.TAN_LUT
                0x000000000200c968      0x204 D:/devkitPro/libnds/lib\libnds9.a(trig.o)
                0x000000000200c968                TAN_LUT
 .rodata.glMaterialf
                0x000000000200cb6c       0x44 D:/devkitPro/libnds/lib\libnds9.a(videoGL.o)
 *fill*         0x000000000200cbb0       0x10 ff
 .rodata.default_font_bin
                0x000000000200cbc0     0x2000 D:/devkitPro/libnds/lib\libnds9.a(default_font.bin.o)
                0x000000000200cbc0                default_font_bin
                0x000000000200ebc0                default_font_bin_end
 .rodata.basefix.0
                0x000000000200ebc0       0x22 d:/devkitpro/devkitarm/bin/../lib/gcc/arm-none-eabi/10.2.0/../../../../arm-none-eabi/lib/thumb\libg.a(lib_a-svfiscanf.o)
 .rodata._vfiprintf_r.str1.1
                0x000000000200ebe2       0x29 d:/devkitpro/devkitarm/bin/../lib/gcc/arm-none-eabi/10.2.0/../../../../arm-none-eabi/lib/thumb\libg.a(lib_a-vfiprintf.o)
 *fill*         0x000000000200ec0b        0x1 ff
 .rodata.blanks.1
                0x000000000200ec0c       0x10 d:/devkitpro/devkitarm/bin/../lib/gcc/arm-none-eabi/10.2.0/../../../../arm-none-eabi/lib/thumb\libg.a(lib_a-vfiprintf.o)
 .rodata.zeroes.0
                0x000000000200ec1c       0x10 d:/devkitpro/devkitarm/bin/../lib/gcc/arm-none-eabi/10.2.0/../../../../arm-none-eabi/lib/thumb\libg.a(lib_a-vfiprintf.o)
 .rodata._ctype_
                0x000000000200ec2c      0x101 d:/devkitpro/devkitarm/bin/../lib/gcc/arm-none-eabi/10.2.0/../../../../arm-none-eabi/lib/thumb\libg.a(lib_a-ctype_.o)
                0x000000000200ec2c                _ctype_
 *fill*         0x000000000200ed2d        0x3 ff
 .rodata.str1.4
                0x000000000200ed30       0x48 d:/devkitpro/devkitarm/bin/../lib/gcc/arm-none-eabi/10.2.0/../../../../arm-none-eabi/lib/thumb\libg.a(lib_a-locale.o)
                                         0x4c (size before relaxing)
 .rodata._mbrtowc_r.str1.4
                0x000000000200ed78        0x1 d:/devkitpro/devkitarm/bin/../lib/gcc/arm-none-eabi/10.2.0/../../../../arm-none-eabi/lib/thumb\libg.a(lib_a-mbrtowc.o)
 .rodata.__action_table
                0x000000000200ed78       0x6c d:/devkitpro/devkitarm/bin/../lib/gcc/arm-none-eabi/10.2.0/../../../../arm-none-eabi/lib/thumb\libg.a(lib_a-svfiprintf.o)
                0x000000000200ed78                __action_table
 .rodata.__chclass
                0x000000000200ede4      0x100 d:/devkitpro/devkitarm/bin/../lib/gcc/arm-none-eabi/10.2.0/../../../../arm-none-eabi/lib/thumb\libg.a(lib_a-svfiprintf.o)
                0x000000000200ede4                __chclass
 .rodata.__state_table
                0x000000000200eee4       0x6c d:/devkitpro/devkitarm/bin/../lib/gcc/arm-none-eabi/10.2.0/../../../../arm-none-eabi/lib/thumb\libg.a(lib_a-svfiprintf.o)
                0x000000000200eee4                __state_table
 .rodata.__jp2uc
                0x000000000200ef50       0x20 d:/devkitpro/devkitarm/bin/../lib/gcc/arm-none-eabi/10.2.0/../../../../arm-none-eabi/lib/thumb\libg.a(lib_a-jp2uc.o)
 .rodata._jp2uc_l.str1.4
                0x000000000200ef70       0x12 d:/devkitpro/devkitarm/bin/../lib/gcc/arm-none-eabi/10.2.0/../../../../arm-none-eabi/lib/thumb\libg.a(lib_a-jp2uc.o)
 *fill*         0x000000000200ef82        0x2 ff
 .rodata.a1     0x000000000200ef84       0xbc d:/devkitpro/devkitarm/bin/../lib/gcc/arm-none-eabi/10.2.0/../../../../arm-none-eabi/lib/thumb\libg.a(lib_a-jp2uc.o)
 .rodata.a2     0x000000000200f040       0xbc d:/devkitpro/devkitarm/bin/../lib/gcc/arm-none-eabi/10.2.0/../../../../arm-none-eabi/lib/thumb\libg.a(lib_a-jp2uc.o)
 .rodata.a3     0x000000000200f0fc       0x5b d:/devkitpro/devkitarm/bin/../lib/gcc/arm-none-eabi/10.2.0/../../../../arm-none-eabi/lib/thumb\libg.a(lib_a-jp2uc.o)
 *fill*         0x000000000200f157        0x1 ff
 .rodata.a6     0x000000000200f158       0x70 d:/devkitpro/devkitarm/bin/../lib/gcc/arm-none-eabi/10.2.0/../../../../arm-none-eabi/lib/thumb\libg.a(lib_a-jp2uc.o)
 .rodata.a7     0x000000000200f1c8       0xa2 d:/devkitpro/devkitarm/bin/../lib/gcc/arm-none-eabi/10.2.0/../../../../arm-none-eabi/lib/thumb\libg.a(lib_a-jp2uc.o)
 *fill*         0x000000000200f26a        0x2 ff
 .rodata.a8     0x000000000200f26c       0x40 d:/devkitpro/devkitarm/bin/../lib/gcc/arm-none-eabi/10.2.0/../../../../arm-none-eabi/lib/thumb\libg.a(lib_a-jp2uc.o)
 .rodata.b02cf  0x000000000200f2ac     0x172a d:/devkitpro/devkitarm/bin/../lib/gcc/arm-none-eabi/10.2.0/../../../../arm-none-eabi/lib/thumb\libg.a(lib_a-jp2uc.o)
 *fill*         0x00000000020109d6        0x2 ff
 .rodata.d02f4  0x00000000020109d8     0x1a7c d:/devkitpro/devkitarm/bin/../lib/gcc/arm-none-eabi/10.2.0/../../../../arm-none-eabi/lib/thumb\libg.a(lib_a-jp2uc.o)
 .rodata.categories
                0x0000000002012454     0x31e6 d:/devkitpro/devkitarm/bin/../lib/gcc/arm-none-eabi/10.2.0/../../../../arm-none-eabi/lib/thumb\libg.a(lib_a-categories.o)
 *fill*         0x000000000201563a        0x2 ff
 .rodata.AddDevice.str1.4
                0x000000000201563c        0x8 d:/devkitpro/devkitarm/bin/../lib/gcc/arm-none-eabi/10.2.0/../../../../arm-none-eabi/lib/thumb\libsysbase.a(iosupport.o)
 .rodata.dotab_stdnull
                0x0000000002015644       0x70 d:/devkitpro/devkitarm/bin/../lib/gcc/arm-none-eabi/10.2.0/../../../../arm-none-eabi/lib/thumb\libsysbase.a(iosupport.o)
                0x0000000002015644                dotab_stdnull
 *(EXCLUDE_FILE(*.twl*) .gnu.linkonce.r*)
                0x00000000020156b4                . = ALIGN (0x4)

.ARM.extab
 *(.ARM.extab* .gnu.linkonce.armextab.*)
                0x00000000020156b4                __exidx_start = .

ARM.exidx
 *(.ARM.exidx* .gnu.linkonce.armexidx.*)
                0x00000000020156b4                __exidx_end = .
                0x00000000020156b4                . = ALIGN (0x4)
                0x00000000020156b4                PROVIDE (__preinit_array_start = .)

.preinit_array
 *(.preinit_array)
                0x00000000020156b4                PROVIDE (__preinit_array_end = .)
                0x00000000020156b4                PROVIDE (__init_array_start = .)

.init_array     0x00000000020156b4        0x4
 *(SORT_BY_NAME(.init_array.*))
 *(.init_array)
 .init_array    0x00000000020156b4        0x4 d:/devkitpro/devkitarm/bin/../lib/gcc/arm-none-eabi/10.2.0/thumb/crtbegin.o
                0x00000000020156b8                PROVIDE (__init_array_end = .)
                [!provide]                        PROVIDE (__fini_array_start = .)

.fini_array     0x00000000020156b8        0x4
 *(.fini_array)
 .fini_array    0x00000000020156b8        0x4 d:/devkitpro/devkitarm/bin/../lib/gcc/arm-none-eabi/10.2.0/thumb/crtbegin.o
 *(SORT_BY_NAME(.fini_array.*))
                [!provide]                        PROVIDE (__fini_array_end = .)

.ctors          0x00000000020156bc        0x0
 *crtbegin.o(.ctors)
 *(EXCLUDE_FILE(*crtend.o) .ctors)
 *(SORT_BY_NAME(.ctors.*))
 *(.ctors)
                0x00000000020156bc                . = ALIGN (0x4)

.dtors          0x00000000020156bc        0x0
 *crtbegin.o(.dtors)
 *(EXCLUDE_FILE(*crtend.o) .dtors)
 *(SORT_BY_NAME(.dtors.*))
 *(.dtors)
                0x00000000020156bc                . = ALIGN (0x4)

.eh_frame       0x00000000020156bc        0x4
 *(.eh_frame)
 .eh_frame      0x00000000020156bc        0x0 d:/devkitpro/devkitarm/bin/../lib/gcc/arm-none-eabi/10.2.0/thumb/crtbegin.o
 .eh_frame      0x00000000020156bc        0x4 d:/devkitpro/devkitarm/bin/../lib/gcc/arm-none-eabi/10.2.0/thumb/crtend.o
                0x00000000020156c0                . = ALIGN (0x4)

.rel.dyn        0x00000000020156c0        0x0
 .rel.iplt      0x00000000020156c0        0x0 d:/devkitpro/devkitarm/bin/../lib/gcc/arm-none-eabi/10.2.0/../../../../arm-none-eabi/lib/thumb/ds_arm9_crt0.o

.gcc_except_table
                0x00000000020156c0        0x0
 *(.gcc_except_table)
                0x00000000020156c0                . = ALIGN (0x4)

.jcr
 *(.jcr)

.got
 *(.got.plt)
 *(.got)
 *(.rel.got)

.ewram          0x00000000020156c0        0x0
                0x00000000020156c0                __ewram_start = ABSOLUTE (.)
 *(.ewram)
 *ewram.*(.text)
                0x00000000020156c0                . = ALIGN (0x4)

.data           0x00000000020156c0     0x1bc0
                0x00000000020156c0                __data_start = ABSOLUTE (.)
 *(EXCLUDE_FILE(*.twl*) .data)
 .data          0x00000000020156c0       0x28 D:/devkitPro/libnds/lib\libnds9.a(mpu_setup.o)
 *(EXCLUDE_FILE(*.twl*) .data.*)
 .data.currentConsole
                0x00000000020156e8        0x4 D:/devkitPro/libnds/lib\libnds9.a(console.o)
                0x00000000020156e8                currentConsole
 .data.defaultConsole
                0x00000000020156ec       0x5c D:/devkitPro/libnds/lib\libnds9.a(console.o)
                0x00000000020156ec                defaultConsole
 .data.firstConsoleInit.0
                0x0000000002015748        0x1 D:/devkitPro/libnds/lib\libnds9.a(console.o)
 *fill*         0x0000000002015749        0x3 ff
 .data.glGlob   0x000000000201574c        0x4 D:/devkitPro/libnds/lib\libnds9.a(videoGL.o)
 .data.count    0x0000000002015750        0x1 D:/devkitPro/libnds/lib\libnds9.a(keys.o)
 .data.delay    0x0000000002015751        0x1 D:/devkitPro/libnds/lib\libnds9.a(keys.o)
 .data.repeat   0x0000000002015752        0x1 D:/devkitPro/libnds/lib\libnds9.a(keys.o)
 *fill*         0x0000000002015753        0x1 ff
 .data.fifo_buffer_free
                0x0000000002015754        0x4 D:/devkitPro/libnds/lib\libnds9.a(fifosystem.o)
                0x0000000002015754                fifo_buffer_free
 .data.fifo_freewords
                0x0000000002015758        0x4 D:/devkitPro/libnds/lib\libnds9.a(fifosystem.o)
                0x0000000002015758                fifo_freewords
 .data.fifo_receive_queue
                0x000000000201575c        0x4 D:/devkitPro/libnds/lib\libnds9.a(fifosystem.o)
                0x000000000201575c                fifo_receive_queue
 .data.fifo_send_queue
                0x0000000002015760        0x4 D:/devkitPro/libnds/lib\libnds9.a(fifosystem.o)
                0x0000000002015760                fifo_send_queue
 .data.bgControl
                0x0000000002015764       0x20 D:/devkitPro/libnds/lib\libnds9.a(background.o)
                0x0000000002015764                bgControl
 .data.bgScrollTable
                0x0000000002015784       0x20 D:/devkitPro/libnds/lib\libnds9.a(background.o)
                0x0000000002015784                bgScrollTable
 .data.bgTransform
                0x00000000020157a4       0x20 D:/devkitPro/libnds/lib\libnds9.a(background.o)
                0x00000000020157a4                bgTransform
 .data.__malloc_av_
                0x00000000020157c4      0x408 d:/devkitpro/devkitarm/bin/../lib/gcc/arm-none-eabi/10.2.0/../../../../arm-none-eabi/lib/thumb\libg.a(lib_a-mallocr.o)
                0x00000000020157c4                __malloc_av_
 .data.__malloc_sbrk_base
                0x0000000002015bcc        0x4 d:/devkitpro/devkitarm/bin/../lib/gcc/arm-none-eabi/10.2.0/../../../../arm-none-eabi/lib/thumb\libg.a(lib_a-mallocr.o)
                0x0000000002015bcc                __malloc_sbrk_base
 .data.__malloc_trim_threshold
                0x0000000002015bd0        0x4 d:/devkitpro/devkitarm/bin/../lib/gcc/arm-none-eabi/10.2.0/../../../../arm-none-eabi/lib/thumb\libg.a(lib_a-mallocr.o)
                0x0000000002015bd0                __malloc_trim_threshold
 .data.__malloc_recursive_mutex
                0x0000000002015bd4        0xc d:/devkitpro/devkitarm/bin/../lib/gcc/arm-none-eabi/10.2.0/../../../../arm-none-eabi/lib/thumb\libg.a(lib_a-mlock.o)
 .data.__sfp_recursive_mutex
                0x0000000002015be0        0xc d:/devkitpro/devkitarm/bin/../lib/gcc/arm-none-eabi/10.2.0/../../../../arm-none-eabi/lib/thumb\libg.a(lib_a-findfp.o)
 .data.__sinit_recursive_mutex
                0x0000000002015bec        0xc d:/devkitpro/devkitarm/bin/../lib/gcc/arm-none-eabi/10.2.0/../../../../arm-none-eabi/lib/thumb\libg.a(lib_a-findfp.o)
 .data._impure_ptr
                0x0000000002015bf8        0x4 d:/devkitpro/devkitarm/bin/../lib/gcc/arm-none-eabi/10.2.0/../../../../arm-none-eabi/lib/thumb\libg.a(lib_a-impure.o)
                0x0000000002015bf8                _impure_ptr
 *fill*         0x0000000002015bfc        0x4 ff
 .data.impure_data
                0x0000000002015c00      0x460 d:/devkitpro/devkitarm/bin/../lib/gcc/arm-none-eabi/10.2.0/../../../../arm-none-eabi/lib/thumb\libg.a(lib_a-impure.o)
 .data.__global_locale
                0x0000000002016060      0x16c d:/devkitpro/devkitarm/bin/../lib/gcc/arm-none-eabi/10.2.0/../../../../arm-none-eabi/lib/thumb\libg.a(lib_a-locale.o)
                0x0000000002016060                __global_locale
 .data.devoptab_list
                0x00000000020161cc       0x8c d:/devkitpro/devkitarm/bin/../lib/gcc/arm-none-eabi/10.2.0/../../../../arm-none-eabi/lib/thumb\libsysbase.a(iosupport.o)
                0x00000000020161cc                devoptab_list
 .data.__hndl_lock
                0x0000000002016258        0x4 d:/devkitpro/devkitarm/bin/../lib/gcc/arm-none-eabi/10.2.0/../../../../arm-none-eabi/lib/thumb\libsysbase.a(handle_manager.o)
 .data.__stderr_handle
                0x000000000201625c        0xc d:/devkitpro/devkitarm/bin/../lib/gcc/arm-none-eabi/10.2.0/../../../../arm-none-eabi/lib/thumb\libsysbase.a(handle_manager.o)
 .data.__stdin_handle
                0x0000000002016268        0xc d:/devkitpro/devkitarm/bin/../lib/gcc/arm-none-eabi/10.2.0/../../../../arm-none-eabi/lib/thumb\libsysbase.a(handle_manager.o)
 .data.__stdout_handle
                0x0000000002016274        0xc d:/devkitpro/devkitarm/bin/../lib/gcc/arm-none-eabi/10.2.0/../../../../arm-none-eabi/lib/thumb\libsysbase.a(handle_manager.o)
 .data.handles  0x0000000002016280     0x1000 d:/devkitpro/devkitarm/bin/../lib/gcc/arm-none-eabi/10.2.0/../../../../arm-none-eabi/lib/thumb\libsysbase.a(handle_manager.o)
 *(EXCLUDE_FILE(*.twl*) .gnu.linkonce.d*)
                0x0000000002017280                . = ALIGN (0x4)
                0x0000000002017280                __data_end = ABSOLUTE (.)
                0x0000000002017280                __bss_vma = .

.igot.plt       0x0000000002017280        0x0
 .igot.plt      0x0000000002017280        0x0 d:/devkitpro/devkitarm/bin/../lib/gcc/arm-none-eabi/10.2.0/../../../../arm-none-eabi/lib/thumb/ds_arm9_crt0.o

.dtcm           0x0000000002ff0000        0x0 load address 0x0000000002017280
                0x0000000002017280                __dtcm_lma = LOADADDR (.dtcm)
                0x0000000002ff0000                __dtcm_start = ABSOLUTE (.)
 *(.dtcm)
 *(.dtcm.*)
                0x0000000002ff0000                . = ALIGN (0x4)
                0x0000000002ff0000                __dtcm_end = ABSOLUTE (.)

.itcm           0x0000000001000100      0x194 load address 0x0000000002017280
                0x0000000002017280                __itcm_lma = LOADADDR (.itcm)
                0x0000000001000100                __itcm_start = ABSOLUTE (.)
 *(.itcm)
 .itcm          0x0000000001000100       0xc8 D:/devkitPro/libnds/lib\libnds9.a(interrupts.o)
                0x0000000001000100                irqTable
 .itcm          0x00000000010001c8       0xcc D:/devkitPro/libnds/lib\libnds9.a(interruptDispatcher.o)
                0x00000000010001c8                IntrMain
 *.itcm*(.text .stub .text.*)
                0x0000000001000294                . = ALIGN (0x4)
                0x0000000001000294                __itcm_end = ABSOLUTE (.)

.vectors        0x0000000001000000        0x0 load address 0x0000000002017414
                0x0000000002017414                __vectors_lma = LOADADDR (.vectors)
                0x0000000001000000                __vectors_start = ABSOLUTE (.)
 *(.vectors .vectors.*)
                0x0000000001000000                . = ALIGN (0x4)
                0x0000000001000000                __vectors_end = ABSOLUTE (.)

.sbss           0x0000000002ff0000        0x0
                0x0000000002ff0000                __sbss_start = ABSOLUTE (.)
                0x0000000002ff0000                __sbss_start__ = ABSOLUTE (.)
 *(.sbss)
                0x0000000002ff0000                . = ALIGN (0x4)
                0x0000000002ff0000                __sbss_end = ABSOLUTE (.)

.bss            0x0000000002017280      0xd04
                0x0000000002017280                __bss_start = ABSOLUTE (.)
                0x0000000002017280                __bss_start__ = ABSOLUTE (.)
 *(EXCLUDE_FILE(*.twl*) .dynbss)
 *(EXCLUDE_FILE(*.twl*) .gnu.linkonce.b*)
 *(EXCLUDE_FILE(*.twl*) .bss*)
 .bss.completed.1
                0x0000000002017280        0x1 d:/devkitpro/devkitarm/bin/../lib/gcc/arm-none-eabi/10.2.0/thumb/crtbegin.o
 *fill*         0x0000000002017281        0x3 
 .bss.object.0  0x0000000002017284       0x18 d:/devkitpro/devkitarm/bin/../lib/gcc/arm-none-eabi/10.2.0/thumb/crtbegin.o
 .bss           0x000000000201729c        0x4 main.o
                0x000000000201729c                frame
 .bss           0x00000000020172a0        0x8 D:/devkitPro/libnds/lib\libgl2d.a(gl2d.o)
                0x00000000020172a0                gCurrentTexture
 .bss.currentCopy
                0x00000000020172a8       0x5c D:/devkitPro/libnds/lib\libnds9.a(console.o)
                0x00000000020172a8                currentCopy
 .bss.diffuse_ambient.1
                0x0000000002017304        0x4 D:/devkitPro/libnds/lib\libnds9.a(videoGL.o)
 .bss.glGlobalData
                0x0000000002017308       0x54 D:/devkitPro/libnds/lib\libnds9.a(videoGL.o)
                0x0000000002017308                glGlobalData
 .bss.specular_emission.0
                0x000000000201735c        0x4 D:/devkitPro/libnds/lib\libnds9.a(videoGL.o)
 .bss.keys      0x0000000002017360        0x2 D:/devkitPro/libnds/lib\libnds9.a(keys.o)
 .bss.keysold   0x0000000002017362        0x2 D:/devkitPro/libnds/lib\libnds9.a(keys.o)
 .bss.keysrepeat
                0x0000000002017364        0x2 D:/devkitPro/libnds/lib\libnds9.a(keys.o)
 .bss.__dsimode
                0x0000000002017366        0x1 D:/devkitPro/libnds/lib\libnds9.a(initSystem.o)
                0x0000000002017366                __dsimode
 *fill*         0x0000000002017367        0x1 
 .bss.punixTime
                0x0000000002017368        0x4 D:/devkitPro/libnds/lib\libnds9.a(timeSupport.o)
                0x0000000002017368                punixTime
 .bss.fifo_address_data
                0x000000000201736c       0x40 D:/devkitPro/libnds/lib\libnds9.a(fifosystem.o)
                0x000000000201736c                fifo_address_data
 .bss.fifo_address_func
                0x00000000020173ac       0x40 D:/devkitPro/libnds/lib\libnds9.a(fifosystem.o)
                0x00000000020173ac                fifo_address_func
 .bss.fifo_address_queue
                0x00000000020173ec       0x40 D:/devkitPro/libnds/lib\libnds9.a(fifosystem.o)
                0x00000000020173ec                fifo_address_queue
 .bss.fifo_buffer
                0x000000000201742c      0x800 D:/devkitPro/libnds/lib\libnds9.a(fifosystem.o)
                0x000000000201742c                fifo_buffer
 .bss.fifo_data_queue
                0x0000000002017c2c       0x40 D:/devkitPro/libnds/lib\libnds9.a(fifosystem.o)
                0x0000000002017c2c                fifo_data_queue
 .bss.fifo_datamsg_data
                0x0000000002017c6c       0x40 D:/devkitPro/libnds/lib\libnds9.a(fifosystem.o)
                0x0000000002017c6c                fifo_datamsg_data
 .bss.fifo_datamsg_func
                0x0000000002017cac       0x40 D:/devkitPro/libnds/lib\libnds9.a(fifosystem.o)
                0x0000000002017cac                fifo_datamsg_func
 .bss.fifo_value32_data
                0x0000000002017cec       0x40 D:/devkitPro/libnds/lib\libnds9.a(fifosystem.o)
                0x0000000002017cec                fifo_value32_data
 .bss.fifo_value32_func
                0x0000000002017d2c       0x40 D:/devkitPro/libnds/lib\libnds9.a(fifosystem.o)
                0x0000000002017d2c                fifo_value32_func
 .bss.fifo_value32_queue
                0x0000000002017d6c       0x40 D:/devkitPro/libnds/lib\libnds9.a(fifosystem.o)
                0x0000000002017d6c                fifo_value32_queue
 .bss.processing
                0x0000000002017dac        0x4 D:/devkitPro/libnds/lib\libnds9.a(fifosystem.o)
                0x0000000002017dac                processing
 .bss.bgIsTextLut
                0x0000000002017db0        0x8 D:/devkitPro/libnds/lib\libnds9.a(background.o)
                0x0000000002017db0                bgIsTextLut
 .bss.bgState   0x0000000002017db8      0x140 D:/devkitPro/libnds/lib\libnds9.a(background.o)
                0x0000000002017db8                bgState
 .bss.SDcallback
                0x0000000002017ef8        0x4 D:/devkitPro/libnds/lib\libnds9.a(system.o)
 .bss.__malloc_current_mallinfo
                0x0000000002017efc       0x28 d:/devkitpro/devkitarm/bin/../lib/gcc/arm-none-eabi/10.2.0/../../../../arm-none-eabi/lib/thumb\libg.a(lib_a-mallocr.o)
                0x0000000002017efc                __malloc_current_mallinfo
 .bss.__malloc_max_sbrked_mem
                0x0000000002017f24        0x4 d:/devkitpro/devkitarm/bin/../lib/gcc/arm-none-eabi/10.2.0/../../../../arm-none-eabi/lib/thumb\libg.a(lib_a-mallocr.o)
                0x0000000002017f24                __malloc_max_sbrked_mem
 .bss.__malloc_max_total_mem
                0x0000000002017f28        0x4 d:/devkitpro/devkitarm/bin/../lib/gcc/arm-none-eabi/10.2.0/../../../../arm-none-eabi/lib/thumb\libg.a(lib_a-mallocr.o)
                0x0000000002017f28                __malloc_max_total_mem
 .bss.__malloc_top_pad
                0x0000000002017f2c        0x4 d:/devkitpro/devkitarm/bin/../lib/gcc/arm-none-eabi/10.2.0/../../../../arm-none-eabi/lib/thumb\libg.a(lib_a-mallocr.o)
                0x0000000002017f2c                __malloc_top_pad
 .bss.heap_start.0
                0x0000000002017f30        0x4 d:/devkitpro/devkitarm/bin/../lib/gcc/arm-none-eabi/10.2.0/../../../../arm-none-eabi/lib/thumb\libsysbase.a(sbrk.o)
 .bss.fake_heap_end
                0x0000000002017f34        0x4 d:/devkitpro/devkitarm/bin/../lib/gcc/arm-none-eabi/10.2.0/../../../../arm-none-eabi/lib/thumb\libsysbase.a(malloc_vars.o)
                0x0000000002017f34                fake_heap_end
 .bss.fake_heap_start
                0x0000000002017f38        0x4 d:/devkitpro/devkitarm/bin/../lib/gcc/arm-none-eabi/10.2.0/../../../../arm-none-eabi/lib/thumb\libsysbase.a(malloc_vars.o)
                0x0000000002017f38                fake_heap_start
 .bss.__syscalls
                0x0000000002017f3c       0x48 d:/devkitpro/devkitarm/bin/../lib/gcc/arm-none-eabi/10.2.0/../../../../arm-none-eabi/lib/thumb\libsysbase.a(syscall_support.o)
                0x0000000002017f3c                __syscalls
 *(EXCLUDE_FILE(*.twl*) COMMON)
                0x0000000002017f84                . = ALIGN (0x4)
                0x0000000002017f84                __bss_end__ = ABSOLUTE (.)
                0x0000000002017f84                __end__ = ABSOLUTE (.)

.twl            0x0000000002017f84        0x0 load address 0x0000000002400000
                0x0000000002400000                __arm9i_lma__ = LOADADDR (.twl)
                0x0000000002017f84                __arm9i_start__ = ABSOLUTE (.)
 *(.twl)
 *.twl*(.text .stub .text.* .gnu.linkonce.t.*)
 *.twl*(.rodata)
 *.twl*(.roda)
 *.twl*(.rodata.*)
 *.twl*(.data)
 *.twl*(.data.*)
 *.twl*(.gnu.linkonce.d*)
                0x0000000002017f84                __arm9i_end__ = ABSOLUTE (.)

.twl_bss        0x0000000002017f84        0x0
                0x0000000002017f84                __twl_bss_start__ = ABSOLUTE (.)
 *(.twl_bss)
 *.twl*(.dynbss)
 *.twl*(.gnu.linkonce.b*)
 *.twl*(.bss*)
 *.twl*(COMMON)
                0x0000000002017f84                . = ALIGN (0x4)
                0x0000000002017f84                __twl_bss_end__ = ABSOLUTE (.)
                0x0000000002017f84                __twl_end__ = ABSOLUTE (.)

.stab
 *(.stab)

.stabstr
 *(.stabstr)

.stab.excl
 *(.stab.excl)

.stab.exclstr
 *(.stab.exclstr)

.stab.index
 *(.stab.index)

.stab.indexstr
 *(.stab.indexstr)

.comment        0x0000000000000000       0x45
 *(.comment)
 .comment       0x0000000000000000       0x23 d:/devkitpro/devkitarm/bin/../lib/gcc/arm-none-eabi/10.2.0/thumb/crtbegin.o
                                         0x24 (size before relaxing)
 .comment       0x0000000000000023       0x24 main.o
 .comment       0x0000000000000023       0x22 D:/devkitPro/libnds/lib\libgl2d.a(gl2d.o)
                                         0x23 (size before relaxing)
 .comment       0x0000000000000045       0x24 D:/devkitPro/libnds/lib\libnds9.a(touch.o)
 .comment       0x0000000000000045       0x24 D:/devkitPro/libnds/lib\libnds9.a(console.o)
 .comment       0x0000000000000045       0x24 D:/devkitPro/libnds/lib\libnds9.a(trig.o)
 .comment       0x0000000000000045       0x24 D:/devkitPro/libnds/lib\libnds9.a(videoGL.o)
 .comment       0x0000000000000045       0x24 D:/devkitPro/libnds/lib\libnds9.a(keys.o)
 .comment       0x0000000000000045       0x24 D:/devkitPro/libnds/lib\libnds9.a(initSystem.o)
 .comment       0x0000000000000045       0x24 D:/devkitPro/libnds/lib\libnds9.a(timeSupport.o)
 .comment       0x0000000000000045       0x24 D:/devkitPro/libnds/lib\libnds9.a(securearea.o)
 .comment       0x0000000000000045       0x24 D:/devkitPro/libnds/lib\libnds9.a(interrupts.o)
 .comment       0x0000000000000045       0x24 D:/devkitPro/libnds/lib\libnds9.a(libnds_exit.arm.o)
 .comment       0x0000000000000045       0x24 D:/devkitPro/libnds/lib\libnds9.a(fifosystem.o)
 .comment       0x0000000000000045       0x24 D:/devkitPro/libnds/lib\libnds9.a(background.o)
 .comment       0x0000000000000045       0x24 D:/devkitPro/libnds/lib\libnds9.a(dynamicArray.o)
 .comment       0x0000000000000045       0x24 D:/devkitPro/libnds/lib\libnds9.a(video.o)
 .comment       0x0000000000000045       0x24 D:/devkitPro/libnds/lib\libnds9.a(system.o)
 .comment       0x0000000000000045       0x24 d:/devkitpro/devkitarm/bin/../lib/gcc/arm-none-eabi/10.2.0/thumb\libgcc.a(_muldi3.o)
 .comment       0x0000000000000045       0x24 d:/devkitpro/devkitarm/bin/../lib/gcc/arm-none-eabi/10.2.0/../../../../arm-none-eabi/lib/thumb\libg.a(lib_a-calloc.o)
 .comment       0x0000000000000045       0x24 d:/devkitpro/devkitarm/bin/../lib/gcc/arm-none-eabi/10.2.0/../../../../arm-none-eabi/lib/thumb\libg.a(lib_a-callocr.o)
 .comment       0x0000000000000045       0x24 d:/devkitpro/devkitarm/bin/../lib/gcc/arm-none-eabi/10.2.0/../../../../arm-none-eabi/lib/thumb\libg.a(lib_a-init.o)
 .comment       0x0000000000000045       0x24 d:/devkitpro/devkitarm/bin/../lib/gcc/arm-none-eabi/10.2.0/../../../../arm-none-eabi/lib/thumb\libg.a(lib_a-iprintf.o)
 .comment       0x0000000000000045       0x24 d:/devkitpro/devkitarm/bin/../lib/gcc/arm-none-eabi/10.2.0/../../../../arm-none-eabi/lib/thumb\libg.a(lib_a-malloc.o)
 .comment       0x0000000000000045       0x24 d:/devkitpro/devkitarm/bin/../lib/gcc/arm-none-eabi/10.2.0/../../../../arm-none-eabi/lib/thumb\libg.a(lib_a-mallocr.o)
 .comment       0x0000000000000045       0x24 d:/devkitpro/devkitarm/bin/../lib/gcc/arm-none-eabi/10.2.0/../../../../arm-none-eabi/lib/thumb\libg.a(lib_a-memcpy-stub.o)
 .comment       0x0000000000000045       0x24 d:/devkitpro/devkitarm/bin/../lib/gcc/arm-none-eabi/10.2.0/../../../../arm-none-eabi/lib/thumb\libg.a(lib_a-memset.o)
 .comment       0x0000000000000045       0x24 d:/devkitpro/devkitarm/bin/../lib/gcc/arm-none-eabi/10.2.0/../../../../arm-none-eabi/lib/thumb\libg.a(lib_a-mlock.o)
 .comment       0x0000000000000045       0x24 d:/devkitpro/devkitarm/bin/../lib/gcc/arm-none-eabi/10.2.0/../../../../arm-none-eabi/lib/thumb\libg.a(lib_a-realloc.o)
 .comment       0x0000000000000045       0x24 d:/devkitpro/devkitarm/bin/../lib/gcc/arm-none-eabi/10.2.0/../../../../arm-none-eabi/lib/thumb\libg.a(lib_a-reallocr.o)
 .comment       0x0000000000000045       0x24 d:/devkitpro/devkitarm/bin/../lib/gcc/arm-none-eabi/10.2.0/../../../../arm-none-eabi/lib/thumb\libg.a(lib_a-setvbuf.o)
 .comment       0x0000000000000045       0x24 d:/devkitpro/devkitarm/bin/../lib/gcc/arm-none-eabi/10.2.0/../../../../arm-none-eabi/lib/thumb\libg.a(lib_a-siscanf.o)
 .comment       0x0000000000000045       0x24 d:/devkitpro/devkitarm/bin/../lib/gcc/arm-none-eabi/10.2.0/../../../../arm-none-eabi/lib/thumb\libg.a(lib_a-stdio.o)
 .comment       0x0000000000000045       0x24 d:/devkitpro/devkitarm/bin/../lib/gcc/arm-none-eabi/10.2.0/../../../../arm-none-eabi/lib/thumb\libg.a(lib_a-strlen-stub.o)
 .comment       0x0000000000000045       0x24 d:/devkitpro/devkitarm/bin/../lib/gcc/arm-none-eabi/10.2.0/../../../../arm-none-eabi/lib/thumb\libg.a(lib_a-svfiscanf.o)
 .comment       0x0000000000000045       0x24 d:/devkitpro/devkitarm/bin/../lib/gcc/arm-none-eabi/10.2.0/../../../../arm-none-eabi/lib/thumb\libg.a(lib_a-ungetc.o)
 .comment       0x0000000000000045       0x24 d:/devkitpro/devkitarm/bin/../lib/gcc/arm-none-eabi/10.2.0/../../../../arm-none-eabi/lib/thumb\libg.a(lib_a-vfiprintf.o)
 .comment       0x0000000000000045       0x24 d:/devkitpro/devkitarm/bin/../lib/gcc/arm-none-eabi/10.2.0/../../../../arm-none-eabi/lib/thumb\libg.a(lib_a-wcrtomb.o)
 .comment       0x0000000000000045       0x24 d:/devkitpro/devkitarm/bin/../lib/gcc/arm-none-eabi/10.2.0/../../../../arm-none-eabi/lib/thumb\libg.a(lib_a-wcsrtombs.o)
 .comment       0x0000000000000045       0x24 d:/devkitpro/devkitarm/bin/../lib/gcc/arm-none-eabi/10.2.0/../../../../arm-none-eabi/lib/thumb\libg.a(lib_a-wsetup.o)
 .comment       0x0000000000000045       0x24 d:/devkitpro/devkitarm/bin/../lib/gcc/arm-none-eabi/10.2.0/../../../../arm-none-eabi/lib/thumb\libg.a(lib_a-ctype_.o)
 .comment       0x0000000000000045       0x24 d:/devkitpro/devkitarm/bin/../lib/gcc/arm-none-eabi/10.2.0/../../../../arm-none-eabi/lib/thumb\libg.a(lib_a-fflush.o)
 .comment       0x0000000000000045       0x24 d:/devkitpro/devkitarm/bin/../lib/gcc/arm-none-eabi/10.2.0/../../../../arm-none-eabi/lib/thumb\libg.a(lib_a-findfp.o)
 .comment       0x0000000000000045       0x24 d:/devkitpro/devkitarm/bin/../lib/gcc/arm-none-eabi/10.2.0/../../../../arm-none-eabi/lib/thumb\libg.a(lib_a-freer.o)
 .comment       0x0000000000000045       0x24 d:/devkitpro/devkitarm/bin/../lib/gcc/arm-none-eabi/10.2.0/../../../../arm-none-eabi/lib/thumb\libg.a(lib_a-fvwrite.o)
 .comment       0x0000000000000045       0x24 d:/devkitpro/devkitarm/bin/../lib/gcc/arm-none-eabi/10.2.0/../../../../arm-none-eabi/lib/thumb\libg.a(lib_a-fwalk.o)
 .comment       0x0000000000000045       0x24 d:/devkitpro/devkitarm/bin/../lib/gcc/arm-none-eabi/10.2.0/../../../../arm-none-eabi/lib/thumb\libg.a(lib_a-impure.o)
 .comment       0x0000000000000045       0x24 d:/devkitpro/devkitarm/bin/../lib/gcc/arm-none-eabi/10.2.0/../../../../arm-none-eabi/lib/thumb\libg.a(lib_a-iswspace.o)
 .comment       0x0000000000000045       0x24 d:/devkitpro/devkitarm/bin/../lib/gcc/arm-none-eabi/10.2.0/../../../../arm-none-eabi/lib/thumb\libg.a(lib_a-localeconv.o)
 .comment       0x0000000000000045       0x24 d:/devkitpro/devkitarm/bin/../lib/gcc/arm-none-eabi/10.2.0/../../../../arm-none-eabi/lib/thumb\libg.a(lib_a-locale.o)
 .comment       0x0000000000000045       0x24 d:/devkitpro/devkitarm/bin/../lib/gcc/arm-none-eabi/10.2.0/../../../../arm-none-eabi/lib/thumb\libg.a(lib_a-makebuf.o)
 .comment       0x0000000000000045       0x24 d:/devkitpro/devkitarm/bin/../lib/gcc/arm-none-eabi/10.2.0/../../../../arm-none-eabi/lib/thumb\libg.a(lib_a-mbrtowc.o)
 .comment       0x0000000000000045       0x24 d:/devkitpro/devkitarm/bin/../lib/gcc/arm-none-eabi/10.2.0/../../../../arm-none-eabi/lib/thumb\libg.a(lib_a-mbtowc_r.o)
 .comment       0x0000000000000045       0x24 d:/devkitpro/devkitarm/bin/../lib/gcc/arm-none-eabi/10.2.0/../../../../arm-none-eabi/lib/thumb\libg.a(lib_a-memchr-stub.o)
 .comment       0x0000000000000045       0x24 d:/devkitpro/devkitarm/bin/../lib/gcc/arm-none-eabi/10.2.0/../../../../arm-none-eabi/lib/thumb\libg.a(lib_a-memmove.o)
 .comment       0x0000000000000045       0x24 d:/devkitpro/devkitarm/bin/../lib/gcc/arm-none-eabi/10.2.0/../../../../arm-none-eabi/lib/thumb\libg.a(lib_a-sccl.o)
 .comment       0x0000000000000045       0x24 d:/devkitpro/devkitarm/bin/../lib/gcc/arm-none-eabi/10.2.0/../../../../arm-none-eabi/lib/thumb\libg.a(lib_a-strncpy.o)
 .comment       0x0000000000000045       0x24 d:/devkitpro/devkitarm/bin/../lib/gcc/arm-none-eabi/10.2.0/../../../../arm-none-eabi/lib/thumb\libg.a(lib_a-strtoll.o)
 .comment       0x0000000000000045       0x24 d:/devkitpro/devkitarm/bin/../lib/gcc/arm-none-eabi/10.2.0/../../../../arm-none-eabi/lib/thumb\libg.a(lib_a-strtol.o)
 .comment       0x0000000000000045       0x24 d:/devkitpro/devkitarm/bin/../lib/gcc/arm-none-eabi/10.2.0/../../../../arm-none-eabi/lib/thumb\libg.a(lib_a-strtoull.o)
 .comment       0x0000000000000045       0x24 d:/devkitpro/devkitarm/bin/../lib/gcc/arm-none-eabi/10.2.0/../../../../arm-none-eabi/lib/thumb\libg.a(lib_a-strtoul.o)
 .comment       0x0000000000000045       0x24 d:/devkitpro/devkitarm/bin/../lib/gcc/arm-none-eabi/10.2.0/../../../../arm-none-eabi/lib/thumb\libg.a(lib_a-svfiprintf.o)
 .comment       0x0000000000000045       0x24 d:/devkitpro/devkitarm/bin/../lib/gcc/arm-none-eabi/10.2.0/../../../../arm-none-eabi/lib/thumb\libg.a(lib_a-wcsnrtombs.o)
 .comment       0x0000000000000045       0x24 d:/devkitpro/devkitarm/bin/../lib/gcc/arm-none-eabi/10.2.0/../../../../arm-none-eabi/lib/thumb\libg.a(lib_a-wctomb_r.o)
 .comment       0x0000000000000045       0x24 d:/devkitpro/devkitarm/bin/../lib/gcc/arm-none-eabi/10.2.0/../../../../arm-none-eabi/lib/thumb\libg.a(lib_a-errno.o)
 .comment       0x0000000000000045       0x24 d:/devkitpro/devkitarm/bin/../lib/gcc/arm-none-eabi/10.2.0/../../../../arm-none-eabi/lib/thumb\libg.a(lib_a-fclose.o)
 .comment       0x0000000000000045       0x24 d:/devkitpro/devkitarm/bin/../lib/gcc/arm-none-eabi/10.2.0/../../../../arm-none-eabi/lib/thumb\libg.a(lib_a-iswspace_l.o)
 .comment       0x0000000000000045       0x24 d:/devkitpro/devkitarm/bin/../lib/gcc/arm-none-eabi/10.2.0/../../../../arm-none-eabi/lib/thumb\libg.a(lib_a-jp2uc.o)
 .comment       0x0000000000000045       0x24 d:/devkitpro/devkitarm/bin/../lib/gcc/arm-none-eabi/10.2.0/../../../../arm-none-eabi/lib/thumb\libg.a(lib_a-categories.o)
 .comment       0x0000000000000045       0x24 d:/devkitpro/devkitarm/bin/../lib/gcc/arm-none-eabi/10.2.0/../../../../arm-none-eabi/lib/thumb\libsysbase.a(iosupport.o)
 .comment       0x0000000000000045       0x24 d:/devkitpro/devkitarm/bin/../lib/gcc/arm-none-eabi/10.2.0/../../../../arm-none-eabi/lib/thumb\libsysbase.a(fstat.o)
 .comment       0x0000000000000045       0x24 d:/devkitpro/devkitarm/bin/../lib/gcc/arm-none-eabi/10.2.0/../../../../arm-none-eabi/lib/thumb\libsysbase.a(isatty.o)
 .comment       0x0000000000000045       0x24 d:/devkitpro/devkitarm/bin/../lib/gcc/arm-none-eabi/10.2.0/../../../../arm-none-eabi/lib/thumb\libsysbase.a(lseek.o)
 .comment       0x0000000000000045       0x24 d:/devkitpro/devkitarm/bin/../lib/gcc/arm-none-eabi/10.2.0/../../../../arm-none-eabi/lib/thumb\libsysbase.a(read.o)
 .comment       0x0000000000000045       0x24 d:/devkitpro/devkitarm/bin/../lib/gcc/arm-none-eabi/10.2.0/../../../../arm-none-eabi/lib/thumb\libsysbase.a(sbrk.o)
 .comment       0x0000000000000045       0x24 d:/devkitpro/devkitarm/bin/../lib/gcc/arm-none-eabi/10.2.0/../../../../arm-none-eabi/lib/thumb\libsysbase.a(write.o)
 .comment       0x0000000000000045       0x24 d:/devkitpro/devkitarm/bin/../lib/gcc/arm-none-eabi/10.2.0/../../../../arm-none-eabi/lib/thumb\libsysbase.a(malloc_vars.o)
 .comment       0x0000000000000045       0x24 d:/devkitpro/devkitarm/bin/../lib/gcc/arm-none-eabi/10.2.0/../../../../arm-none-eabi/lib/thumb\libsysbase.a(build_argv.o)
 .comment       0x0000000000000045       0x24 d:/devkitpro/devkitarm/bin/../lib/gcc/arm-none-eabi/10.2.0/../../../../arm-none-eabi/lib/thumb\libsysbase.a(flock.o)
 .comment       0x0000000000000045       0x24 d:/devkitpro/devkitarm/bin/../lib/gcc/arm-none-eabi/10.2.0/../../../../arm-none-eabi/lib/thumb\libsysbase.a(syscall_support.o)
 .comment       0x0000000000000045       0x24 d:/devkitpro/devkitarm/bin/../lib/gcc/arm-none-eabi/10.2.0/../../../../arm-none-eabi/lib/thumb\libsysbase.a(handle_manager.o)
 .comment       0x0000000000000045       0x24 d:/devkitpro/devkitarm/bin/../lib/gcc/arm-none-eabi/10.2.0/../../../../arm-none-eabi/lib/thumb\libsysbase.a(getreent.o)
 .comment       0x0000000000000045       0x24 d:/devkitpro/devkitarm/bin/../lib/gcc/arm-none-eabi/10.2.0/thumb\libgcc.a(_udivmoddi4.o)
 .comment       0x0000000000000045       0x24 d:/devkitpro/devkitarm/bin/../lib/gcc/arm-none-eabi/10.2.0/thumb/crtend.o

.ARM.attributes
                0x0000000000000000       0x2d
 .ARM.attributes
                0x0000000000000000       0x21 d:/devkitpro/devkitarm/bin/../lib/gcc/arm-none-eabi/10.2.0/../../../../arm-none-eabi/lib/thumb/ds_arm9_crt0.o
 .ARM.attributes
                0x0000000000000021       0x1c d:/devkitpro/devkitarm/bin/../lib/gcc/arm-none-eabi/10.2.0/thumb/crti.o
 .ARM.attributes
                0x000000000000003d       0x2a d:/devkitpro/devkitarm/bin/../lib/gcc/arm-none-eabi/10.2.0/thumb/crtbegin.o
 .ARM.attributes
                0x0000000000000067       0x27 main.o
 .ARM.attributes
                0x000000000000008e       0x27 D:/devkitPro/libnds/lib\libgl2d.a(gl2d.o)
 .ARM.attributes
                0x00000000000000b5       0x2b D:/devkitPro/libnds/lib\libnds9.a(touch.o)
 .ARM.attributes
                0x00000000000000e0       0x2b D:/devkitPro/libnds/lib\libnds9.a(console.o)
 .ARM.attributes
                0x000000000000010b       0x2b D:/devkitPro/libnds/lib\libnds9.a(trig.o)
 .ARM.attributes
                0x0000000000000136       0x2b D:/devkitPro/libnds/lib\libnds9.a(videoGL.o)
 .ARM.attributes
                0x0000000000000161       0x2b D:/devkitPro/libnds/lib\libnds9.a(keys.o)
 .ARM.attributes
                0x000000000000018c       0x2b D:/devkitPro/libnds/lib\libnds9.a(initSystem.o)
 .ARM.attributes
                0x00000000000001b7       0x2b D:/devkitPro/libnds/lib\libnds9.a(timeSupport.o)
 .ARM.attributes
                0x00000000000001e2       0x2b D:/devkitPro/libnds/lib\libnds9.a(securearea.o)
 .ARM.attributes
                0x000000000000020d       0x2b D:/devkitPro/libnds/lib\libnds9.a(interrupts.o)
 .ARM.attributes
                0x0000000000000238       0x2b D:/devkitPro/libnds/lib\libnds9.a(libnds_exit.arm.o)
 .ARM.attributes
                0x0000000000000263       0x2b D:/devkitPro/libnds/lib\libnds9.a(fifosystem.o)
 .ARM.attributes
                0x000000000000028e       0x21 D:/devkitPro/libnds/lib\libnds9.a(mpu_setup.o)
 .ARM.attributes
                0x00000000000002af       0x21 D:/devkitPro/libnds/lib\libnds9.a(IntrWait.o)
 .ARM.attributes
                0x00000000000002d0       0x21 D:/devkitPro/libnds/lib\libnds9.a(cpu_clock.o)
 .ARM.attributes
                0x00000000000002f1       0x1b D:/devkitPro/libnds/lib\libnds9.a(interruptDispatcher.o)
 .ARM.attributes
                0x000000000000030c       0x21 D:/devkitPro/libnds/lib\libnds9.a(swiSoftReset.o)
 .ARM.attributes
                0x000000000000032d       0x1b D:/devkitPro/libnds/lib\libnds9.a(biosCalls.o)
 .ARM.attributes
                0x0000000000000348       0x14 D:/devkitPro/libnds/lib\libnds9.a(default_font.bin.o)
 .ARM.attributes
                0x000000000000035c       0x2b D:/devkitPro/libnds/lib\libnds9.a(background.o)
 .ARM.attributes
                0x0000000000000387       0x2b D:/devkitPro/libnds/lib\libnds9.a(dynamicArray.o)
 .ARM.attributes
                0x00000000000003b2       0x2b D:/devkitPro/libnds/lib\libnds9.a(video.o)
 .ARM.attributes
                0x00000000000003dd       0x2b D:/devkitPro/libnds/lib\libnds9.a(system.o)
 .ARM.attributes
                0x0000000000000408       0x1c d:/devkitpro/devkitarm/bin/../lib/gcc/arm-none-eabi/10.2.0/thumb\libgcc.a(_divsi3.o)
 .ARM.attributes
                0x0000000000000424       0x1c d:/devkitpro/devkitarm/bin/../lib/gcc/arm-none-eabi/10.2.0/thumb\libgcc.a(_dvmd_tls.o)
 .ARM.attributes
                0x0000000000000440       0x2a d:/devkitpro/devkitarm/bin/../lib/gcc/arm-none-eabi/10.2.0/thumb\libgcc.a(_muldi3.o)
 .ARM.attributes
                0x000000000000046a       0x2a d:/devkitpro/devkitarm/bin/../lib/gcc/arm-none-eabi/10.2.0/../../../../arm-none-eabi/lib/thumb\libg.a(lib_a-calloc.o)
 .ARM.attributes
                0x0000000000000494       0x2a d:/devkitpro/devkitarm/bin/../lib/gcc/arm-none-eabi/10.2.0/../../../../arm-none-eabi/lib/thumb\libg.a(lib_a-callocr.o)
 .ARM.attributes
                0x00000000000004be       0x2a d:/devkitpro/devkitarm/bin/../lib/gcc/arm-none-eabi/10.2.0/../../../../arm-none-eabi/lib/thumb\libg.a(lib_a-init.o)
 .ARM.attributes
                0x00000000000004e8       0x2a d:/devkitpro/devkitarm/bin/../lib/gcc/arm-none-eabi/10.2.0/../../../../arm-none-eabi/lib/thumb\libg.a(lib_a-iprintf.o)
 .ARM.attributes
                0x0000000000000512       0x2a d:/devkitpro/devkitarm/bin/../lib/gcc/arm-none-eabi/10.2.0/../../../../arm-none-eabi/lib/thumb\libg.a(lib_a-malloc.o)
 .ARM.attributes
                0x000000000000053c       0x2a d:/devkitpro/devkitarm/bin/../lib/gcc/arm-none-eabi/10.2.0/../../../../arm-none-eabi/lib/thumb\libg.a(lib_a-mallocr.o)
 .ARM.attributes
                0x0000000000000566       0x2a d:/devkitpro/devkitarm/bin/../lib/gcc/arm-none-eabi/10.2.0/../../../../arm-none-eabi/lib/thumb\libg.a(lib_a-memcpy-stub.o)
 .ARM.attributes
                0x0000000000000590       0x2a d:/devkitpro/devkitarm/bin/../lib/gcc/arm-none-eabi/10.2.0/../../../../arm-none-eabi/lib/thumb\libg.a(lib_a-memset.o)
 .ARM.attributes
                0x00000000000005ba       0x2a d:/devkitpro/devkitarm/bin/../lib/gcc/arm-none-eabi/10.2.0/../../../../arm-none-eabi/lib/thumb\libg.a(lib_a-mlock.o)
 .ARM.attributes
                0x00000000000005e4       0x2a d:/devkitpro/devkitarm/bin/../lib/gcc/arm-none-eabi/10.2.0/../../../../arm-none-eabi/lib/thumb\libg.a(lib_a-realloc.o)
 .ARM.attributes
                0x000000000000060e       0x2a d:/devkitpro/devkitarm/bin/../lib/gcc/arm-none-eabi/10.2.0/../../../../arm-none-eabi/lib/thumb\libg.a(lib_a-reallocr.o)
 .ARM.attributes
                0x0000000000000638       0x2a d:/devkitpro/devkitarm/bin/../lib/gcc/arm-none-eabi/10.2.0/../../../../arm-none-eabi/lib/thumb\libg.a(lib_a-setvbuf.o)
 .ARM.attributes
                0x0000000000000662       0x2a d:/devkitpro/devkitarm/bin/../lib/gcc/arm-none-eabi/10.2.0/../../../../arm-none-eabi/lib/thumb\libg.a(lib_a-siscanf.o)
 .ARM.attributes
                0x000000000000068c       0x2a d:/devkitpro/devkitarm/bin/../lib/gcc/arm-none-eabi/10.2.0/../../../../arm-none-eabi/lib/thumb\libg.a(lib_a-stdio.o)
 .ARM.attributes
                0x00000000000006b6       0x2a d:/devkitpro/devkitarm/bin/../lib/gcc/arm-none-eabi/10.2.0/../../../../arm-none-eabi/lib/thumb\libg.a(lib_a-strlen-stub.o)
 .ARM.attributes
                0x00000000000006e0       0x2a d:/devkitpro/devkitarm/bin/../lib/gcc/arm-none-eabi/10.2.0/../../../../arm-none-eabi/lib/thumb\libg.a(lib_a-svfiscanf.o)
 .ARM.attributes
                0x000000000000070a       0x2a d:/devkitpro/devkitarm/bin/../lib/gcc/arm-none-eabi/10.2.0/../../../../arm-none-eabi/lib/thumb\libg.a(lib_a-ungetc.o)
 .ARM.attributes
                0x0000000000000734       0x2a d:/devkitpro/devkitarm/bin/../lib/gcc/arm-none-eabi/10.2.0/../../../../arm-none-eabi/lib/thumb\libg.a(lib_a-vfiprintf.o)
 .ARM.attributes
                0x000000000000075e       0x2a d:/devkitpro/devkitarm/bin/../lib/gcc/arm-none-eabi/10.2.0/../../../../arm-none-eabi/lib/thumb\libg.a(lib_a-wcrtomb.o)
 .ARM.attributes
                0x0000000000000788       0x2a d:/devkitpro/devkitarm/bin/../lib/gcc/arm-none-eabi/10.2.0/../../../../arm-none-eabi/lib/thumb\libg.a(lib_a-wcsrtombs.o)
 .ARM.attributes
                0x00000000000007b2       0x2a d:/devkitpro/devkitarm/bin/../lib/gcc/arm-none-eabi/10.2.0/../../../../arm-none-eabi/lib/thumb\libg.a(lib_a-wsetup.o)
 .ARM.attributes
                0x00000000000007dc       0x2a d:/devkitpro/devkitarm/bin/../lib/gcc/arm-none-eabi/10.2.0/../../../../arm-none-eabi/lib/thumb\libg.a(lib_a-ctype_.o)
 .ARM.attributes
                0x0000000000000806       0x2a d:/devkitpro/devkitarm/bin/../lib/gcc/arm-none-eabi/10.2.0/../../../../arm-none-eabi/lib/thumb\libg.a(lib_a-fflush.o)
 .ARM.attributes
                0x0000000000000830       0x2a d:/devkitpro/devkitarm/bin/../lib/gcc/arm-none-eabi/10.2.0/../../../../arm-none-eabi/lib/thumb\libg.a(lib_a-findfp.o)
 .ARM.attributes
                0x000000000000085a       0x2a d:/devkitpro/devkitarm/bin/../lib/gcc/arm-none-eabi/10.2.0/../../../../arm-none-eabi/lib/thumb\libg.a(lib_a-freer.o)
 .ARM.attributes
                0x0000000000000884       0x2a d:/devkitpro/devkitarm/bin/../lib/gcc/arm-none-eabi/10.2.0/../../../../arm-none-eabi/lib/thumb\libg.a(lib_a-fvwrite.o)
 .ARM.attributes
                0x00000000000008ae       0x2a d:/devkitpro/devkitarm/bin/../lib/gcc/arm-none-eabi/10.2.0/../../../../arm-none-eabi/lib/thumb\libg.a(lib_a-fwalk.o)
 .ARM.attributes
                0x00000000000008d8       0x30 d:/devkitpro/devkitarm/bin/../lib/gcc/arm-none-eabi/10.2.0/../../../../arm-none-eabi/lib/thumb\libg.a(lib_a-impure.o)
 .ARM.attributes
                0x0000000000000908       0x2a d:/devkitpro/devkitarm/bin/../lib/gcc/arm-none-eabi/10.2.0/../../../../arm-none-eabi/lib/thumb\libg.a(lib_a-iswspace.o)
 .ARM.attributes
                0x0000000000000932       0x2a d:/devkitpro/devkitarm/bin/../lib/gcc/arm-none-eabi/10.2.0/../../../../arm-none-eabi/lib/thumb\libg.a(lib_a-localeconv.o)
 .ARM.attributes
                0x000000000000095c       0x2a d:/devkitpro/devkitarm/bin/../lib/gcc/arm-none-eabi/10.2.0/../../../../arm-none-eabi/lib/thumb\libg.a(lib_a-locale.o)
 .ARM.attributes
                0x0000000000000986       0x2a d:/devkitpro/devkitarm/bin/../lib/gcc/arm-none-eabi/10.2.0/../../../../arm-none-eabi/lib/thumb\libg.a(lib_a-makebuf.o)
 .ARM.attributes
                0x00000000000009b0       0x2a d:/devkitpro/devkitarm/bin/../lib/gcc/arm-none-eabi/10.2.0/../../../../arm-none-eabi/lib/thumb\libg.a(lib_a-mbrtowc.o)
 .ARM.attributes
                0x00000000000009da       0x2a d:/devkitpro/devkitarm/bin/../lib/gcc/arm-none-eabi/10.2.0/../../../../arm-none-eabi/lib/thumb\libg.a(lib_a-mbtowc_r.o)
 .ARM.attributes
                0x0000000000000a04       0x2a d:/devkitpro/devkitarm/bin/../lib/gcc/arm-none-eabi/10.2.0/../../../../arm-none-eabi/lib/thumb\libg.a(lib_a-memchr-stub.o)
 .ARM.attributes
                0x0000000000000a2e       0x2a d:/devkitpro/devkitarm/bin/../lib/gcc/arm-none-eabi/10.2.0/../../../../arm-none-eabi/lib/thumb\libg.a(lib_a-memmove.o)
 .ARM.attributes
                0x0000000000000a58       0x2a d:/devkitpro/devkitarm/bin/../lib/gcc/arm-none-eabi/10.2.0/../../../../arm-none-eabi/lib/thumb\libg.a(lib_a-sccl.o)
 .ARM.attributes
                0x0000000000000a82       0x1a d:/devkitpro/devkitarm/bin/../lib/gcc/arm-none-eabi/10.2.0/../../../../arm-none-eabi/lib/thumb\libg.a(lib_a-strcmp.o)
 .ARM.attributes
                0x0000000000000a9c       0x2a d:/devkitpro/devkitarm/bin/../lib/gcc/arm-none-eabi/10.2.0/../../../../arm-none-eabi/lib/thumb\libg.a(lib_a-strncpy.o)
 .ARM.attributes
                0x0000000000000ac6       0x2a d:/devkitpro/devkitarm/bin/../lib/gcc/arm-none-eabi/10.2.0/../../../../arm-none-eabi/lib/thumb\libg.a(lib_a-strtoll.o)
 .ARM.attributes
                0x0000000000000af0       0x2a d:/devkitpro/devkitarm/bin/../lib/gcc/arm-none-eabi/10.2.0/../../../../arm-none-eabi/lib/thumb\libg.a(lib_a-strtol.o)
 .ARM.attributes
                0x0000000000000b1a       0x2a d:/devkitpro/devkitarm/bin/../lib/gcc/arm-none-eabi/10.2.0/../../../../arm-none-eabi/lib/thumb\libg.a(lib_a-strtoull.o)
 .ARM.attributes
                0x0000000000000b44       0x2a d:/devkitpro/devkitarm/bin/../lib/gcc/arm-none-eabi/10.2.0/../../../../arm-none-eabi/lib/thumb\libg.a(lib_a-strtoul.o)
 .ARM.attributes
                0x0000000000000b6e       0x2a d:/devkitpro/devkitarm/bin/../lib/gcc/arm-none-eabi/10.2.0/../../../../arm-none-eabi/lib/thumb\libg.a(lib_a-svfiprintf.o)
 .ARM.attributes
                0x0000000000000b98       0x2a d:/devkitpro/devkitarm/bin/../lib/gcc/arm-none-eabi/10.2.0/../../../../arm-none-eabi/lib/thumb\libg.a(lib_a-wcsnrtombs.o)
 .ARM.attributes
                0x0000000000000bc2       0x2a d:/devkitpro/devkitarm/bin/../lib/gcc/arm-none-eabi/10.2.0/../../../../arm-none-eabi/lib/thumb\libg.a(lib_a-wctomb_r.o)
 .ARM.attributes
                0x0000000000000bec       0x2a d:/devkitpro/devkitarm/bin/../lib/gcc/arm-none-eabi/10.2.0/../../../../arm-none-eabi/lib/thumb\libg.a(lib_a-errno.o)
 .ARM.attributes
                0x0000000000000c16       0x2a d:/devkitpro/devkitarm/bin/../lib/gcc/arm-none-eabi/10.2.0/../../../../arm-none-eabi/lib/thumb\libg.a(lib_a-fclose.o)
 .ARM.attributes
                0x0000000000000c40       0x2a d:/devkitpro/devkitarm/bin/../lib/gcc/arm-none-eabi/10.2.0/../../../../arm-none-eabi/lib/thumb\libg.a(lib_a-iswspace_l.o)
 .ARM.attributes
                0x0000000000000c6a       0x2a d:/devkitpro/devkitarm/bin/../lib/gcc/arm-none-eabi/10.2.0/../../../../arm-none-eabi/lib/thumb\libg.a(lib_a-jp2uc.o)
 .ARM.attributes
                0x0000000000000c94       0x2a d:/devkitpro/devkitarm/bin/../lib/gcc/arm-none-eabi/10.2.0/../../../../arm-none-eabi/lib/thumb\libg.a(lib_a-categories.o)
 .ARM.attributes
                0x0000000000000cbe       0x2a d:/devkitpro/devkitarm/bin/../lib/gcc/arm-none-eabi/10.2.0/../../../../arm-none-eabi/lib/thumb\libsysbase.a(iosupport.o)
 .ARM.attributes
                0x0000000000000ce8       0x2a d:/devkitpro/devkitarm/bin/../lib/gcc/arm-none-eabi/10.2.0/../../../../arm-none-eabi/lib/thumb\libsysbase.a(fstat.o)
 .ARM.attributes
                0x0000000000000d12       0x2a d:/devkitpro/devkitarm/bin/../lib/gcc/arm-none-eabi/10.2.0/../../../../arm-none-eabi/lib/thumb\libsysbase.a(isatty.o)
 .ARM.attributes
                0x0000000000000d3c       0x2a d:/devkitpro/devkitarm/bin/../lib/gcc/arm-none-eabi/10.2.0/../../../../arm-none-eabi/lib/thumb\libsysbase.a(lseek.o)
 .ARM.attributes
                0x0000000000000d66       0x2a d:/devkitpro/devkitarm/bin/../lib/gcc/arm-none-eabi/10.2.0/../../../../arm-none-eabi/lib/thumb\libsysbase.a(read.o)
 .ARM.attributes
                0x0000000000000d90       0x2a d:/devkitpro/devkitarm/bin/../lib/gcc/arm-none-eabi/10.2.0/../../../../arm-none-eabi/lib/thumb\libsysbase.a(sbrk.o)
 .ARM.attributes
                0x0000000000000dba       0x2a d:/devkitpro/devkitarm/bin/../lib/gcc/arm-none-eabi/10.2.0/../../../../arm-none-eabi/lib/thumb\libsysbase.a(write.o)
 .ARM.attributes
                0x0000000000000de4       0x30 d:/devkitpro/devkitarm/bin/../lib/gcc/arm-none-eabi/10.2.0/../../../../arm-none-eabi/lib/thumb\libsysbase.a(malloc_vars.o)
 .ARM.attributes
                0x0000000000000e14       0x2a d:/devkitpro/devkitarm/bin/../lib/gcc/arm-none-eabi/10.2.0/../../../../arm-none-eabi/lib/thumb\libsysbase.a(build_argv.o)
 .ARM.attributes
                0x0000000000000e3e       0x2a d:/devkitpro/devkitarm/bin/../lib/gcc/arm-none-eabi/10.2.0/../../../../arm-none-eabi/lib/thumb\libsysbase.a(flock.o)
 .ARM.attributes
                0x0000000000000e68       0x2a d:/devkitpro/devkitarm/bin/../lib/gcc/arm-none-eabi/10.2.0/../../../../arm-none-eabi/lib/thumb\libsysbase.a(syscall_support.o)
 .ARM.attributes
                0x0000000000000e92       0x2a d:/devkitpro/devkitarm/bin/../lib/gcc/arm-none-eabi/10.2.0/../../../../arm-none-eabi/lib/thumb\libsysbase.a(handle_manager.o)
 .ARM.attributes
                0x0000000000000ebc       0x2a d:/devkitpro/devkitarm/bin/../lib/gcc/arm-none-eabi/10.2.0/../../../../arm-none-eabi/lib/thumb\libsysbase.a(getreent.o)
 .ARM.attributes
                0x0000000000000ee6       0x1c d:/devkitpro/devkitarm/bin/../lib/gcc/arm-none-eabi/10.2.0/thumb\libgcc.a(_thumb1_case_uqi.o)
 .ARM.attributes
                0x0000000000000f02       0x1c d:/devkitpro/devkitarm/bin/../lib/gcc/arm-none-eabi/10.2.0/thumb\libgcc.a(_thumb1_case_uhi.o)
 .ARM.attributes
                0x0000000000000f1e       0x1c d:/devkitpro/devkitarm/bin/../lib/gcc/arm-none-eabi/10.2.0/thumb\libgcc.a(_udivsi3.o)
 .ARM.attributes
                0x0000000000000f3a       0x1c d:/devkitpro/devkitarm/bin/../lib/gcc/arm-none-eabi/10.2.0/thumb\libgcc.a(_aeabi_uldivmod.o)
 .ARM.attributes